Archive member included to satisfy reference by file (symbol)

/usr/lib/gcc/arm-none-eabi/7.3.1/../../../arm-none-eabi/lib/thumb/v7e-m/fpv4-sp/hard/libc_nano.a(lib_a-atexit.o)
                              /usr/lib/gcc/arm-none-eabi/7.3.1/../../../arm-none-eabi/lib/thumb/v7e-m/fpv4-sp/hard/crt0.o (atexit)
/usr/lib/gcc/arm-none-eabi/7.3.1/../../../arm-none-eabi/lib/thumb/v7e-m/fpv4-sp/hard/libc_nano.a(lib_a-exit.o)
                              /usr/lib/gcc/arm-none-eabi/7.3.1/../../../arm-none-eabi/lib/thumb/v7e-m/fpv4-sp/hard/crt0.o (exit)
/usr/lib/gcc/arm-none-eabi/7.3.1/../../../arm-none-eabi/lib/thumb/v7e-m/fpv4-sp/hard/libc_nano.a(lib_a-fini.o)
                              /usr/lib/gcc/arm-none-eabi/7.3.1/../../../arm-none-eabi/lib/thumb/v7e-m/fpv4-sp/hard/crt0.o (__libc_fini_array)
/usr/lib/gcc/arm-none-eabi/7.3.1/../../../arm-none-eabi/lib/thumb/v7e-m/fpv4-sp/hard/libc_nano.a(lib_a-impure.o)
                              /usr/lib/gcc/arm-none-eabi/7.3.1/../../../arm-none-eabi/lib/thumb/v7e-m/fpv4-sp/hard/libc_nano.a(lib_a-exit.o) (_global_impure_ptr)
/usr/lib/gcc/arm-none-eabi/7.3.1/../../../arm-none-eabi/lib/thumb/v7e-m/fpv4-sp/hard/libc_nano.a(lib_a-init.o)
                              /usr/lib/gcc/arm-none-eabi/7.3.1/../../../arm-none-eabi/lib/thumb/v7e-m/fpv4-sp/hard/crt0.o (__libc_init_array)
/usr/lib/gcc/arm-none-eabi/7.3.1/../../../arm-none-eabi/lib/thumb/v7e-m/fpv4-sp/hard/libc_nano.a(lib_a-memcmp.o)
                              build/ICM_20948_C.o (memcmp)
/usr/lib/gcc/arm-none-eabi/7.3.1/../../../arm-none-eabi/lib/thumb/v7e-m/fpv4-sp/hard/libc_nano.a(lib_a-memcpy.o)
                              build/ssd1306.o (memcpy)
/usr/lib/gcc/arm-none-eabi/7.3.1/../../../arm-none-eabi/lib/thumb/v7e-m/fpv4-sp/hard/libc_nano.a(lib_a-memmove.o)
                              build/ssd1306_tests.o (memmove)
/usr/lib/gcc/arm-none-eabi/7.3.1/../../../arm-none-eabi/lib/thumb/v7e-m/fpv4-sp/hard/libc_nano.a(lib_a-memset.o)
                              /usr/lib/gcc/arm-none-eabi/7.3.1/../../../arm-none-eabi/lib/thumb/v7e-m/fpv4-sp/hard/crt0.o (memset)
/usr/lib/gcc/arm-none-eabi/7.3.1/../../../arm-none-eabi/lib/thumb/v7e-m/fpv4-sp/hard/libc_nano.a(lib_a-nano-vfprintf_float.o)
                              (_printf_float)
/usr/lib/gcc/arm-none-eabi/7.3.1/../../../arm-none-eabi/lib/thumb/v7e-m/fpv4-sp/hard/libc_nano.a(lib_a-nano-vfprintf_i.o)
                              /usr/lib/gcc/arm-none-eabi/7.3.1/../../../arm-none-eabi/lib/thumb/v7e-m/fpv4-sp/hard/libc_nano.a(lib_a-nano-vfprintf_float.o) (_printf_common)
/usr/lib/gcc/arm-none-eabi/7.3.1/../../../arm-none-eabi/lib/thumb/v7e-m/fpv4-sp/hard/libc_nano.a(lib_a-snprintf.o)
                              build/ssd1306_tests.o (snprintf)
/usr/lib/gcc/arm-none-eabi/7.3.1/../../../arm-none-eabi/lib/thumb/v7e-m/fpv4-sp/hard/libc_nano.a(lib_a-sprintf.o)
                              build/main.o (sprintf)
/usr/lib/gcc/arm-none-eabi/7.3.1/../../../arm-none-eabi/lib/thumb/v7e-m/fpv4-sp/hard/libc_nano.a(lib_a-strlen.o)
                              build/main.o (strlen)
/usr/lib/gcc/arm-none-eabi/7.3.1/../../../arm-none-eabi/lib/thumb/v7e-m/fpv4-sp/hard/libc_nano.a(lib_a-strncmp.o)
                              build/lwgps.o (strncmp)
/usr/lib/gcc/arm-none-eabi/7.3.1/../../../arm-none-eabi/lib/thumb/v7e-m/fpv4-sp/hard/libc_nano.a(lib_a-strtod.o)
                              build/lwgps.o (strtod)
/usr/lib/gcc/arm-none-eabi/7.3.1/../../../arm-none-eabi/lib/thumb/v7e-m/fpv4-sp/hard/libc_nano.a(lib_a-vsnprintf.o)
                              build/main.o (vsnprintf)
/usr/lib/gcc/arm-none-eabi/7.3.1/../../../arm-none-eabi/lib/thumb/v7e-m/fpv4-sp/hard/libc_nano.a(lib_a-__atexit.o)
                              /usr/lib/gcc/arm-none-eabi/7.3.1/../../../arm-none-eabi/lib/thumb/v7e-m/fpv4-sp/hard/libc_nano.a(lib_a-atexit.o) (__register_exitproc)
/usr/lib/gcc/arm-none-eabi/7.3.1/../../../arm-none-eabi/lib/thumb/v7e-m/fpv4-sp/hard/libc_nano.a(lib_a-__call_atexit.o)
                              /usr/lib/gcc/arm-none-eabi/7.3.1/../../../arm-none-eabi/lib/thumb/v7e-m/fpv4-sp/hard/libc_nano.a(lib_a-__atexit.o) (__call_exitprocs)
/usr/lib/gcc/arm-none-eabi/7.3.1/../../../arm-none-eabi/lib/thumb/v7e-m/fpv4-sp/hard/libc_nano.a(lib_a-dtoa.o)
                              /usr/lib/gcc/arm-none-eabi/7.3.1/../../../arm-none-eabi/lib/thumb/v7e-m/fpv4-sp/hard/libc_nano.a(lib_a-nano-vfprintf_float.o) (_dtoa_r)
/usr/lib/gcc/arm-none-eabi/7.3.1/../../../arm-none-eabi/lib/thumb/v7e-m/fpv4-sp/hard/libc_nano.a(lib_a-gdtoa-gethex.o)
                              /usr/lib/gcc/arm-none-eabi/7.3.1/../../../arm-none-eabi/lib/thumb/v7e-m/fpv4-sp/hard/libc_nano.a(lib_a-strtod.o) (__gethex)
/usr/lib/gcc/arm-none-eabi/7.3.1/../../../arm-none-eabi/lib/thumb/v7e-m/fpv4-sp/hard/libc_nano.a(lib_a-gdtoa-hexnan.o)
                              /usr/lib/gcc/arm-none-eabi/7.3.1/../../../arm-none-eabi/lib/thumb/v7e-m/fpv4-sp/hard/libc_nano.a(lib_a-strtod.o) (__match)
[...]
Memory Configuration

Name             Origin             Length             Attributes
RAM              0x0000000020000000 0x0000000000020000 xrw
FLASH            0x0000000008000000 0x0000000000080000 xr
*default*        0x0000000000000000 0xffffffffffffffff

Linker script and memory map

LOAD /usr/lib/gcc/arm-none-eabi/7.3.1/thumb/v7e-m/fpv4-sp/hard/crti.o
LOAD /usr/lib/gcc/arm-none-eabi/7.3.1/thumb/v7e-m/fpv4-sp/hard/crtbegin.o
LOAD /usr/lib/gcc/arm-none-eabi/7.3.1/../../../arm-none-eabi/lib/thumb/v7e-m/fpv4-sp/hard/crt0.o
LOAD build/main.o
LOAD build/gpio.o
LOAD build/adc.o
LOAD build/dac.o
LOAD build/opamp.o
LOAD build/quadspi.o
LOAD build/spi.o
LOAD build/tim.o
LOAD build/stm32g4xx_it.o
LOAD build/stm32g4xx_hal_msp.o
LOAD build/user_diskio_spi.o
LOAD build/stm32g4xx_hal_adc.o
LOAD build/stm32g4xx_hal_adc_ex.o
LOAD build/stm32g4xx_ll_adc.o
LOAD build/stm32g4xx_hal.o
LOAD build/stm32g4xx_hal_rcc.o
LOAD build/stm32g4xx_hal_rcc_ex.o
LOAD build/stm32g4xx_hal_flash.o
LOAD build/stm32g4xx_hal_flash_ex.o
LOAD build/stm32g4xx_hal_flash_ramfunc.o
LOAD build/stm32g4xx_hal_gpio.o
LOAD build/stm32g4xx_hal_exti.o
LOAD build/stm32g4xx_hal_dma.o
LOAD build/stm32g4xx_hal_dma_ex.o
LOAD build/stm32g4xx_hal_pwr.o
LOAD build/stm32g4xx_hal_pwr_ex.o
LOAD build/stm32g4xx_hal_cortex.o
LOAD build/stm32g4xx_hal_dac.o
LOAD build/stm32g4xx_hal_dac_ex.o
LOAD build/stm32g4xx_hal_opamp.o
LOAD build/stm32g4xx_hal_opamp_ex.o
LOAD build/stm32g4xx_hal_qspi.o
LOAD build/stm32g4xx_hal_spi.o
LOAD build/stm32g4xx_hal_spi_ex.o
LOAD build/stm32g4xx_hal_tim.o
LOAD build/stm32g4xx_hal_tim_ex.o
LOAD build/stm32g4xx_hal_pcd.o
LOAD build/stm32g4xx_hal_pcd_ex.o
LOAD build/stm32g4xx_ll_usb.o
LOAD build/system_stm32g4xx.o
LOAD build/app_fatfs.o
LOAD build/user_diskio.o
LOAD build/diskio.o
LOAD build/ff.o
LOAD build/ff_gen_drv.o
LOAD build/syscall.o
LOAD build/usart.o
LOAD build/stm32g4xx_hal_uart.o
LOAD build/stm32g4xx_hal_uart_ex.o
LOAD build/i2c.o
LOAD build/stm32g4xx_hal_i2c.o
LOAD build/stm32g4xx_hal_i2c_ex.o
LOAD build/usb_device.o
LOAD build/usbd_desc.o
LOAD build/usbd_conf.o
LOAD build/usbd_core.o
LOAD build/usbd_ctlreq.o
LOAD build/usbd_ioreq.o
LOAD build/usbd_cdc_if.o
LOAD build/usbd_cdc.o
LOAD build/dma.o
LOAD build/ICM_20948_C.o
LOAD build/ssd1306.o
LOAD build/ssd1306_fonts.o
LOAD build/ssd1306_tests.o
LOAD build/ms5637.o
LOAD build/lwgps.o
LOAD build/lwrb.o
LOAD build/startup_stm32g484xx.o
LOAD /usr/lib/gcc/arm-none-eabi/7.3.1/../../../arm-none-eabi/lib/thumb/v7e-m/fpv4-sp/hard/libc_nano.a
LOAD /usr/lib/gcc/arm-none-eabi/7.3.1/../../../arm-none-eabi/lib/thumb/v7e-m/fpv4-sp/hard/libm.a
LOAD /usr/lib/gcc/arm-none-eabi/7.3.1/../../../arm-none-eabi/lib/thumb/v7e-m/fpv4-sp/hard/libnosys.a
START GROUP
LOAD /usr/lib/gcc/arm-none-eabi/7.3.1/thumb/v7e-m/fpv4-sp/hard/libgcc.a
LOAD /usr/lib/gcc/arm-none-eabi/7.3.1/../../../arm-none-eabi/lib/thumb/v7e-m/fpv4-sp/hard/libc_nano.a
END GROUP
START GROUP
LOAD /usr/lib/gcc/arm-none-eabi/7.3.1/thumb/v7e-m/fpv4-sp/hard/libgcc.a
LOAD /usr/lib/gcc/arm-none-eabi/7.3.1/../../../arm-none-eabi/lib/thumb/v7e-m/fpv4-sp/hard/libc_nano.a
END GROUP
LOAD /usr/lib/gcc/arm-none-eabi/7.3.1/thumb/v7e-m/fpv4-sp/hard/crtend.o
LOAD /usr/lib/gcc/arm-none-eabi/7.3.1/thumb/v7e-m/fpv4-sp/hard/crtn.o
                0x0000000020020000                _estack = 0x20020000
                0x0000000000000200                _Min_Heap_Size = 0x200
                0x0000000000000400                _Min_Stack_Size = 0x400

.isr_vector     0x0000000008000000      0x1d8
                0x0000000008000000                . = ALIGN (0x4)
 *(.isr_vector)
 .isr_vector    0x0000000008000000      0x1d8 build/startup_stm32g484xx.o
                0x0000000008000000                g_pfnVectors
                0x00000000080001d8                . = ALIGN (0x4)

.text           0x0000000008000200    0x144e0
                0x0000000008000200                . = ALIGN (0x4)
 *(.text)
 .text          0x0000000008000200       0x88 /usr/lib/gcc/arm-none-eabi/7.3.1/thumb/v7e-m/fpv4-sp/hard/crtbegin.o
 .text          0x0000000008000288       0x48 /usr/lib/gcc/arm-none-eabi/7.3.1/../../../arm-none-eabi/lib/thumb/v7e-m/fpv4-sp/hard/libc_nano.a(lib_a-init.o)
                0x0000000008000288                __libc_init_array
 .text          0x00000000080002d0       0x64 /usr/lib/gcc/arm-none-eabi/7.3.1/../../../arm-none-eabi/lib/thumb/v7e-m/fpv4-sp/hard/libc_nano.a(lib_a-memcmp.o)
                0x00000000080002d0                memcmp
 .text          0x0000000008000334      0x134 /usr/lib/gcc/arm-none-eabi/7.3.1/../../../arm-none-eabi/lib/thumb/v7e-m/fpv4-sp/hard/libc_nano.a(lib_a-memcpy.o)
                0x0000000008000334                memcpy
 .text          0x0000000008000468       0xc8 /usr/lib/gcc/arm-none-eabi/7.3.1/../../../arm-none-eabi/lib/thumb/v7e-m/fpv4-sp/hard/libc_nano.a(lib_a-memmove.o)
                0x0000000008000468                memmove
 .text          0x0000000008000530       0x94 /usr/lib/gcc/arm-none-eabi/7.3.1/../../../arm-none-eabi/lib/thumb/v7e-m/fpv4-sp/hard/libc_nano.a(lib_a-memset.o)
                0x0000000008000530                memset
 .text          0x00000000080005c4      0x6c4 /usr/lib/gcc/arm-none-eabi/7.3.1/../../../arm-none-eabi/lib/thumb/v7e-m/fpv4-sp/hard/libc_nano.a(lib_a-nano-vfprintf_float.o)
                0x00000000080005c4                __cvt
                0x00000000080006b0                __exponent
                0x000000000800073c                _printf_float
 .text          0x0000000008000c88      0x3a0 /usr/lib/gcc/arm-none-eabi/7.3.1/../../../arm-none-eabi/lib/thumb/v7e-m/fpv4-sp/hard/libc_nano.a(lib_a-nano-vfprintf_i.o)
                0x0000000008000c88                _printf_common
                0x0000000008000da4                _printf_i
 .text          0x0000000008001028       0x80 /usr/lib/gcc/arm-none-eabi/7.3.1/../../../arm-none-eabi/lib/thumb/v7e-m/fpv4-sp/hard/libc_nano.a(lib_a-sprintf.o)
                0x0000000008001028                _siprintf_r
                0x0000000008001028                _sprintf_r
                0x0000000008001064                sprintf
                0x0000000008001064                siprintf
 *fill*         0x00000000080010a8       0x18 
 .text          0x00000000080010c0       0xdc /usr/lib/gcc/arm-none-eabi/7.3.1/../../../arm-none-eabi/lib/thumb/v7e-m/fpv4-sp/hard/libc_nano.a(lib_a-strlen.o)
                0x00000000080010c0                strlen
 .text          0x000000000800119c       0x98 /usr/lib/gcc/arm-none-eabi/7.3.1/../../../arm-none-eabi/lib/thumb/v7e-m/fpv4-sp/hard/libc_nano.a(lib_a-strncmp.o)
                0x000000000800119c                strncmp
 *fill*         0x0000000008001234        0x4 
 .text          0x0000000008001238     0x1110 /usr/lib/gcc/arm-none-eabi/7.3.1/../../../arm-none-eabi/lib/thumb/v7e-m/fpv4-sp/hard/libc_nano.a(lib_a-strtod.o)
                0x0000000008001238                _strtod_l
                0x000000000800219c                _strtod_r
                0x00000000080021a8                strtod_l
                0x00000000080021c0                strtod
                0x00000000080021dc                strtof_l
                0x0000000008002290                strtof
 .text          0x0000000008002348       0x90 /usr/lib/gcc/arm-none-eabi/7.3.1/../../../arm-none-eabi/lib/thumb/v7e-m/fpv4-sp/hard/libc_nano.a(lib_a-vsnprintf.o)
                0x0000000008002348                _vsnprintf_r
                0x0000000008002348                _vsniprintf_r
                0x00000000080023b8                vsnprintf
                0x00000000080023b8                vsniprintf
 .text          0x00000000080023d8      0xf6c /usr/lib/gcc/arm-none-eabi/7.3.1/../../../arm-none-eabi/lib/thumb/v7e-m/fpv4-sp/hard/libc_nano.a(lib_a-dtoa.o)
                0x00000000080024fc                _dtoa_r
 .text          0x0000000008003344      0x5d0 /usr/lib/gcc/arm-none-eabi/7.3.1/../../../arm-none-eabi/lib/thumb/v7e-m/fpv4-sp/hard/libc_nano.a(lib_a-gdtoa-gethex.o)
                0x00000000080033f4                __gethex
 .text          0x0000000008003914      0x1d0 /usr/lib/gcc/arm-none-eabi/7.3.1/../../../arm-none-eabi/lib/thumb/v7e-m/fpv4-sp/hard/libc_nano.a(lib_a-gdtoa-hexnan.o)
                0x0000000008003914                __match
                0x0000000008003944                __hexnan
 .text          0x0000000008003ae4       0x14 /usr/lib/gcc/arm-none-eabi/7.3.1/../../../arm-none-eabi/lib/thumb/v7e-m/fpv4-sp/hard/libc_nano.a(lib_a-localeconv.o)
                0x0000000008003ae4                __localeconv_l
                0x0000000008003ae8                _localeconv_r
                0x0000000008003af0                localeconv
 .text          0x0000000008003af8       0x20 /usr/lib/gcc/arm-none-eabi/7.3.1/../../../arm-none-eabi/lib/thumb/v7e-m/fpv4-sp/hard/libc_nano.a(lib_a-malloc.o)
                0x0000000008003af8                malloc
                0x0000000008003b08                free
 .text          0x0000000008003b18       0x40 /usr/lib/gcc/arm-none-eabi/7.3.1/../../../arm-none-eabi/lib/thumb/v7e-m/fpv4-sp/hard/libc_nano.a(lib_a-mbtowc_r.o)
                0x0000000008003b18                _mbtowc_r
                0x0000000008003b2c                __ascii_mbtowc
 *fill*         0x0000000008003b58        0x8 
 .text          0x0000000008003b60       0xa0 /usr/lib/gcc/arm-none-eabi/7.3.1/../../../arm-none-eabi/lib/thumb/v7e-m/fpv4-sp/hard/libc_nano.a(lib_a-memchr.o)
                0x0000000008003b60                memchr
 .text          0x0000000008003c00      0x950 /usr/lib/gcc/arm-none-eabi/7.3.1/../../../arm-none-eabi/lib/thumb/v7e-m/fpv4-sp/hard/libc_nano.a(lib_a-mprec.o)
                0x0000000008003c00                _Balloc
                0x0000000008003c68                _Bfree
                0x0000000008003ca0                __multadd
                0x0000000008003d1c                __s2b
                0x0000000008003db4                __hi0bits
                0x0000000008003df4                __lo0bits
                0x0000000008003e54                __i2b
                0x0000000008003e68                __multiply
                0x0000000008003fb4                __pow5mult
                0x000000000800406c                __lshift
                0x0000000008004118                __mcmp
                0x0000000008004150                __mdiff
                0x000000000800423c                __ulp
                0x0000000008004290                __b2d
                0x000000000800434c                __d2b
                0x0000000008004410                __ratio
                0x0000000008004470                _mprec_log10
                0x00000000080044b0                __copybits
                0x00000000080044f8                __any_on
 .text          0x0000000008004550       0x1c /usr/lib/gcc/arm-none-eabi/7.3.1/../../../arm-none-eabi/lib/thumb/v7e-m/fpv4-sp/hard/libc_nano.a(lib_a-nano-callocr.o)
                0x0000000008004550                _calloc_r
 .text          0x000000000800456c       0xa8 /usr/lib/gcc/arm-none-eabi/7.3.1/../../../arm-none-eabi/lib/thumb/v7e-m/fpv4-sp/hard/libc_nano.a(lib_a-nano-freer.o)
                0x000000000800456c                _free_r
 .text          0x0000000008004614       0xc8 /usr/lib/gcc/arm-none-eabi/7.3.1/../../../arm-none-eabi/lib/thumb/v7e-m/fpv4-sp/hard/libc_nano.a(lib_a-nano-mallocr.o)
                0x0000000008004614                _malloc_r
 .text          0x00000000080046dc      0x430 /usr/lib/gcc/arm-none-eabi/7.3.1/../../../arm-none-eabi/lib/thumb/v7e-m/fpv4-sp/hard/libc_nano.a(lib_a-nano-svfprintf.o)
                0x00000000080046dc                __ssputs_r
                0x000000000800479c                __ssprint_r
                0x0000000008004890                _svfprintf_r
                0x0000000008004890                _svfiprintf_r
 *fill*         0x0000000008004b0c        0x4 
 .text          0x0000000008004b10       0x10 /usr/lib/gcc/arm-none-eabi/7.3.1/../../../arm-none-eabi/lib/thumb/v7e-m/fpv4-sp/hard/libc_nano.a(lib_a-s_nan.o)
                0x0000000008004b10                nan
 .text          0x0000000008004b20       0x24 /usr/lib/gcc/arm-none-eabi/7.3.1/../../../arm-none-eabi/lib/thumb/v7e-m/fpv4-sp/hard/libc_nano.a(lib_a-sbrkr.o)
                0x0000000008004b20                _sbrk_r
 .text          0x0000000008004b44        0xc /usr/lib/gcc/arm-none-eabi/7.3.1/../../../arm-none-eabi/lib/thumb/v7e-m/fpv4-sp/hard/libc_nano.a(lib_a-sf_nan.o)
                0x0000000008004b44                nanf
 .text          0x0000000008004b50       0x30 /usr/lib/gcc/arm-none-eabi/7.3.1/../../../arm-none-eabi/lib/thumb/v7e-m/fpv4-sp/hard/libc_nano.a(lib_a-wctomb_r.o)
                0x0000000008004b50                _wctomb_r
                0x0000000008004b64                __ascii_wctomb
 .text          0x0000000008004b80        0x8 /usr/lib/gcc/arm-none-eabi/7.3.1/../../../arm-none-eabi/lib/thumb/v7e-m/fpv4-sp/hard/libc_nano.a(lib_a-mlock.o)
                0x0000000008004b80                __malloc_lock
                0x0000000008004b84                __malloc_unlock
 .text          0x0000000008004b88       0x4c /usr/lib/gcc/arm-none-eabi/7.3.1/../../../arm-none-eabi/lib/thumb/v7e-m/fpv4-sp/hard/libc_nano.a(lib_a-nano-reallocr.o)
                0x0000000008004b88                _realloc_r
 .text          0x0000000008004bd4       0x10 /usr/lib/gcc/arm-none-eabi/7.3.1/../../../arm-none-eabi/lib/thumb/v7e-m/fpv4-sp/hard/libc_nano.a(lib_a-nano-msizer.o)
                0x0000000008004bd4                _malloc_usable_size_r
 .text          0x0000000008004be4      0x100 /usr/lib/gcc/arm-none-eabi/7.3.1/../../../arm-none-eabi/lib/thumb/v7e-m/fpv4-sp/hard/libm.a(lib_a-w_log.o)
                0x0000000008004be4                log
 *fill*         0x0000000008004ce4        0x4 
 .text          0x0000000008004ce8      0x3b4 /usr/lib/gcc/arm-none-eabi/7.3.1/../../../arm-none-eabi/lib/thumb/v7e-m/fpv4-sp/hard/libm.a(lib_a-e_log.o)
                0x0000000008004ce8                __ieee754_log
 .text          0x000000000800509c        0x4 /usr/lib/gcc/arm-none-eabi/7.3.1/../../../arm-none-eabi/lib/thumb/v7e-m/fpv4-sp/hard/libm.a(lib_a-s_matherr.o)
                0x000000000800509c                matherr
 .text          0x00000000080050a0       0x1c /usr/lib/gcc/arm-none-eabi/7.3.1/../../../arm-none-eabi/lib/thumb/v7e-m/fpv4-sp/hard/libnosys.a(sbrk.o)
                0x00000000080050a0                _sbrk
 .text          0x00000000080050bc      0x378 /usr/lib/gcc/arm-none-eabi/7.3.1/thumb/v7e-m/fpv4-sp/hard/libgcc.a(_arm_addsubdf3.o)
                0x00000000080050bc                __aeabi_drsub
                0x00000000080050c4                __aeabi_dsub
                0x00000000080050c4                __subdf3
                0x00000000080050c8                __adddf3
                0x00000000080050c8                __aeabi_dadd
                0x0000000008005340                __aeabi_ui2d
                0x0000000008005340                __floatunsidf
                0x0000000008005360                __floatsidf
                0x0000000008005360                __aeabi_i2d
                0x0000000008005384                __extendsfdf2
                0x0000000008005384                __aeabi_f2d
                0x00000000080053c8                __aeabi_ul2d
                0x00000000080053c8                __floatundidf
                0x00000000080053d8                __floatdidf
                0x00000000080053d8                __aeabi_l2d
 .text          0x0000000008005434      0x424 /usr/lib/gcc/arm-none-eabi/7.3.1/thumb/v7e-m/fpv4-sp/hard/libgcc.a(_arm_muldivdf3.o)
                0x0000000008005434                __aeabi_dmul
                0x0000000008005434                __muldf3
                0x0000000008005688                __aeabi_ddiv
                0x0000000008005688                __divdf3
 .text          0x0000000008005858      0x110 /usr/lib/gcc/arm-none-eabi/7.3.1/thumb/v7e-m/fpv4-sp/hard/libgcc.a(_arm_cmpdf2.o)
                0x0000000008005858                __gtdf2
                0x0000000008005858                __gedf2
                0x0000000008005860                __ltdf2
                0x0000000008005860                __ledf2
                0x0000000008005868                __cmpdf2
                0x0000000008005868                __eqdf2
                0x0000000008005868                __nedf2
                0x00000000080058e4                __aeabi_cdrcmple
                0x00000000080058f4                __aeabi_cdcmple
                0x00000000080058f4                __aeabi_cdcmpeq
                0x0000000008005904                __aeabi_dcmpeq
                0x0000000008005918                __aeabi_dcmplt
                0x000000000800592c                __aeabi_dcmple
                0x0000000008005940                __aeabi_dcmpge
                0x0000000008005954                __aeabi_dcmpgt
 .text          0x0000000008005968       0x2c /usr/lib/gcc/arm-none-eabi/7.3.1/thumb/v7e-m/fpv4-sp/hard/libgcc.a(_arm_unorddf2.o)
                0x0000000008005968                __aeabi_dcmpun
                0x0000000008005968                __unorddf2
 .text          0x0000000008005994       0x50 /usr/lib/gcc/arm-none-eabi/7.3.1/thumb/v7e-m/fpv4-sp/hard/libgcc.a(_arm_fixdfsi.o)
                0x0000000008005994                __fixdfsi
                0x0000000008005994                __aeabi_d2iz
 .text          0x00000000080059e4       0x40 /usr/lib/gcc/arm-none-eabi/7.3.1/thumb/v7e-m/fpv4-sp/hard/libgcc.a(_arm_fixunsdfsi.o)
                0x00000000080059e4                __fixunsdfsi
                0x00000000080059e4                __aeabi_d2uiz
 .text          0x0000000008005a24       0xa0 /usr/lib/gcc/arm-none-eabi/7.3.1/thumb/v7e-m/fpv4-sp/hard/libgcc.a(_arm_truncdfsf2.o)
                0x0000000008005a24                __aeabi_d2f
                0x0000000008005a24                __truncdfsf2
 .text          0x0000000008005ac4      0x21c /usr/lib/gcc/arm-none-eabi/7.3.1/thumb/v7e-m/fpv4-sp/hard/libgcc.a(_arm_addsubsf3.o)
                0x0000000008005ac4                __aeabi_frsub
                0x0000000008005acc                __subsf3
                0x0000000008005acc                __aeabi_fsub
                0x0000000008005ad0                __aeabi_fadd
                0x0000000008005ad0                __addsf3
                0x0000000008005c30                __aeabi_ui2f
                0x0000000008005c30                __floatunsisf
                0x0000000008005c38                __aeabi_i2f
                0x0000000008005c38                __floatsisf
                0x0000000008005c54                __floatundisf
                0x0000000008005c54                __aeabi_ul2f
                0x0000000008005c64                __floatdisf
                0x0000000008005c64                __aeabi_l2f
 .text          0x0000000008005ce0       0x30 /usr/lib/gcc/arm-none-eabi/7.3.1/thumb/v7e-m/fpv4-sp/hard/libgcc.a(_aeabi_uldivmod.o)
                0x0000000008005ce0                __aeabi_uldivmod
 .text          0x0000000008005d10       0x30 /usr/lib/gcc/arm-none-eabi/7.3.1/thumb/v7e-m/fpv4-sp/hard/libgcc.a(_fixdfdi.o)
                0x0000000008005d10                __aeabi_d2lz
                0x0000000008005d10                __fixdfdi
 .text          0x0000000008005d40       0x44 /usr/lib/gcc/arm-none-eabi/7.3.1/thumb/v7e-m/fpv4-sp/hard/libgcc.a(_fixunsdfdi.o)
                0x0000000008005d40                __aeabi_d2ulz
                0x0000000008005d40                __fixunsdfdi
 .text          0x0000000008005d84      0x2cc /usr/lib/gcc/arm-none-eabi/7.3.1/thumb/v7e-m/fpv4-sp/hard/libgcc.a(_udivmoddi4.o)
                0x0000000008005d84                __udivmoddi4
 .text          0x0000000008006050        0x4 /usr/lib/gcc/arm-none-eabi/7.3.1/thumb/v7e-m/fpv4-sp/hard/libgcc.a(_dvmd_tls.o)
                0x0000000008006050                __aeabi_ldiv0
                0x0000000008006050                __aeabi_idiv0
 .text          0x0000000008006054        0xc /usr/lib/gcc/arm-none-eabi/7.3.1/../../../arm-none-eabi/lib/thumb/v7e-m/fpv4-sp/hard/libc_nano.a(lib_a-errno.o)
                0x0000000008006054                __errno
 *(.text*)
 .text.my_write_spi
                0x0000000008006060       0x54 build/main.o
                0x0000000008006060                my_write_spi
 .text.my_read_spi
                0x00000000080060b4       0x54 build/main.o
                0x00000000080060b4                my_read_spi
 .text.myprintf
                0x0000000008006108       0x38 build/main.o
                0x0000000008006108                myprintf
 .text.UART_GPS_Callback
                0x0000000008006140       0x70 build/main.o
                0x0000000008006140                UART_GPS_Callback
 .text.timebase_callback
                0x00000000080061b0       0x78 build/main.o
                0x00000000080061b0                timebase_callback
 .text.Error_Handler
                0x0000000008006228        0x4 build/main.o
                0x0000000008006228                Error_Handler
 .text.SystemClock_Config
                0x000000000800622c       0xac build/main.o
                0x000000000800622c                SystemClock_Config
 .text.main     0x00000000080062d8     0x1478 build/main.o
                0x00000000080062d8                main
 .text.MX_GPIO_Init
                0x0000000008007750      0x140 build/gpio.o
                0x0000000008007750                MX_GPIO_Init
 .text.MX_ADC2_Init
                0x0000000008007890       0x88 build/adc.o
                0x0000000008007890                MX_ADC2_Init
 .text.MX_ADC5_Init
                0x0000000008007918       0x88 build/adc.o
                0x0000000008007918                MX_ADC5_Init
 .text.HAL_ADC_MspInit
                0x00000000080079a0       0x4c build/adc.o
                0x00000000080079a0                HAL_ADC_MspInit
 .text.MX_DAC3_Init
                0x00000000080079ec       0x58 build/dac.o
                0x00000000080079ec                MX_DAC3_Init
 .text.HAL_DAC_MspInit
                0x0000000008007a44       0x44 build/dac.o
                0x0000000008007a44                HAL_DAC_MspInit
 .text.MX_OPAMP2_Init
                0x0000000008007a88       0x3c build/opamp.o
                0x0000000008007a88                MX_OPAMP2_Init
 .text.MX_OPAMP4_Init
                0x0000000008007ac4       0x30 build/opamp.o
                0x0000000008007ac4                MX_OPAMP4_Init
 .text.HAL_OPAMP_MspInit
                0x0000000008007af4       0x98 build/opamp.o
                0x0000000008007af4                HAL_OPAMP_MspInit
 .text.MX_QUADSPI1_Init
                0x0000000008007b8c       0x34 build/quadspi.o
                0x0000000008007b8c                MX_QUADSPI1_Init
 .text.HAL_QSPI_MspInit
                0x0000000008007bc0       0xac build/quadspi.o
                0x0000000008007bc0                HAL_QSPI_MspInit
 .text.MX_SPI3_Init
                0x0000000008007c6c       0x4c build/spi.o
                0x0000000008007c6c                MX_SPI3_Init
 .text.HAL_SPI_MspInit
                0x0000000008007cb8      0x100 build/spi.o
                0x0000000008007cb8                HAL_SPI_MspInit
 .text.MX_TIM20_Init
                0x0000000008007db8       0xc0 build/tim.o
                0x0000000008007db8                MX_TIM20_Init
 .text.HAL_TIM_PWM_MspInit
                0x0000000008007e78       0x4c build/tim.o
                0x0000000008007e78                HAL_TIM_PWM_MspInit
 .text.HAL_TIM_OC_MspInit
                0x0000000008007ec4       0x2c build/tim.o
                0x0000000008007ec4                HAL_TIM_OC_MspInit
 .text.HAL_TIM_MspPostInit
                0x0000000008007ef0       0x88 build/tim.o
                0x0000000008007ef0                HAL_TIM_MspPostInit
 .text.MX_TIM1_Init
                0x0000000008007f78      0x108 build/tim.o
                0x0000000008007f78                MX_TIM1_Init
 .text.MX_TIM8_Init
                0x0000000008008080      0x108 build/tim.o
                0x0000000008008080                MX_TIM8_Init
 .text.NMI_Handler
                0x0000000008008188        0x2 build/stm32g4xx_it.o
                0x0000000008008188                NMI_Handler
 .text.HardFault_Handler
                0x000000000800818a        0x2 build/stm32g4xx_it.o
                0x000000000800818a                HardFault_Handler
 .text.MemManage_Handler
                0x000000000800818c        0x2 build/stm32g4xx_it.o
                0x000000000800818c                MemManage_Handler
 .text.BusFault_Handler
                0x000000000800818e        0x2 build/stm32g4xx_it.o
                0x000000000800818e                BusFault_Handler
 .text.UsageFault_Handler
                0x0000000008008190        0x2 build/stm32g4xx_it.o
                0x0000000008008190                UsageFault_Handler
 .text.SVC_Handler
                0x0000000008008192        0x2 build/stm32g4xx_it.o
                0x0000000008008192                SVC_Handler
 .text.DebugMon_Handler
                0x0000000008008194        0x2 build/stm32g4xx_it.o
                0x0000000008008194                DebugMon_Handler
 .text.PendSV_Handler
                0x0000000008008196        0x2 build/stm32g4xx_it.o
                0x0000000008008196                PendSV_Handler
 .text.SysTick_Handler
                0x0000000008008198        0xc build/stm32g4xx_it.o
                0x0000000008008198                SysTick_Handler
 .text.DMA1_Channel2_IRQHandler
                0x00000000080081a4       0x10 build/stm32g4xx_it.o
                0x00000000080081a4                DMA1_Channel2_IRQHandler
 .text.DMA1_Channel3_IRQHandler
                0x00000000080081b4       0x10 build/stm32g4xx_it.o
                0x00000000080081b4                DMA1_Channel3_IRQHandler
 .text.USB_LP_IRQHandler
                0x00000000080081c4       0x10 build/stm32g4xx_it.o
                0x00000000080081c4                USB_LP_IRQHandler
 .text.USART1_IRQHandler
                0x00000000080081d4       0x14 build/stm32g4xx_it.o
                0x00000000080081d4                USART1_IRQHandler
 .text.TIM6_DAC_IRQHandler
                0x00000000080081e8       0x10 build/stm32g4xx_it.o
                0x00000000080081e8                TIM6_DAC_IRQHandler
 .text.HAL_MspInit
                0x00000000080081f8       0x48 build/stm32g4xx_hal_msp.o
                0x00000000080081f8                HAL_MspInit
 .text.xchg_spi
                0x0000000008008240       0x2c build/user_diskio_spi.o
 .text.wait_ready
                0x000000000800826c       0x2a build/user_diskio_spi.o
 .text.rcvr_spi_multi
                0x0000000008008296       0x1a build/user_diskio_spi.o
 .text.xmit_spi_multi
                0x00000000080082b0       0x18 build/user_diskio_spi.o
 .text.xmit_datablock
                0x00000000080082c8       0x50 build/user_diskio_spi.o
 .text.despiselect
                0x0000000008008318       0x18 build/user_diskio_spi.o
 .text.spiselect
                0x0000000008008330       0x2e build/user_diskio_spi.o
 .text.send_cmd
                0x000000000800835e       0x8c build/user_diskio_spi.o
 *fill*         0x00000000080083ea        0x2 
 .text.SPI_Timer_On
                0x00000000080083ec       0x1c build/user_diskio_spi.o
                0x00000000080083ec                SPI_Timer_On
 .text.SPI_Timer_Status
                0x0000000008008408       0x24 build/user_diskio_spi.o
                0x0000000008008408                SPI_Timer_Status
 .text.rcvr_datablock
                0x000000000800842c       0x40 build/user_diskio_spi.o
 .text.USER_SPI_initialize
                0x000000000800846c      0x164 build/user_diskio_spi.o
                0x000000000800846c                USER_SPI_initialize
 .text.USER_SPI_status
                0x00000000080085d0       0x14 build/user_diskio_spi.o
                0x00000000080085d0                USER_SPI_status
 .text.USER_SPI_read
                0x00000000080085e4       0x8c build/user_diskio_spi.o
                0x00000000080085e4                USER_SPI_read
 .text.USER_SPI_write
                0x0000000008008670       0xb0 build/user_diskio_spi.o
                0x0000000008008670                USER_SPI_write
 .text.USER_SPI_ioctl
                0x0000000008008720      0x224 build/user_diskio_spi.o
                0x0000000008008720                USER_SPI_ioctl
 .text.HAL_ADC_Init
                0x0000000008008944      0x2cc build/stm32g4xx_hal_adc.o
                0x0000000008008944                HAL_ADC_Init
 .text.HAL_ADC_PollForConversion
                0x0000000008008c10      0x150 build/stm32g4xx_hal_adc.o
                0x0000000008008c10                HAL_ADC_PollForConversion
 .text.HAL_ADC_GetValue
                0x0000000008008d60        0x6 build/stm32g4xx_hal_adc.o
                0x0000000008008d60                HAL_ADC_GetValue
 *fill*         0x0000000008008d66        0x2 
 .text.HAL_ADC_ConfigChannel
                0x0000000008008d68      0x534 build/stm32g4xx_hal_adc.o
                0x0000000008008d68                HAL_ADC_ConfigChannel
 .text.ADC_Enable
                0x000000000800929c       0x98 build/stm32g4xx_hal_adc.o
                0x000000000800929c                ADC_Enable
 .text.HAL_ADC_Start
                0x0000000008009334      0x130 build/stm32g4xx_hal_adc.o
                0x0000000008009334                HAL_ADC_Start
 .text.HAL_InitTick
                0x0000000008009464       0x50 build/stm32g4xx_hal.o
                0x0000000008009464                HAL_InitTick
 .text.HAL_Init
                0x00000000080094b4       0x1e build/stm32g4xx_hal.o
                0x00000000080094b4                HAL_Init
 *fill*         0x00000000080094d2        0x2 
 .text.HAL_IncTick
                0x00000000080094d4       0x18 build/stm32g4xx_hal.o
                0x00000000080094d4                HAL_IncTick
 .text.HAL_GetTick
                0x00000000080094ec        0xc build/stm32g4xx_hal.o
                0x00000000080094ec                HAL_GetTick
 .text.HAL_Delay
                0x00000000080094f8       0x28 build/stm32g4xx_hal.o
                0x00000000080094f8                HAL_Delay
 .text.HAL_SYSCFG_VREFBUF_VoltageScalingConfig
                0x0000000008009520       0x14 build/stm32g4xx_hal.o
                0x0000000008009520                HAL_SYSCFG_VREFBUF_VoltageScalingConfig
 .text.HAL_SYSCFG_VREFBUF_HighImpedanceConfig
                0x0000000008009534       0x14 build/stm32g4xx_hal.o
                0x0000000008009534                HAL_SYSCFG_VREFBUF_HighImpedanceConfig
 .text.HAL_SYSCFG_EnableVREFBUF
                0x0000000008009548       0x34 build/stm32g4xx_hal.o
                0x0000000008009548                HAL_SYSCFG_EnableVREFBUF
 .text.RCC_GetSysClockFreqFromPLLSource
                0x000000000800957c       0x58 build/stm32g4xx_hal_rcc.o
 .text.HAL_RCC_OscConfig
                0x00000000080095d4      0x4e8 build/stm32g4xx_hal_rcc.o
                0x00000000080095d4                HAL_RCC_OscConfig
 .text.HAL_RCC_GetSysClockFreq
                0x0000000008009abc       0x88 build/stm32g4xx_hal_rcc.o
                0x0000000008009abc                HAL_RCC_GetSysClockFreq
 .text.HAL_RCC_ClockConfig
                0x0000000008009b44      0x1fc build/stm32g4xx_hal_rcc.o
                0x0000000008009b44                HAL_RCC_ClockConfig
 .text.HAL_RCC_GetHCLKFreq
                0x0000000008009d40        0xc build/stm32g4xx_hal_rcc.o
                0x0000000008009d40                HAL_RCC_GetHCLKFreq
 .text.HAL_RCC_GetPCLK1Freq
                0x0000000008009d4c       0x24 build/stm32g4xx_hal_rcc.o
                0x0000000008009d4c                HAL_RCC_GetPCLK1Freq
 .text.HAL_RCC_GetPCLK2Freq
                0x0000000008009d70       0x24 build/stm32g4xx_hal_rcc.o
                0x0000000008009d70                HAL_RCC_GetPCLK2Freq
 .text.HAL_RCCEx_PeriphCLKConfig
                0x0000000008009d94      0x378 build/stm32g4xx_hal_rcc_ex.o
                0x0000000008009d94                HAL_RCCEx_PeriphCLKConfig
 .text.HAL_GPIO_Init
                0x000000000800a10c      0x1a0 build/stm32g4xx_hal_gpio.o
                0x000000000800a10c                HAL_GPIO_Init
 .text.HAL_GPIO_ReadPin
                0x000000000800a2ac        0xe build/stm32g4xx_hal_gpio.o
                0x000000000800a2ac                HAL_GPIO_ReadPin
 .text.HAL_GPIO_WritePin
                0x000000000800a2ba        0xa build/stm32g4xx_hal_gpio.o
                0x000000000800a2ba                HAL_GPIO_WritePin
 .text.HAL_GPIO_TogglePin
                0x000000000800a2c4       0x12 build/stm32g4xx_hal_gpio.o
                0x000000000800a2c4                HAL_GPIO_TogglePin
 *fill*         0x000000000800a2d6        0x2 
 .text.DMA_CalcDMAMUXChannelBaseAndMask
                0x000000000800a2d8       0x48 build/stm32g4xx_hal_dma.o
 .text.DMA_CalcDMAMUXRequestGenBaseAndMask
                0x000000000800a320       0x28 build/stm32g4xx_hal_dma.o
 .text.HAL_DMA_Init
                0x000000000800a348       0xdc build/stm32g4xx_hal_dma.o
                0x000000000800a348                HAL_DMA_Init
 .text.HAL_DMA_Abort
                0x000000000800a424       0x6c build/stm32g4xx_hal_dma.o
                0x000000000800a424                HAL_DMA_Abort
 .text.HAL_DMA_Abort_IT
                0x000000000800a490       0x7e build/stm32g4xx_hal_dma.o
                0x000000000800a490                HAL_DMA_Abort_IT
 .text.HAL_DMA_IRQHandler
                0x000000000800a50e       0xc4 build/stm32g4xx_hal_dma.o
                0x000000000800a50e                HAL_DMA_IRQHandler
 .text.HAL_PWR_EnterSTOPMode
                0x000000000800a5d2       0x18 build/stm32g4xx_hal_pwr.o
                0x000000000800a5d2                HAL_PWR_EnterSTOPMode
 *fill*         0x000000000800a5ea        0x2 
 .text.HAL_PWREx_ControlVoltageScaling
                0x000000000800a5ec      0x10c build/stm32g4xx_hal_pwr_ex.o
                0x000000000800a5ec                HAL_PWREx_ControlVoltageScaling
 .text.HAL_PWREx_EnterSTOP0Mode
                0x000000000800a6f8       0x38 build/stm32g4xx_hal_pwr_ex.o
                0x000000000800a6f8                HAL_PWREx_EnterSTOP0Mode
 .text.HAL_PWREx_EnterSTOP1Mode
                0x000000000800a730       0x3c build/stm32g4xx_hal_pwr_ex.o
                0x000000000800a730                HAL_PWREx_EnterSTOP1Mode
 .text.HAL_PWREx_DisableUCPDDeadBattery
                0x000000000800a76c       0x10 build/stm32g4xx_hal_pwr_ex.o
                0x000000000800a76c                HAL_PWREx_DisableUCPDDeadBattery
 .text.HAL_NVIC_SetPriorityGrouping
                0x000000000800a77c       0x24 build/stm32g4xx_hal_cortex.o
                0x000000000800a77c                HAL_NVIC_SetPriorityGrouping
 .text.HAL_NVIC_SetPriority
                0x000000000800a7a0       0x68 build/stm32g4xx_hal_cortex.o
                0x000000000800a7a0                HAL_NVIC_SetPriority
 .text.HAL_NVIC_EnableIRQ
                0x000000000800a808       0x1c build/stm32g4xx_hal_cortex.o
                0x000000000800a808                HAL_NVIC_EnableIRQ
 .text.HAL_SYSTICK_Config
                0x000000000800a824       0x2c build/stm32g4xx_hal_cortex.o
                0x000000000800a824                HAL_SYSTICK_Config
 .text.HAL_DAC_Init
                0x000000000800a850       0x24 build/stm32g4xx_hal_dac.o
                0x000000000800a850                HAL_DAC_Init
 .text.HAL_DAC_DMAUnderrunCallbackCh1
                0x000000000800a874        0x2 build/stm32g4xx_hal_dac.o
                0x000000000800a874                HAL_DAC_DMAUnderrunCallbackCh1
 .text.HAL_DAC_IRQHandler
                0x000000000800a876       0x70 build/stm32g4xx_hal_dac.o
                0x000000000800a876                HAL_DAC_IRQHandler
 *fill*         0x000000000800a8e6        0x2 
 .text.HAL_DAC_ConfigChannel
                0x000000000800a8e8      0x200 build/stm32g4xx_hal_dac.o
                0x000000000800a8e8                HAL_DAC_ConfigChannel
 .text.HAL_DACEx_DMAUnderrunCallbackCh2
                0x000000000800aae8        0x2 build/stm32g4xx_hal_dac_ex.o
                0x000000000800aae8                HAL_DACEx_DMAUnderrunCallbackCh2
 *fill*         0x000000000800aaea        0x2 
 .text.HAL_OPAMP_Init
                0x000000000800aaec      0x12c build/stm32g4xx_hal_opamp.o
                0x000000000800aaec                HAL_OPAMP_Init
 .text.HAL_OPAMP_Start
                0x000000000800ac18       0x36 build/stm32g4xx_hal_opamp.o
                0x000000000800ac18                HAL_OPAMP_Start
 .text.QSPI_WaitFlagStateUntilTimeout
                0x000000000800ac4e       0x4c build/stm32g4xx_hal_qspi.o
 .text.HAL_QSPI_SetTimeout
                0x000000000800ac9a        0x4 build/stm32g4xx_hal_qspi.o
                0x000000000800ac9a                HAL_QSPI_SetTimeout
 *fill*         0x000000000800ac9e        0x2 
 .text.HAL_QSPI_Init
                0x000000000800aca0       0xc8 build/stm32g4xx_hal_qspi.o
                0x000000000800aca0                HAL_QSPI_Init
 .text.SPI_WaitFlagStateUntilTimeout
                0x000000000800ad68       0xd0 build/stm32g4xx_hal_spi.o
 .text.SPI_WaitFifoStateUntilTimeout
                0x000000000800ae38       0xe4 build/stm32g4xx_hal_spi.o
 .text.SPI_EndRxTxTransaction
                0x000000000800af1c       0x66 build/stm32g4xx_hal_spi.o
 .text.SPI_EndRxTransaction
                0x000000000800af82       0x88 build/stm32g4xx_hal_spi.o
 .text.HAL_SPI_Init
                0x000000000800b00a       0xe8 build/stm32g4xx_hal_spi.o
                0x000000000800b00a                HAL_SPI_Init
 .text.HAL_SPI_Transmit
                0x000000000800b0f2      0x1e6 build/stm32g4xx_hal_spi.o
                0x000000000800b0f2                HAL_SPI_Transmit
 .text.HAL_SPI_TransmitReceive
                0x000000000800b2d8      0x2ce build/stm32g4xx_hal_spi.o
                0x000000000800b2d8                HAL_SPI_TransmitReceive
 .text.HAL_SPI_Receive
                0x000000000800b5a6      0x19e build/stm32g4xx_hal_spi.o
                0x000000000800b5a6                HAL_SPI_Receive
 .text.TIM_OC1_SetConfig
                0x000000000800b744       0xac build/stm32g4xx_hal_tim.o
 .text.TIM_OC3_SetConfig
                0x000000000800b7f0       0x9c build/stm32g4xx_hal_tim.o
 .text.TIM_OC4_SetConfig
                0x000000000800b88c       0x9c build/stm32g4xx_hal_tim.o
 .text.TIM_OC5_SetConfig
                0x000000000800b928       0x70 build/stm32g4xx_hal_tim.o
 .text.TIM_OC6_SetConfig
                0x000000000800b998       0x74 build/stm32g4xx_hal_tim.o
 .text.TIM_Base_SetConfig
                0x000000000800ba0c       0xe0 build/stm32g4xx_hal_tim.o
                0x000000000800ba0c                TIM_Base_SetConfig
 .text.HAL_TIM_OC_Init
                0x000000000800baec       0x5e build/stm32g4xx_hal_tim.o
                0x000000000800baec                HAL_TIM_OC_Init
 .text.HAL_TIM_PWM_Init
                0x000000000800bb4a       0x5e build/stm32g4xx_hal_tim.o
                0x000000000800bb4a                HAL_TIM_PWM_Init
 .text.TIM_OC2_SetConfig
                0x000000000800bba8       0x9c build/stm32g4xx_hal_tim.o
                0x000000000800bba8                TIM_OC2_SetConfig
 .text.HAL_TIM_OC_ConfigChannel
                0x000000000800bc44       0x6a build/stm32g4xx_hal_tim.o
                0x000000000800bc44                HAL_TIM_OC_ConfigChannel
 .text.HAL_TIM_PWM_ConfigChannel
                0x000000000800bcae      0x128 build/stm32g4xx_hal_tim.o
                0x000000000800bcae                HAL_TIM_PWM_ConfigChannel
 *fill*         0x000000000800bdd6        0x2 
 .text.HAL_TIMEx_MasterConfigSynchronization
                0x000000000800bdd8       0xac build/stm32g4xx_hal_tim_ex.o
                0x000000000800bdd8                HAL_TIMEx_MasterConfigSynchronization
 .text.HAL_TIMEx_ConfigBreakDeadTime
                0x000000000800be84       0xd4 build/stm32g4xx_hal_tim_ex.o
                0x000000000800be84                HAL_TIMEx_ConfigBreakDeadTime
 .text.HAL_PCD_EP_DB_Receive
                0x000000000800bf58      0x10a build/stm32g4xx_hal_pcd.o
 .text.HAL_PCD_Init
                0x000000000800c062       0xda build/stm32g4xx_hal_pcd.o
                0x000000000800c062                HAL_PCD_Init
 .text.HAL_PCD_Start
                0x000000000800c13c       0x2a build/stm32g4xx_hal_pcd.o
                0x000000000800c13c                HAL_PCD_Start
 .text.HAL_PCD_EP_DB_Transmit
                0x000000000800c166      0x3d0 build/stm32g4xx_hal_pcd.o
 .text.PCD_EP_ISR_Handler
                0x000000000800c536      0x3fa build/stm32g4xx_hal_pcd.o
 .text.HAL_PCD_SetAddress
                0x000000000800c930       0x28 build/stm32g4xx_hal_pcd.o
                0x000000000800c930                HAL_PCD_SetAddress
 .text.HAL_PCD_IRQHandler
                0x000000000800c958      0x1d2 build/stm32g4xx_hal_pcd.o
                0x000000000800c958                HAL_PCD_IRQHandler
 .text.HAL_PCD_EP_Open
                0x000000000800cb2a       0x74 build/stm32g4xx_hal_pcd.o
                0x000000000800cb2a                HAL_PCD_EP_Open
 .text.HAL_PCD_EP_Close
                0x000000000800cb9e       0x62 build/stm32g4xx_hal_pcd.o
                0x000000000800cb9e                HAL_PCD_EP_Close
 .text.HAL_PCD_EP_Receive
                0x000000000800cc00       0x42 build/stm32g4xx_hal_pcd.o
                0x000000000800cc00                HAL_PCD_EP_Receive
 .text.HAL_PCD_EP_GetRxCount
                0x000000000800cc42       0x12 build/stm32g4xx_hal_pcd.o
                0x000000000800cc42                HAL_PCD_EP_GetRxCount
 .text.HAL_PCD_EP_Transmit
                0x000000000800cc54       0x4a build/stm32g4xx_hal_pcd.o
                0x000000000800cc54                HAL_PCD_EP_Transmit
 .text.HAL_PCD_EP_SetStall
                0x000000000800cc9e       0x68 build/stm32g4xx_hal_pcd.o
                0x000000000800cc9e                HAL_PCD_EP_SetStall
 .text.HAL_PCD_EP_ClrStall
                0x000000000800cd06       0x74 build/stm32g4xx_hal_pcd.o
                0x000000000800cd06                HAL_PCD_EP_ClrStall
 .text.HAL_PCDEx_PMAConfig
                0x000000000800cd7a       0x3e build/stm32g4xx_hal_pcd_ex.o
                0x000000000800cd7a                HAL_PCDEx_PMAConfig
 .text.HAL_PCDEx_ActivateLPM
                0x000000000800cdb8       0x28 build/stm32g4xx_hal_pcd_ex.o
                0x000000000800cdb8                HAL_PCDEx_ActivateLPM
 .text.USB_EnableGlobalInt
                0x000000000800cde0       0x12 build/stm32g4xx_ll_usb.o
                0x000000000800cde0                USB_EnableGlobalInt
 .text.USB_DisableGlobalInt
                0x000000000800cdf2       0x14 build/stm32g4xx_ll_usb.o
                0x000000000800cdf2                USB_DisableGlobalInt
 .text.USB_DevInit
                0x000000000800ce06       0x28 build/stm32g4xx_ll_usb.o
                0x000000000800ce06                USB_DevInit
 .text.USB_ActivateEndpoint
                0x000000000800ce2e      0x332 build/stm32g4xx_ll_usb.o
                0x000000000800ce2e                USB_ActivateEndpoint
 .text.USB_DeactivateEndpoint
                0x000000000800d160      0x1d6 build/stm32g4xx_ll_usb.o
                0x000000000800d160                USB_DeactivateEndpoint
 .text.USB_EPSetStall
                0x000000000800d336       0x4a build/stm32g4xx_ll_usb.o
                0x000000000800d336                USB_EPSetStall
 .text.USB_EPClearStall
                0x000000000800d380       0xa2 build/stm32g4xx_ll_usb.o
                0x000000000800d380                USB_EPClearStall
 .text.USB_SetDevAddress
                0x000000000800d422        0xc build/stm32g4xx_ll_usb.o
                0x000000000800d422                USB_SetDevAddress
 .text.USB_DevConnect
                0x000000000800d42e       0x10 build/stm32g4xx_ll_usb.o
                0x000000000800d42e                USB_DevConnect
 .text.USB_ReadInterrupts
                0x000000000800d43e        0x6 build/stm32g4xx_ll_usb.o
                0x000000000800d43e                USB_ReadInterrupts
 .text.USB_WritePMA
                0x000000000800d444       0x2a build/stm32g4xx_ll_usb.o
                0x000000000800d444                USB_WritePMA
 .text.USB_EPStartXfer
                0x000000000800d46e      0x824 build/stm32g4xx_ll_usb.o
                0x000000000800d46e                USB_EPStartXfer
 .text.USB_ReadPMA
                0x000000000800dc92       0x2e build/stm32g4xx_ll_usb.o
                0x000000000800dc92                USB_ReadPMA
 .text.SystemInit
                0x000000000800dcc0       0x1c build/system_stm32g4xx.o
                0x000000000800dcc0                SystemInit
 .text.MX_FATFS_Init
                0x000000000800dcdc       0x28 build/app_fatfs.o
                0x000000000800dcdc                MX_FATFS_Init
 .text.get_fattime
                0x000000000800dd04        0x4 build/app_fatfs.o
                0x000000000800dd04                get_fattime
 .text.USER_initialize
                0x000000000800dd08        0x8 build/user_diskio.o
                0x000000000800dd08                USER_initialize
 .text.USER_status
                0x000000000800dd10        0x8 build/user_diskio.o
                0x000000000800dd10                USER_status
 .text.USER_read
                0x000000000800dd18        0x8 build/user_diskio.o
                0x000000000800dd18                USER_read
 .text.USER_write
                0x000000000800dd20        0x8 build/user_diskio.o
                0x000000000800dd20                USER_write
 .text.USER_ioctl
                0x000000000800dd28        0x8 build/user_diskio.o
                0x000000000800dd28                USER_ioctl
 .text.disk_status
                0x000000000800dd30       0x18 build/diskio.o
                0x000000000800dd30                disk_status
 .text.disk_initialize
                0x000000000800dd48       0x28 build/diskio.o
                0x000000000800dd48                disk_initialize
 .text.disk_read
                0x000000000800dd70       0x18 build/diskio.o
                0x000000000800dd70                disk_read
 .text.disk_write
                0x000000000800dd88       0x18 build/diskio.o
                0x000000000800dd88                disk_write
 .text.disk_ioctl
                0x000000000800dda0       0x18 build/diskio.o
                0x000000000800dda0                disk_ioctl
 .text.ld_word  0x000000000800ddb8        0xa build/ff.o
 .text.ld_dword
                0x000000000800ddc2       0x16 build/ff.o
 .text.st_word  0x000000000800ddd8        0x8 build/ff.o
 .text.st_dword
                0x000000000800dde0       0x14 build/ff.o
 .text.mem_cpy  0x000000000800ddf4       0x12 build/ff.o
 .text.mem_set  0x000000000800de06        0xa build/ff.o
 .text.mem_cmp  0x000000000800de10       0x1e build/ff.o
 .text.chk_chr  0x000000000800de2e       0x10 build/ff.o
 *fill*         0x000000000800de3e        0x2 
 .text.chk_lock
                0x000000000800de40       0x74 build/ff.o
 .text.enq_lock
                0x000000000800deb4       0x20 build/ff.o
 .text.inc_lock
                0x000000000800ded4       0xa4 build/ff.o
 .text.dec_lock
                0x000000000800df78       0x40 build/ff.o
 .text.clear_lock
                0x000000000800dfb8       0x3c build/ff.o
 .text.clust2sect
                0x000000000800dff4       0x18 build/ff.o
 .text.clmt_clust
                0x000000000800e00c       0x22 build/ff.o
 .text.ld_clust
                0x000000000800e02e       0x26 build/ff.o
 .text.st_clust
                0x000000000800e054       0x26 build/ff.o
 *fill*         0x000000000800e07a        0x2 
 .text.create_name
                0x000000000800e07c       0xcc build/ff.o
 .text.get_ldnumber
                0x000000000800e148       0x54 build/ff.o
 .text.validate
                0x000000000800e19c       0x48 build/ff.o
 .text.sync_window
                0x000000000800e1e4       0x54 build/ff.o
 .text.move_window
                0x000000000800e238       0x34 build/ff.o
 .text.check_fs
                0x000000000800e26c       0x7c build/ff.o
 .text.find_volume
                0x000000000800e2e8      0x304 build/ff.o
 .text.put_fat  0x000000000800e5ec      0x10a build/ff.o
 .text.get_fat  0x000000000800e6f6       0xd0 build/ff.o
 .text.dir_sdi  0x000000000800e7c6       0xa2 build/ff.o
 .text.create_chain
                0x000000000800e868       0xc4 build/ff.o
 .text.remove_chain
                0x000000000800e92c       0x88 build/ff.o
 .text.dir_next
                0x000000000800e9b4      0x10c build/ff.o
 .text.dir_find
                0x000000000800eac0       0x5a build/ff.o
 .text.follow_path
                0x000000000800eb1a       0x8c build/ff.o
 .text.dir_alloc
                0x000000000800eba6       0x50 build/ff.o
 .text.dir_register
                0x000000000800ebf6       0x3e build/ff.o
 .text.sync_fs  0x000000000800ec34       0x8c build/ff.o
 .text.f_mount  0x000000000800ecc0       0x60 build/ff.o
                0x000000000800ecc0                f_mount
 .text.f_open   0x000000000800ed20      0x228 build/ff.o
                0x000000000800ed20                f_open
 .text.f_write  0x000000000800ef48      0x1c6 build/ff.o
                0x000000000800ef48                f_write
 .text.f_sync   0x000000000800f10e       0xa0 build/ff.o
                0x000000000800f10e                f_sync
 .text.f_close  0x000000000800f1ae       0x34 build/ff.o
                0x000000000800f1ae                f_close
 .text.f_getfree
                0x000000000800f1e2       0xe0 build/ff.o
                0x000000000800f1e2                f_getfree
 *fill*         0x000000000800f2c2        0x2 
 .text.FATFS_LinkDriverEx
                0x000000000800f2c4       0x48 build/ff_gen_drv.o
                0x000000000800f2c4                FATFS_LinkDriverEx
 .text.FATFS_LinkDriver
                0x000000000800f30c        0xa build/ff_gen_drv.o
                0x000000000800f30c                FATFS_LinkDriver
 *fill*         0x000000000800f316        0x2 
 .text.MX_UART5_Init
                0x000000000800f318       0x68 build/usart.o
                0x000000000800f318                MX_UART5_Init
 .text.MX_USART1_UART_Init
                0x000000000800f380       0x74 build/usart.o
                0x000000000800f380                MX_USART1_UART_Init
 .text.HAL_UART_MspInit
                0x000000000800f3f4       0xec build/usart.o
                0x000000000800f3f4                HAL_UART_MspInit
 .text.UART_EndRxTransfer
                0x000000000800f4e0       0x38 build/stm32g4xx_hal_uart.o
 .text.HAL_UART_TxCpltCallback
                0x000000000800f518        0x2 build/stm32g4xx_hal_uart.o
                0x000000000800f518                HAL_UART_TxCpltCallback
 .text.UART_EndTransmit_IT
                0x000000000800f51a       0x1c build/stm32g4xx_hal_uart.o
 .text.HAL_UART_ErrorCallback
                0x000000000800f536        0x2 build/stm32g4xx_hal_uart.o
                0x000000000800f536                HAL_UART_ErrorCallback
 .text.UART_DMAAbortOnError
                0x000000000800f538       0x14 build/stm32g4xx_hal_uart.o
 .text.HAL_UARTEx_RxEventCallback
                0x000000000800f54c        0x2 build/stm32g4xx_hal_uart.o
                0x000000000800f54c                HAL_UARTEx_RxEventCallback
 *fill*         0x000000000800f54e        0x2 
 .text.HAL_UART_IRQHandler
                0x000000000800f550      0x2cc build/stm32g4xx_hal_uart.o
                0x000000000800f550                HAL_UART_IRQHandler
 .text.UART_SetConfig
                0x000000000800f81c      0x384 build/stm32g4xx_hal_uart.o
                0x000000000800f81c                UART_SetConfig
 .text.UART_AdvFeatureConfig
                0x000000000800fba0       0xca build/stm32g4xx_hal_uart.o
                0x000000000800fba0                UART_AdvFeatureConfig
 .text.UART_WaitOnFlagUntilTimeout
                0x000000000800fc6a       0xa6 build/stm32g4xx_hal_uart.o
                0x000000000800fc6a                UART_WaitOnFlagUntilTimeout
 .text.UART_CheckIdleState
                0x000000000800fd10       0x74 build/stm32g4xx_hal_uart.o
                0x000000000800fd10                UART_CheckIdleState
 .text.HAL_UART_Init
                0x000000000800fd84       0x66 build/stm32g4xx_hal_uart.o
                0x000000000800fd84                HAL_UART_Init
 *fill*         0x000000000800fdea        0x2 
 .text.UARTEx_SetNbDataToProcess
                0x000000000800fdec       0x4c build/stm32g4xx_hal_uart_ex.o
 .text.HAL_UARTEx_WakeupCallback
                0x000000000800fe38        0x2 build/stm32g4xx_hal_uart_ex.o
                0x000000000800fe38                HAL_UARTEx_WakeupCallback
 .text.HAL_UARTEx_RxFifoFullCallback
                0x000000000800fe3a        0x2 build/stm32g4xx_hal_uart_ex.o
                0x000000000800fe3a                HAL_UARTEx_RxFifoFullCallback
 .text.HAL_UARTEx_TxFifoEmptyCallback
                0x000000000800fe3c        0x2 build/stm32g4xx_hal_uart_ex.o
                0x000000000800fe3c                HAL_UARTEx_TxFifoEmptyCallback
 .text.HAL_UARTEx_DisableFifoMode
                0x000000000800fe3e       0x3e build/stm32g4xx_hal_uart_ex.o
                0x000000000800fe3e                HAL_UARTEx_DisableFifoMode
 .text.HAL_UARTEx_SetTxFifoThreshold
                0x000000000800fe7c       0x4a build/stm32g4xx_hal_uart_ex.o
                0x000000000800fe7c                HAL_UARTEx_SetTxFifoThreshold
 .text.HAL_UARTEx_SetRxFifoThreshold
                0x000000000800fec6       0x4a build/stm32g4xx_hal_uart_ex.o
                0x000000000800fec6                HAL_UARTEx_SetRxFifoThreshold
 .text.MX_I2C2_Init
                0x000000000800ff10       0x5c build/i2c.o
                0x000000000800ff10                MX_I2C2_Init
 .text.HAL_I2C_MspInit
                0x000000000800ff6c       0x68 build/i2c.o
                0x000000000800ff6c                HAL_I2C_MspInit
 .text.I2C_Flush_TXDR
                0x000000000800ffd4       0x22 build/stm32g4xx_hal_i2c.o
 .text.I2C_TransferConfig
                0x000000000800fff6       0x36 build/stm32g4xx_hal_i2c.o
 .text.I2C_IsAcknowledgeFailed
                0x000000000801002c       0x90 build/stm32g4xx_hal_i2c.o
 .text.I2C_WaitOnTXISFlagUntilTimeout
                0x00000000080100bc       0x56 build/stm32g4xx_hal_i2c.o
 .text.I2C_WaitOnFlagUntilTimeout
                0x0000000008010112       0x52 build/stm32g4xx_hal_i2c.o
 .text.I2C_RequestMemoryWrite
                0x0000000008010164       0x70 build/stm32g4xx_hal_i2c.o
 .text.I2C_WaitOnSTOPFlagUntilTimeout
                0x00000000080101d4       0x50 build/stm32g4xx_hal_i2c.o
 .text.I2C_WaitOnRXNEFlagUntilTimeout
                0x0000000008010224       0x98 build/stm32g4xx_hal_i2c.o
 .text.HAL_I2C_Init
                0x00000000080102bc       0xbc build/stm32g4xx_hal_i2c.o
                0x00000000080102bc                HAL_I2C_Init
 .text.HAL_I2C_Master_Transmit
                0x0000000008010378      0x17c build/stm32g4xx_hal_i2c.o
                0x0000000008010378                HAL_I2C_Master_Transmit
 .text.HAL_I2C_Master_Receive
                0x00000000080104f4      0x17c build/stm32g4xx_hal_i2c.o
                0x00000000080104f4                HAL_I2C_Master_Receive
 .text.HAL_I2C_Mem_Write
                0x0000000008010670      0x1a4 build/stm32g4xx_hal_i2c.o
                0x0000000008010670                HAL_I2C_Mem_Write
 .text.HAL_I2CEx_ConfigAnalogFilter
                0x0000000008010814       0x5c build/stm32g4xx_hal_i2c_ex.o
                0x0000000008010814                HAL_I2CEx_ConfigAnalogFilter
 .text.HAL_I2CEx_ConfigDigitalFilter
                0x0000000008010870       0x58 build/stm32g4xx_hal_i2c_ex.o
                0x0000000008010870                HAL_I2CEx_ConfigDigitalFilter
 .text.MX_USB_Device_Init
                0x00000000080108c8       0x54 build/usb_device.o
                0x00000000080108c8                MX_USB_Device_Init
 .text.USBD_CDC_DeviceDescriptor
                0x000000000801091c        0xc build/usbd_desc.o
                0x000000000801091c                USBD_CDC_DeviceDescriptor
 .text.USBD_CDC_LangIDStrDescriptor
                0x0000000008010928        0xc build/usbd_desc.o
                0x0000000008010928                USBD_CDC_LangIDStrDescriptor
 .text.IntToUnicode
                0x0000000008010934       0x36 build/usbd_desc.o
 *fill*         0x000000000801096a        0x2 
 .text.Get_SerialNum
                0x000000000801096c       0x34 build/usbd_desc.o
 .text.USBD_CDC_SerialStrDescriptor
                0x00000000080109a0       0x14 build/usbd_desc.o
                0x00000000080109a0                USBD_CDC_SerialStrDescriptor
 .text.USBD_CDC_ProductStrDescriptor
                0x00000000080109b4       0x24 build/usbd_desc.o
                0x00000000080109b4                USBD_CDC_ProductStrDescriptor
 .text.USBD_CDC_ManufacturerStrDescriptor
                0x00000000080109d8       0x1c build/usbd_desc.o
                0x00000000080109d8                USBD_CDC_ManufacturerStrDescriptor
 .text.USBD_CDC_ConfigStrDescriptor
                0x00000000080109f4       0x24 build/usbd_desc.o
                0x00000000080109f4                USBD_CDC_ConfigStrDescriptor
 .text.USBD_CDC_InterfaceStrDescriptor
                0x0000000008010a18       0x24 build/usbd_desc.o
                0x0000000008010a18                USBD_CDC_InterfaceStrDescriptor
 .text.USBD_Get_USB_Status
                0x0000000008010a3c       0x12 build/usbd_conf.o
 .text.SystemClockConfig_Resume
                0x0000000008010a4e        0x8 build/usbd_conf.o
 *fill*         0x0000000008010a56        0x2 
 .text.HAL_PCD_MspInit
                0x0000000008010a58       0x40 build/usbd_conf.o
                0x0000000008010a58                HAL_PCD_MspInit
 .text.HAL_PCD_SetupStageCallback
                0x0000000008010a98       0x10 build/usbd_conf.o
                0x0000000008010a98                HAL_PCD_SetupStageCallback
 .text.HAL_PCD_DataOutStageCallback
                0x0000000008010aa8       0x18 build/usbd_conf.o
                0x0000000008010aa8                HAL_PCD_DataOutStageCallback
 .text.HAL_PCD_DataInStageCallback
                0x0000000008010ac0       0x16 build/usbd_conf.o
                0x0000000008010ac0                HAL_PCD_DataInStageCallback
 .text.HAL_PCD_SOFCallback
                0x0000000008010ad6        0xc build/usbd_conf.o
                0x0000000008010ad6                HAL_PCD_SOFCallback
 .text.HAL_PCD_ResetCallback
                0x0000000008010ae2       0x22 build/usbd_conf.o
                0x0000000008010ae2                HAL_PCD_ResetCallback
 .text.HAL_PCD_SuspendCallback
                0x0000000008010b04       0x20 build/usbd_conf.o
                0x0000000008010b04                HAL_PCD_SuspendCallback
 .text.HAL_PCD_ResumeCallback
                0x0000000008010b24       0x28 build/usbd_conf.o
                0x0000000008010b24                HAL_PCD_ResumeCallback
 .text.USBD_LL_Init
                0x0000000008010b4c       0x88 build/usbd_conf.o
                0x0000000008010b4c                USBD_LL_Init
 .text.USBD_LL_Start
                0x0000000008010bd4       0x10 build/usbd_conf.o
                0x0000000008010bd4                USBD_LL_Start
 .text.USBD_LL_OpenEP
                0x0000000008010be4       0x16 build/usbd_conf.o
                0x0000000008010be4                USBD_LL_OpenEP
 .text.USBD_LL_CloseEP
                0x0000000008010bfa       0x10 build/usbd_conf.o
                0x0000000008010bfa                USBD_LL_CloseEP
 .text.USBD_LL_StallEP
                0x0000000008010c0a       0x10 build/usbd_conf.o
                0x0000000008010c0a                USBD_LL_StallEP
 .text.USBD_LL_ClearStallEP
                0x0000000008010c1a       0x10 build/usbd_conf.o
                0x0000000008010c1a                USBD_LL_ClearStallEP
 .text.USBD_LL_IsStallEP
                0x0000000008010c2a       0x2e build/usbd_conf.o
                0x0000000008010c2a                USBD_LL_IsStallEP
 .text.USBD_LL_SetUSBAddress
                0x0000000008010c58       0x10 build/usbd_conf.o
                0x0000000008010c58                USBD_LL_SetUSBAddress
 .text.USBD_LL_Transmit
                0x0000000008010c68       0x10 build/usbd_conf.o
                0x0000000008010c68                USBD_LL_Transmit
 .text.USBD_LL_PrepareReceive
                0x0000000008010c78       0x10 build/usbd_conf.o
                0x0000000008010c78                USBD_LL_PrepareReceive
 .text.USBD_LL_GetRxDataSize
                0x0000000008010c88        0xc build/usbd_conf.o
                0x0000000008010c88                USBD_LL_GetRxDataSize
 .text.HAL_PCDEx_LPM_Callback
                0x0000000008010c94       0x48 build/usbd_conf.o
                0x0000000008010c94                HAL_PCDEx_LPM_Callback
 .text.USBD_static_malloc
                0x0000000008010cdc        0x8 build/usbd_conf.o
                0x0000000008010cdc                USBD_static_malloc
 .text.USBD_static_free
                0x0000000008010ce4        0x2 build/usbd_conf.o
                0x0000000008010ce4                USBD_static_free
 .text.USBD_Init
                0x0000000008010ce6       0x2e build/usbd_core.o
                0x0000000008010ce6                USBD_Init
 .text.USBD_RegisterClass
                0x0000000008010d14       0x2e build/usbd_core.o
                0x0000000008010d14                USBD_RegisterClass
 .text.USBD_Start
                0x0000000008010d42        0x8 build/usbd_core.o
                0x0000000008010d42                USBD_Start
 .text.USBD_SetClassConfig
                0x0000000008010d4a       0x12 build/usbd_core.o
                0x0000000008010d4a                USBD_SetClassConfig
 .text.USBD_ClrClassConfig
                0x0000000008010d5c       0x10 build/usbd_core.o
                0x0000000008010d5c                USBD_ClrClassConfig
 .text.USBD_LL_SetupStage
                0x0000000008010d6c       0x58 build/usbd_core.o
                0x0000000008010d6c                USBD_LL_SetupStage
 .text.USBD_LL_DataOutStage
                0x0000000008010dc4       0x76 build/usbd_core.o
                0x0000000008010dc4                USBD_LL_DataOutStage
 .text.USBD_LL_DataInStage
                0x0000000008010e3a       0xba build/usbd_core.o
                0x0000000008010e3a                USBD_LL_DataInStage
 .text.USBD_LL_Reset
                0x0000000008010ef4       0x5a build/usbd_core.o
                0x0000000008010ef4                USBD_LL_Reset
 .text.USBD_LL_SetSpeed
                0x0000000008010f4e        0x6 build/usbd_core.o
                0x0000000008010f4e                USBD_LL_SetSpeed
 .text.USBD_LL_Suspend
                0x0000000008010f54       0x14 build/usbd_core.o
                0x0000000008010f54                USBD_LL_Suspend
 .text.USBD_LL_Resume
                0x0000000008010f68       0x1a build/usbd_core.o
                0x0000000008010f68                USBD_LL_Resume
 .text.USBD_LL_SOF
                0x0000000008010f82       0x28 build/usbd_core.o
                0x0000000008010f82                USBD_LL_SOF
 .text.USBD_GetLen
                0x0000000008010faa       0x14 build/usbd_ctlreq.o
 .text.USBD_SetFeature
                0x0000000008010fbe       0x14 build/usbd_ctlreq.o
 .text.USBD_ParseSetupRequest
                0x0000000008010fd2       0x28 build/usbd_ctlreq.o
                0x0000000008010fd2                USBD_ParseSetupRequest
 .text.USBD_CtlError
                0x0000000008010ffa       0x14 build/usbd_ctlreq.o
                0x0000000008010ffa                USBD_CtlError
 .text.USBD_GetDescriptor
                0x000000000801100e      0x1ac build/usbd_ctlreq.o
 .text.USBD_SetAddress
                0x00000000080111ba       0x50 build/usbd_ctlreq.o
 *fill*         0x000000000801120a        0x2 
 .text.USBD_SetConfig
                0x000000000801120c       0xcc build/usbd_ctlreq.o
 .text.USBD_GetConfig
                0x00000000080112d8       0x40 build/usbd_ctlreq.o
 .text.USBD_GetStatus
                0x0000000008011318       0x38 build/usbd_ctlreq.o
 .text.USBD_ClrFeature
                0x0000000008011350       0x26 build/usbd_ctlreq.o
 .text.USBD_StdDevReq
                0x0000000008011376       0x76 build/usbd_ctlreq.o
                0x0000000008011376                USBD_StdDevReq
 .text.USBD_StdItfReq
                0x00000000080113ec       0x68 build/usbd_ctlreq.o
                0x00000000080113ec                USBD_StdItfReq
 .text.USBD_StdEPReq
                0x0000000008011454      0x206 build/usbd_ctlreq.o
                0x0000000008011454                USBD_StdEPReq
 .text.USBD_GetString
                0x000000000801165a       0x38 build/usbd_ctlreq.o
                0x000000000801165a                USBD_GetString
 .text.USBD_CtlSendData
                0x0000000008011692       0x1a build/usbd_ioreq.o
                0x0000000008011692                USBD_CtlSendData
 .text.USBD_CtlContinueSendData
                0x00000000080116ac       0x10 build/usbd_ioreq.o
                0x00000000080116ac                USBD_CtlContinueSendData
 .text.USBD_CtlPrepareRx
                0x00000000080116bc       0x1e build/usbd_ioreq.o
                0x00000000080116bc                USBD_CtlPrepareRx
 .text.USBD_CtlContinueRx
                0x00000000080116da       0x10 build/usbd_ioreq.o
                0x00000000080116da                USBD_CtlContinueRx
 .text.USBD_CtlSendStatus
                0x00000000080116ea       0x16 build/usbd_ioreq.o
                0x00000000080116ea                USBD_CtlSendStatus
 .text.USBD_CtlReceiveStatus
                0x0000000008011700       0x16 build/usbd_ioreq.o
                0x0000000008011700                USBD_CtlReceiveStatus
 .text.CDC_DeInit_FS
                0x0000000008011716        0x4 build/usbd_cdc_if.o
 .text.CDC_Control_FS
                0x000000000801171a        0x4 build/usbd_cdc_if.o
 .text.CDC_TransmitCplt_FS
                0x000000000801171e        0x4 build/usbd_cdc_if.o
 *fill*         0x0000000008011722        0x2 
 .text.CDC_Receive_FS
                0x0000000008011724       0x1c build/usbd_cdc_if.o
 .text.CDC_Init_FS
                0x0000000008011740       0x28 build/usbd_cdc_if.o
 .text.CDC_Transmit_FS
                0x0000000008011768       0x2c build/usbd_cdc_if.o
                0x0000000008011768                CDC_Transmit_FS
 .text.USBD_CDC_EP0_RxReady
                0x0000000008011794       0x36 build/usbd_cdc.o
 *fill*         0x00000000080117ca        0x2 
 .text.USBD_CDC_GetFSCfgDesc
                0x00000000080117cc        0xc build/usbd_cdc.o
 .text.USBD_CDC_GetHSCfgDesc
                0x00000000080117d8        0xc build/usbd_cdc.o
 .text.USBD_CDC_GetOtherSpeedCfgDesc
                0x00000000080117e4        0xc build/usbd_cdc.o
 .text.USBD_CDC_GetDeviceQualifierDescriptor
                0x00000000080117f0        0xc build/usbd_cdc.o
                0x00000000080117f0                USBD_CDC_GetDeviceQualifierDescriptor
 .text.USBD_CDC_DataOut
                0x00000000080117fc       0x2a build/usbd_cdc.o
 .text.USBD_CDC_DataIn
                0x0000000008011826       0x6a build/usbd_cdc.o
 .text.USBD_CDC_Setup
                0x0000000008011890       0xfc build/usbd_cdc.o
 .text.USBD_CDC_DeInit
                0x000000000801198c       0x48 build/usbd_cdc.o
 .text.USBD_CDC_Init
                0x00000000080119d4       0xc2 build/usbd_cdc.o
 .text.USBD_CDC_RegisterInterface
                0x0000000008011a96        0xe build/usbd_cdc.o
                0x0000000008011a96                USBD_CDC_RegisterInterface
 .text.USBD_CDC_SetTxBuffer
                0x0000000008011aa4       0x16 build/usbd_cdc.o
                0x0000000008011aa4                USBD_CDC_SetTxBuffer
 .text.USBD_CDC_SetRxBuffer
                0x0000000008011aba       0x12 build/usbd_cdc.o
                0x0000000008011aba                USBD_CDC_SetRxBuffer
 .text.USBD_CDC_TransmitPacket
                0x0000000008011acc       0x34 build/usbd_cdc.o
                0x0000000008011acc                USBD_CDC_TransmitPacket
 .text.USBD_CDC_ReceivePacket
                0x0000000008011b00       0x32 build/usbd_cdc.o
                0x0000000008011b00                USBD_CDC_ReceivePacket
 *fill*         0x0000000008011b32        0x2 
 .text.MX_DMA_Init
                0x0000000008011b34       0x54 build/dma.o
                0x0000000008011b34                MX_DMA_Init
 .text.sensor_type_2_android_sensor
                0x0000000008011b88       0x70 build/ICM_20948_C.o
 .text.ICM_20948_link_serif
                0x0000000008011bf8       0x12 build/ICM_20948_C.o
                0x0000000008011bf8                ICM_20948_link_serif
 .text.ICM_20948_execute_w
                0x0000000008011c0a       0x1a build/ICM_20948_C.o
                0x0000000008011c0a                ICM_20948_execute_w
 .text.ICM_20948_execute_r
                0x0000000008011c24       0x1a build/ICM_20948_C.o
                0x0000000008011c24                ICM_20948_execute_r
 .text.ICM_20948_set_bank
                0x0000000008011c3e       0x32 build/ICM_20948_C.o
                0x0000000008011c3e                ICM_20948_set_bank
 .text.ICM_20948_i2c_controller_periph4_txn
                0x0000000008011c70      0x142 build/ICM_20948_C.o
                0x0000000008011c70                ICM_20948_i2c_controller_periph4_txn
 .text.ICM_20948_i2c_master_single_w
                0x0000000008011db2       0x16 build/ICM_20948_C.o
                0x0000000008011db2                ICM_20948_i2c_master_single_w
 .text.ICM_20948_i2c_master_single_r
                0x0000000008011dc8       0x14 build/ICM_20948_C.o
                0x0000000008011dc8                ICM_20948_i2c_master_single_r
 .text.ICM_20948_sw_reset
                0x0000000008011ddc       0x3e build/ICM_20948_C.o
                0x0000000008011ddc                ICM_20948_sw_reset
 .text.ICM_20948_sleep
                0x0000000008011e1a       0x4e build/ICM_20948_C.o
                0x0000000008011e1a                ICM_20948_sleep
 .text.ICM_20948_low_power
                0x0000000008011e68       0x4e build/ICM_20948_C.o
                0x0000000008011e68                ICM_20948_low_power
 .text.ICM_20948_set_clock_source
                0x0000000008011eb6       0x40 build/ICM_20948_C.o
                0x0000000008011eb6                ICM_20948_set_clock_source
 .text.ICM_20948_get_who_am_i
                0x0000000008011ef6       0x20 build/ICM_20948_C.o
                0x0000000008011ef6                ICM_20948_get_who_am_i
 .text.ICM_20948_check_id
                0x0000000008011f16       0x28 build/ICM_20948_C.o
                0x0000000008011f16                ICM_20948_check_id
 .text.ICM_20948_int_enable
                0x0000000008011f3e      0x1ce build/ICM_20948_C.o
                0x0000000008011f3e                ICM_20948_int_enable
 .text.ICM_20948_set_sample_mode
                0x000000000801210c       0x7e build/ICM_20948_C.o
                0x000000000801210c                ICM_20948_set_sample_mode
 .text.ICM_20948_set_full_scale
                0x000000000801218a       0x9c build/ICM_20948_C.o
                0x000000000801218a                ICM_20948_set_full_scale
 .text.ICM_20948_set_sample_rate
                0x0000000008012226       0x8a build/ICM_20948_C.o
                0x0000000008012226                ICM_20948_set_sample_rate
 .text.ICM_20948_i2c_master_passthrough
                0x00000000080122b0       0x46 build/ICM_20948_C.o
                0x00000000080122b0                ICM_20948_i2c_master_passthrough
 .text.ICM_20948_i2c_master_enable
                0x00000000080122f6       0xaa build/ICM_20948_C.o
                0x00000000080122f6                ICM_20948_i2c_master_enable
 .text.ICM_20948_i2c_master_reset
                0x00000000080123a0       0x44 build/ICM_20948_C.o
                0x00000000080123a0                ICM_20948_i2c_master_reset
 .text.ICM_20948_i2c_controller_configure_peripheral
                0x00000000080123e4       0xe6 build/ICM_20948_C.o
                0x00000000080123e4                ICM_20948_i2c_controller_configure_peripheral
 .text.ICM_20948_enable_FIFO
                0x00000000080124ca       0x56 build/ICM_20948_C.o
                0x00000000080124ca                ICM_20948_enable_FIFO
 .text.ICM_20948_reset_FIFO
                0x0000000008012520       0x64 build/ICM_20948_C.o
                0x0000000008012520                ICM_20948_reset_FIFO
 .text.ICM_20948_get_FIFO_count
                0x0000000008012584       0x58 build/ICM_20948_C.o
                0x0000000008012584                ICM_20948_get_FIFO_count
 .text.ICM_20948_read_FIFO
                0x00000000080125dc       0x26 build/ICM_20948_C.o
                0x00000000080125dc                ICM_20948_read_FIFO
 .text.ICM_20948_enable_DMP
                0x0000000008012602       0x56 build/ICM_20948_C.o
                0x0000000008012602                ICM_20948_enable_DMP
 .text.ICM_20948_reset_DMP
                0x0000000008012658       0x44 build/ICM_20948_C.o
                0x0000000008012658                ICM_20948_reset_DMP
 .text.ICM_20948_set_dmp_start_address
                0x000000000801269c       0x3a build/ICM_20948_C.o
                0x000000000801269c                ICM_20948_set_dmp_start_address
 .text.inv_icm20948_write_mems
                0x00000000080126d6       0x90 build/ICM_20948_C.o
                0x00000000080126d6                inv_icm20948_write_mems
 .text.inv_icm20948_read_mems
                0x0000000008012766       0x90 build/ICM_20948_C.o
                0x0000000008012766                inv_icm20948_read_mems
 .text.inv_icm20948_firmware_load
                0x00000000080127f6       0xf0 build/ICM_20948_C.o
                0x00000000080127f6                inv_icm20948_firmware_load
 *fill*         0x00000000080128e6        0x2 
 .text.ICM_20948_firmware_load
                0x00000000080128e8       0x14 build/ICM_20948_C.o
                0x00000000080128e8                ICM_20948_firmware_load
 .text.inv_icm20948_set_dmp_sensor_period
                0x00000000080128fc      0x1c8 build/ICM_20948_C.o
                0x00000000080128fc                inv_icm20948_set_dmp_sensor_period
 .text.inv_icm20948_enable_dmp_sensor
                0x0000000008012ac4      0x1e4 build/ICM_20948_C.o
                0x0000000008012ac4                inv_icm20948_enable_dmp_sensor
 .text.inv_icm20948_read_dmp_data
                0x0000000008012ca8      0x878 build/ICM_20948_C.o
                0x0000000008012ca8                inv_icm20948_read_dmp_data
 .text.inv_icm20948_set_gyro_sf
                0x0000000008013520       0xdc build/ICM_20948_C.o
                0x0000000008013520                inv_icm20948_set_gyro_sf
 .text.ssd1306_WriteCommand
                0x00000000080135fc       0x2c build/ssd1306.o
                0x00000000080135fc                ssd1306_WriteCommand
 .text.ssd1306_WriteData
                0x0000000008013628       0x28 build/ssd1306.o
                0x0000000008013628                ssd1306_WriteData
 .text.ssd1306_Fill
                0x0000000008013650       0x20 build/ssd1306.o
                0x0000000008013650                ssd1306_Fill
 .text.ssd1306_UpdateScreen
                0x0000000008013670       0x38 build/ssd1306.o
                0x0000000008013670                ssd1306_UpdateScreen
 .text.ssd1306_DrawPixel
                0x00000000080136a8       0x54 build/ssd1306.o
                0x00000000080136a8                ssd1306_DrawPixel
 .text.ssd1306_WriteChar
                0x00000000080136fc       0xb4 build/ssd1306.o
                0x00000000080136fc                ssd1306_WriteChar
 .text.ssd1306_WriteString
                0x00000000080137b0       0x30 build/ssd1306.o
                0x00000000080137b0                ssd1306_WriteString
 .text.ssd1306_SetCursor
                0x00000000080137e0        0xc build/ssd1306.o
                0x00000000080137e0                ssd1306_SetCursor
 .text.ssd1306_SetContrast
                0x00000000080137ec       0x12 build/ssd1306.o
                0x00000000080137ec                ssd1306_SetContrast
 *fill*         0x00000000080137fe        0x2 
 .text.ssd1306_SetDisplayOn
                0x0000000008013800       0x20 build/ssd1306.o
                0x0000000008013800                ssd1306_SetDisplayOn
 .text.ssd1306_Init
                0x0000000008013820       0xc8 build/ssd1306.o
                0x0000000008013820                ssd1306_Init
 .text.ms5637_write_command
                0x00000000080138e8       0x34 build/ms5637.o
 .text.ms5637_read_eeprom_coeff
                0x000000000801391c       0x58 build/ms5637.o
 .text.ms5637_read_eeprom
                0x0000000008013974       0x3c build/ms5637.o
 .text.ms5637_conversion_and_read_adc
                0x00000000080139b0       0x88 build/ms5637.o
 .text.ms5637_is_connected
                0x0000000008013a38       0x28 build/ms5637.o
                0x0000000008013a38                ms5637_is_connected
 .text.ms5637_reset
                0x0000000008013a60        0xa build/ms5637.o
                0x0000000008013a60                ms5637_reset
 *fill*         0x0000000008013a6a        0x2 
 .text.ms5637_read_temperature_and_pressure
                0x0000000008013a6c      0x334 build/ms5637.o
                0x0000000008013a6c                ms5637_read_temperature_and_pressure
 .text.prv_parse_number
                0x0000000008013da0       0x4e build/lwgps.o
 .text.prv_check_crc
                0x0000000008013dee       0x8a build/lwgps.o
 .text.prv_parse_float_number
                0x0000000008013e78       0x24 build/lwgps.o
 .text.prv_parse_lat_long
                0x0000000008013e9c       0x58 build/lwgps.o
 .text.prv_parse_term
                0x0000000008013ef4      0x33c build/lwgps.o
 .text.prv_copy_from_tmp_memory
                0x0000000008014230       0xe4 build/lwgps.o
 .text.lwgps_init
                0x0000000008014314        0xe build/lwgps.o
                0x0000000008014314                lwgps_init
 .text.lwgps_process
                0x0000000008014322       0xd6 build/lwgps.o
                0x0000000008014322                lwgps_process
 .text.lwrb_init
                0x00000000080143f8       0x3c build/lwrb.o
                0x00000000080143f8                lwrb_init
 .text.lwrb_get_free
                0x0000000008014434       0x4c build/lwrb.o
                0x0000000008014434                lwrb_get_free
 .text.lwrb_write
                0x0000000008014480       0xb8 build/lwrb.o
                0x0000000008014480                lwrb_write
 .text.lwrb_get_full
                0x0000000008014538       0x4c build/lwrb.o
                0x0000000008014538                lwrb_get_full
 .text.lwrb_read
                0x0000000008014584       0xb8 build/lwrb.o
                0x0000000008014584                lwrb_read
 .text.Reset_Handler
                0x000000000801463c       0x50 build/startup_stm32g484xx.o
                0x000000000801463c                Reset_Handler
 .text.Default_Handler
                0x000000000801468c        0x2 build/startup_stm32g484xx.o
                0x000000000801468c                RTC_Alarm_IRQHandler
                0x000000000801468c                EXTI2_IRQHandler
                0x000000000801468c                TIM8_TRG_COM_IRQHandler
                0x000000000801468c                TIM8_CC_IRQHandler
                0x000000000801468c                HRTIM1_Master_IRQHandler
                0x000000000801468c                SPI4_IRQHandler
                0x000000000801468c                FDCAN3_IT0_IRQHandler
                0x000000000801468c                TIM1_CC_IRQHandler
                0x000000000801468c                HRTIM1_FLT_IRQHandler
                0x000000000801468c                HRTIM1_TIMF_IRQHandler
                0x000000000801468c                USB_HP_IRQHandler
                0x000000000801468c                CORDIC_IRQHandler
                0x000000000801468c                HRTIM1_TIMD_IRQHandler
                0x000000000801468c                DMA2_Channel8_IRQHandler
                0x000000000801468c                EXTI3_IRQHandler
                0x000000000801468c                I2C3_ER_IRQHandler
                0x000000000801468c                EXTI0_IRQHandler
                0x000000000801468c                I2C2_EV_IRQHandler
                0x000000000801468c                FPU_IRQHandler
                0x000000000801468c                FDCAN1_IT1_IRQHandler
                0x000000000801468c                TIM1_UP_TIM16_IRQHandler
                0x000000000801468c                ADC1_2_IRQHandler
                0x000000000801468c                HRTIM1_TIME_IRQHandler
                0x000000000801468c                SPI1_IRQHandler
                0x000000000801468c                HRTIM1_TIMC_IRQHandler
                0x000000000801468c                TIM8_UP_IRQHandler
                0x000000000801468c                DMA2_Channel2_IRQHandler
                0x000000000801468c                DMA1_Channel4_IRQHandler
                0x000000000801468c                TIM20_TRG_COM_IRQHandler
                0x000000000801468c                USART3_IRQHandler
                0x000000000801468c                DMA1_Channel7_IRQHandler
                0x000000000801468c                UART5_IRQHandler
                0x000000000801468c                ADC3_IRQHandler
                0x000000000801468c                TIM4_IRQHandler
                0x000000000801468c                DMA2_Channel1_IRQHandler
                0x000000000801468c                QUADSPI_IRQHandler
                0x000000000801468c                I2C1_EV_IRQHandler
                0x000000000801468c                DMA1_Channel6_IRQHandler
                0x000000000801468c                UART4_IRQHandler
                0x000000000801468c                DMA2_Channel4_IRQHandler
                0x000000000801468c                TIM3_IRQHandler
                0x000000000801468c                RCC_IRQHandler
                0x000000000801468c                TIM20_UP_IRQHandler
                0x000000000801468c                DMA1_Channel1_IRQHandler
                0x000000000801468c                Default_Handler
                0x000000000801468c                DMA2_Channel7_IRQHandler
                0x000000000801468c                RTC_TAMP_LSECSS_IRQHandler
                0x000000000801468c                FMAC_IRQHandler
                0x000000000801468c                EXTI15_10_IRQHandler
                0x000000000801468c                DMA1_Channel8_IRQHandler
                0x000000000801468c                HRTIM1_TIMA_IRQHandler
                0x000000000801468c                TIM7_DAC_IRQHandler
                0x000000000801468c                FDCAN3_IT1_IRQHandler
                0x000000000801468c                TIM5_IRQHandler
                0x000000000801468c                UCPD1_IRQHandler
                0x000000000801468c                I2C3_EV_IRQHandler
                0x000000000801468c                EXTI9_5_IRQHandler
                0x000000000801468c                RTC_WKUP_IRQHandler
                0x000000000801468c                PVD_PVM_IRQHandler
                0x000000000801468c                SPI2_IRQHandler
                0x000000000801468c                ADC5_IRQHandler
                0x000000000801468c                DMA2_Channel5_IRQHandler
                0x000000000801468c                CRS_IRQHandler
                0x000000000801468c                DMA1_Channel5_IRQHandler
                0x000000000801468c                EXTI4_IRQHandler
                0x000000000801468c                RNG_IRQHandler
                0x000000000801468c                HRTIM1_TIMB_IRQHandler
                0x000000000801468c                TIM1_TRG_COM_TIM17_IRQHandler
                0x000000000801468c                FDCAN2_IT1_IRQHandler
                0x000000000801468c                ADC4_IRQHandler
                0x000000000801468c                WWDG_IRQHandler
                0x000000000801468c                I2C4_EV_IRQHandler
                0x000000000801468c                FDCAN2_IT0_IRQHandler
                0x000000000801468c                LPUART1_IRQHandler
                0x000000000801468c                DMA2_Channel6_IRQHandler
                0x000000000801468c                FDCAN1_IT0_IRQHandler
                0x000000000801468c                TIM2_IRQHandler
                0x000000000801468c                COMP7_IRQHandler
                0x000000000801468c                COMP1_2_3_IRQHandler
                0x000000000801468c                EXTI1_IRQHandler
                0x000000000801468c                AES_IRQHandler
                0x000000000801468c                USART2_IRQHandler
                0x000000000801468c                COMP4_5_6_IRQHandler
                0x000000000801468c                TIM20_BRK_IRQHandler
                0x000000000801468c                I2C2_ER_IRQHandler
                0x000000000801468c                TIM8_BRK_IRQHandler
                0x000000000801468c                FLASH_IRQHandler
                0x000000000801468c                TIM20_CC_IRQHandler
                0x000000000801468c                SPI3_IRQHandler
                0x000000000801468c                I2C1_ER_IRQHandler
                0x000000000801468c                FMC_IRQHandler
                0x000000000801468c                LPTIM1_IRQHandler
                0x000000000801468c                DMAMUX_OVR_IRQHandler
                0x000000000801468c                I2C4_ER_IRQHandler
                0x000000000801468c                USBWakeUp_IRQHandler
                0x000000000801468c                SAI1_IRQHandler
                0x000000000801468c                DMA2_Channel3_IRQHandler
                0x000000000801468c                TIM1_BRK_TIM15_IRQHandler
 .text.unlikely
                0x000000000801468e       0x38 /usr/lib/gcc/arm-none-eabi/7.3.1/../../../arm-none-eabi/lib/thumb/v7e-m/fpv4-sp/hard/libc_nano.a(lib_a-strtod.o)
 *(.glue_7)
 .glue_7        0x00000000080146c6        0x0 linker stubs
 *(.glue_7t)
 .glue_7t       0x00000000080146c6        0x0 linker stubs
 *(.eh_frame)
 *fill*         0x00000000080146c6        0x2 
 .eh_frame      0x00000000080146c8        0x0 /usr/lib/gcc/arm-none-eabi/7.3.1/thumb/v7e-m/fpv4-sp/hard/crtbegin.o
 *(.init)
 .init          0x00000000080146c8        0x4 /usr/lib/gcc/arm-none-eabi/7.3.1/thumb/v7e-m/fpv4-sp/hard/crti.o
                0x00000000080146c8                _init
 .init          0x00000000080146cc        0x8 /usr/lib/gcc/arm-none-eabi/7.3.1/thumb/v7e-m/fpv4-sp/hard/crtn.o
 *(.fini)
 .fini          0x00000000080146d4        0x4 /usr/lib/gcc/arm-none-eabi/7.3.1/thumb/v7e-m/fpv4-sp/hard/crti.o
                0x00000000080146d4                _fini
 .fini          0x00000000080146d8        0x8 /usr/lib/gcc/arm-none-eabi/7.3.1/thumb/v7e-m/fpv4-sp/hard/crtn.o
                0x00000000080146e0                . = ALIGN (0x4)
                0x00000000080146e0                _etext = .

.vfp11_veneer   0x00000000080146e0        0x0
 .vfp11_veneer  0x00000000080146e0        0x0 linker stubs

.v4_bx          0x00000000080146e0        0x0
 .v4_bx         0x00000000080146e0        0x0 linker stubs

.iplt           0x00000000080146e0        0x0
 .iplt          0x00000000080146e0        0x0 /usr/lib/gcc/arm-none-eabi/7.3.1/thumb/v7e-m/fpv4-sp/hard/crtbegin.o

.rodata         0x00000000080146e0     0x615c
                0x00000000080146e0                . = ALIGN (0x4)
 *(.rodata)
 .rodata        0x00000000080146e0       0x14 build/main.o
 *fill*         0x00000000080146f4        0x4 
 .rodata        0x00000000080146f8       0x50 /usr/lib/gcc/arm-none-eabi/7.3.1/../../../arm-none-eabi/lib/thumb/v7e-m/fpv4-sp/hard/libc_nano.a(lib_a-strtod.o)
 .rodata        0x0000000008014748      0x100 /usr/lib/gcc/arm-none-eabi/7.3.1/../../../arm-none-eabi/lib/thumb/v7e-m/fpv4-sp/hard/libc_nano.a(lib_a-gdtoa-gethex.o)
                0x0000000008014748                __hexdig
 .rodata        0x0000000008014848        0xc /usr/lib/gcc/arm-none-eabi/7.3.1/../../../arm-none-eabi/lib/thumb/v7e-m/fpv4-sp/hard/libc_nano.a(lib_a-lnumeric.o)
                0x0000000008014848                _C_numeric_locale
 *fill*         0x0000000008014854        0x4 
 .rodata        0x0000000008014858      0x128 /usr/lib/gcc/arm-none-eabi/7.3.1/../../../arm-none-eabi/lib/thumb/v7e-m/fpv4-sp/hard/libc_nano.a(lib_a-mprec.o)
                0x0000000008014868                __mprec_tens
                0x0000000008014930                __mprec_tinytens
                0x0000000008014958                __mprec_bigtens
 .rodata        0x0000000008014980      0x101 /usr/lib/gcc/arm-none-eabi/7.3.1/../../../arm-none-eabi/lib/thumb/v7e-m/fpv4-sp/hard/libc_nano.a(lib_a-ctype_.o)
                0x0000000008014980                _ctype_
 *(.rodata*)
 *fill*         0x0000000008014a81        0x3 
 .rodata.main.str1.4
                0x0000000008014a84      0xf62 build/main.o
                                        0xf66 (size before relaxing)
 *fill*         0x00000000080159e6        0x2 
 .rodata.mySerif
                0x00000000080159e8        0xc build/main.o
                0x00000000080159e8                mySerif
 .rodata.AHBPrescTable
                0x00000000080159f4       0x10 build/system_stm32g4xx.o
                0x00000000080159f4                AHBPrescTable
 .rodata.APBPrescTable
                0x0000000008015a04        0x8 build/system_stm32g4xx.o
                0x0000000008015a04                APBPrescTable
 .rodata.ExCvt  0x0000000008015a0c       0x80 build/ff.o
 .rodata.create_name.str1.4
                0x0000000008015a8c        0xf build/ff.o
 *fill*         0x0000000008015a9b        0x1 
 .rodata.UARTPrescTable
                0x0000000008015a9c       0x18 build/stm32g4xx_hal_uart.o
                0x0000000008015a9c                UARTPrescTable
 .rodata.denominator.10654
                0x0000000008015ab4        0x8 build/stm32g4xx_hal_uart_ex.o
 .rodata.numerator.10653
                0x0000000008015abc        0x8 build/stm32g4xx_hal_uart_ex.o
 .rodata.USBD_CDC_ConfigStrDescriptor.str1.4
                0x0000000008015ac4        0xb build/usbd_desc.o
 *fill*         0x0000000008015acf        0x1 
 .rodata.USBD_CDC_InterfaceStrDescriptor.str1.4
                0x0000000008015ad0        0xe build/usbd_desc.o
 *fill*         0x0000000008015ade        0x2 
 .rodata.USBD_CDC_ManufacturerStrDescriptor.str1.4
                0x0000000008015ae0       0x13 build/usbd_desc.o
 *fill*         0x0000000008015af3        0x1 
 .rodata.USBD_CDC_ProductStrDescriptor.str1.4
                0x0000000008015af4       0x16 build/usbd_desc.o
 *fill*         0x0000000008015b0a        0x2 
 .rodata.DMP_Activity_Recognition_Byte_Ordering
                0x0000000008015b0c       0x18 build/ICM_20948_C.o
                0x0000000008015b0c                DMP_Activity_Recognition_Byte_Ordering
 .rodata.DMP_PQuat6_Byte_Ordering
                0x0000000008015b24       0x18 build/ICM_20948_C.o
                0x0000000008015b24                DMP_PQuat6_Byte_Ordering
 .rodata.DMP_Quat6_Byte_Ordering
                0x0000000008015b3c       0x30 build/ICM_20948_C.o
                0x0000000008015b3c                DMP_Quat6_Byte_Ordering
 .rodata.DMP_Quat9_Byte_Ordering
                0x0000000008015b6c       0x38 build/ICM_20948_C.o
                0x0000000008015b6c                DMP_Quat9_Byte_Ordering
 .rodata.DMP_Raw_Gyro_Byte_Ordering
                0x0000000008015ba4       0x30 build/ICM_20948_C.o
                0x0000000008015ba4                DMP_Raw_Gyro_Byte_Ordering
 .rodata.DMP_Secondary_On_Off_Byte_Ordering
                0x0000000008015bd4        0x8 build/ICM_20948_C.o
                0x0000000008015bd4                DMP_Secondary_On_Off_Byte_Ordering
 .rodata.dmp3_image
                0x0000000008015bdc     0x37dd build/ICM_20948_C.o
                0x0000000008015bdc                dmp3_image
 *fill*         0x00000000080193b9        0x3 
 .rodata.inv_androidSensor_to_control_bits
                0x00000000080193bc       0x58 build/ICM_20948_C.o
                0x00000000080193bc                inv_androidSensor_to_control_bits
 .rodata.Font11x18
                0x0000000008019414      0xd5c build/ssd1306_fonts.o
 .rodata.Font6x8
                0x000000000801a170      0x5f0 build/ssd1306_fonts.o
 .rodata.conversion_time
                0x000000000801a760       0x18 build/ms5637.o
 .rodata.prv_parse_term.str1.4
                0x000000000801a778       0x3f build/lwgps.o
 *fill*         0x000000000801a7b7        0x1 
 .rodata.str1.4
                0x000000000801a7b8       0x12 /usr/lib/gcc/arm-none-eabi/7.3.1/../../../arm-none-eabi/lib/thumb/v7e-m/fpv4-sp/hard/libc_nano.a(lib_a-nano-vfprintf_float.o)
 *fill*         0x000000000801a7ca        0x2 
 .rodata.str1.4
                0x000000000801a7cc       0x25 /usr/lib/gcc/arm-none-eabi/7.3.1/../../../arm-none-eabi/lib/thumb/v7e-m/fpv4-sp/hard/libc_nano.a(lib_a-nano-vfprintf_i.o)
 *fill*         0x000000000801a7f1        0x3 
 .rodata.str1.4
                0x000000000801a7f4        0xf /usr/lib/gcc/arm-none-eabi/7.3.1/../../../arm-none-eabi/lib/thumb/v7e-m/fpv4-sp/hard/libc_nano.a(lib_a-strtod.o)
                                         0x11 (size before relaxing)
 *fill*         0x000000000801a803        0x1 
 .rodata.str1.4
                0x000000000801a804       0x10 /usr/lib/gcc/arm-none-eabi/7.3.1/../../../arm-none-eabi/lib/thumb/v7e-m/fpv4-sp/hard/libc_nano.a(lib_a-dtoa.o)
                                         0x12 (size before relaxing)
 .rodata.str1.4
                0x000000000801a814        0x2 /usr/lib/gcc/arm-none-eabi/7.3.1/../../../arm-none-eabi/lib/thumb/v7e-m/fpv4-sp/hard/libc_nano.a(lib_a-lnumeric.o)
                                          0x5 (size before relaxing)
 *fill*         0x000000000801a816        0x2 
 .rodata.str1.4