Archive member included to satisfy reference by file (symbol)

/usr/lib/gcc/arm-none-eabi/7.3.1/../../../arm-none-eabi/lib/thumb/v7e-m/fpv4-sp/hard/libc_nano.a(lib_a-atexit.o)
                              /usr/lib/gcc/arm-none-eabi/7.3.1/../../../arm-none-eabi/lib/thumb/v7e-m/fpv4-sp/hard/crt0.o (atexit)
/usr/lib/gcc/arm-none-eabi/7.3.1/../../../arm-none-eabi/lib/thumb/v7e-m/fpv4-sp/hard/libc_nano.a(lib_a-exit.o)
                              /usr/lib/gcc/arm-none-eabi/7.3.1/../../../arm-none-eabi/lib/thumb/v7e-m/fpv4-sp/hard/crt0.o (exit)
/usr/lib/gcc/arm-none-eabi/7.3.1/../../../arm-none-eabi/lib/thumb/v7e-m/fpv4-sp/hard/libc_nano.a(lib_a-fini.o)
                              /usr/lib/gcc/arm-none-eabi/7.3.1/../../../arm-none-eabi/lib/thumb/v7e-m/fpv4-sp/hard/crt0.o (__libc_fini_array)
/usr/lib/gcc/arm-none-eabi/7.3.1/../../../arm-none-eabi/lib/thumb/v7e-m/fpv4-sp/hard/libc_nano.a(lib_a-impure.o)
                              /usr/lib/gcc/arm-none-eabi/7.3.1/../../../arm-none-eabi/lib/thumb/v7e-m/fpv4-sp/hard/libc_nano.a(lib_a-exit.o) (_global_impure_ptr)
/usr/lib/gcc/arm-none-eabi/7.3.1/../../../arm-none-eabi/lib/thumb/v7e-m/fpv4-sp/hard/libc_nano.a(lib_a-init.o)
                              /usr/lib/gcc/arm-none-eabi/7.3.1/../../../arm-none-eabi/lib/thumb/v7e-m/fpv4-sp/hard/crt0.o (__libc_init_array)
/usr/lib/gcc/arm-none-eabi/7.3.1/../../../arm-none-eabi/lib/thumb/v7e-m/fpv4-sp/hard/libc_nano.a(lib_a-memcmp.o)
                              build/ICM_20948_C.o (memcmp)
/usr/lib/gcc/arm-none-eabi/7.3.1/../../../arm-none-eabi/lib/thumb/v7e-m/fpv4-sp/hard/libc_nano.a(lib_a-memcpy.o)
                              build/ssd1306.o (memcpy)
/usr/lib/gcc/arm-none-eabi/7.3.1/../../../arm-none-eabi/lib/thumb/v7e-m/fpv4-sp/hard/libc_nano.a(lib_a-memmove.o)
                              build/ssd1306_tests.o (memmove)
/usr/lib/gcc/arm-none-eabi/7.3.1/../../../arm-none-eabi/lib/thumb/v7e-m/fpv4-sp/hard/libc_nano.a(lib_a-memset.o)
                              /usr/lib/gcc/arm-none-eabi/7.3.1/../../../arm-none-eabi/lib/thumb/v7e-m/fpv4-sp/hard/crt0.o (memset)
/usr/lib/gcc/arm-none-eabi/7.3.1/../../../arm-none-eabi/lib/thumb/v7e-m/fpv4-sp/hard/libc_nano.a(lib_a-nano-vfprintf_float.o)
                              (_printf_float)
/usr/lib/gcc/arm-none-eabi/7.3.1/../../../arm-none-eabi/lib/thumb/v7e-m/fpv4-sp/hard/libc_nano.a(lib_a-nano-vfprintf_i.o)
                              /usr/lib/gcc/arm-none-eabi/7.3.1/../../../arm-none-eabi/lib/thumb/v7e-m/fpv4-sp/hard/libc_nano.a(lib_a-nano-vfprintf_float.o) (_printf_common)
/usr/lib/gcc/arm-none-eabi/7.3.1/../../../arm-none-eabi/lib/thumb/v7e-m/fpv4-sp/hard/libc_nano.a(lib_a-snprintf.o)
                              build/ssd1306_tests.o (snprintf)
/usr/lib/gcc/arm-none-eabi/7.3.1/../../../arm-none-eabi/lib/thumb/v7e-m/fpv4-sp/hard/libc_nano.a(lib_a-sprintf.o)
                              build/main.o (sprintf)
/usr/lib/gcc/arm-none-eabi/7.3.1/../../../arm-none-eabi/lib/thumb/v7e-m/fpv4-sp/hard/libc_nano.a(lib_a-strlen.o)
                              build/main.o (strlen)
/usr/lib/gcc/arm-none-eabi/7.3.1/../../../arm-none-eabi/lib/thumb/v7e-m/fpv4-sp/hard/libc_nano.a(lib_a-strncmp.o)
                              build/lwgps.o (strncmp)
/usr/lib/gcc/arm-none-eabi/7.3.1/../../../arm-none-eabi/lib/thumb/v7e-m/fpv4-sp/hard/libc_nano.a(lib_a-strtod.o)
                              build/lwgps.o (strtod)
/usr/lib/gcc/arm-none-eabi/7.3.1/../../../arm-none-eabi/lib/thumb/v7e-m/fpv4-sp/hard/libc_nano.a(lib_a-vsnprintf.o)
                              build/main.o (vsnprintf)
/usr/lib/gcc/arm-none-eabi/7.3.1/../../../arm-none-eabi/lib/thumb/v7e-m/fpv4-sp/hard/libc_nano.a(lib_a-__atexit.o)
                              /usr/lib/gcc/arm-none-eabi/7.3.1/../../../arm-none-eabi/lib/thumb/v7e-m/fpv4-sp/hard/libc_nano.a(lib_a-atexit.o) (__register_exitproc)
/usr/lib/gcc/arm-none-eabi/7.3.1/../../../arm-none-eabi/lib/thumb/v7e-m/fpv4-sp/hard/libc_nano.a(lib_a-__call_atexit.o)
                              /usr/lib/gcc/arm-none-eabi/7.3.1/../../../arm-none-eabi/lib/thumb/v7e-m/fpv4-sp/hard/libc_nano.a(lib_a-__atexit.o) (__call_exitprocs)
/usr/lib/gcc/arm-none-eabi/7.3.1/../../../arm-none-eabi/lib/thumb/v7e-m/fpv4-sp/hard/libc_nano.a(lib_a-dtoa.o)
                              /usr/lib/gcc/arm-none-eabi/7.3.1/../../../arm-none-eabi/lib/thumb/v7e-m/fpv4-sp/hard/libc_nano.a(lib_a-nano-vfprintf_float.o) (_dtoa_r)
/usr/lib/gcc/arm-none-eabi/7.3.1/../../../arm-none-eabi/lib/thumb/v7e-m/fpv4-sp/hard/libc_nano.a(lib_a-gdtoa-gethex.o)
                              /usr/lib/gcc/arm-none-eabi/7.3.1/../../../arm-none-eabi/lib/thumb/v7e-m/fpv4-sp/hard/libc_nano.a(lib_a-strtod.o) (__gethex)
/usr/lib/gcc/arm-none-eabi/7.3.1/../../../arm-none-eabi/lib/thumb/v7e-m/fpv4-sp/hard/libc_nano.a(lib_a-gdtoa-hexnan.o)
                              /usr/lib/gcc/arm-none-eabi/7.3.1/../../../arm-none-eabi/lib/thumb/v7e-m/fpv4-sp/hard/libc_nano.a(lib_a-strtod.o) (__match)
[...]
Memory Configuration

Name             Origin             Length             Attributes
RAM              0x0000000020000000 0x0000000000020000 xrw
FLASH            0x0000000008000000 0x0000000000080000 xr
*default*        0x0000000000000000 0xffffffffffffffff

Linker script and memory map

LOAD /usr/lib/gcc/arm-none-eabi/7.3.1/thumb/v7e-m/fpv4-sp/hard/crti.o
LOAD /usr/lib/gcc/arm-none-eabi/7.3.1/thumb/v7e-m/fpv4-sp/hard/crtbegin.o
LOAD /usr/lib/gcc/arm-none-eabi/7.3.1/../../../arm-none-eabi/lib/thumb/v7e-m/fpv4-sp/hard/crt0.o
LOAD build/main.o
LOAD build/gpio.o
LOAD build/adc.o
LOAD build/dac.o
LOAD build/opamp.o
LOAD build/quadspi.o
LOAD build/spi.o
LOAD build/tim.o
LOAD build/stm32g4xx_it.o
LOAD build/stm32g4xx_hal_msp.o
LOAD build/user_diskio_spi.o
LOAD build/stm32g4xx_hal_adc.o
LOAD build/stm32g4xx_hal_adc_ex.o
LOAD build/stm32g4xx_ll_adc.o
LOAD build/stm32g4xx_hal.o
LOAD build/stm32g4xx_hal_rcc.o
LOAD build/stm32g4xx_hal_rcc_ex.o
LOAD build/stm32g4xx_hal_flash.o
LOAD build/stm32g4xx_hal_flash_ex.o
LOAD build/stm32g4xx_hal_flash_ramfunc.o
LOAD build/stm32g4xx_hal_gpio.o
LOAD build/stm32g4xx_hal_exti.o
LOAD build/stm32g4xx_hal_dma.o
LOAD build/stm32g4xx_hal_dma_ex.o
LOAD build/stm32g4xx_hal_pwr.o
LOAD build/stm32g4xx_hal_pwr_ex.o
LOAD build/stm32g4xx_hal_cortex.o
LOAD build/stm32g4xx_hal_dac.o
LOAD build/stm32g4xx_hal_dac_ex.o
LOAD build/stm32g4xx_hal_opamp.o
LOAD build/stm32g4xx_hal_opamp_ex.o
LOAD build/stm32g4xx_hal_qspi.o
LOAD build/stm32g4xx_hal_spi.o
LOAD build/stm32g4xx_hal_spi_ex.o
LOAD build/stm32g4xx_hal_tim.o
LOAD build/stm32g4xx_hal_tim_ex.o
LOAD build/stm32g4xx_hal_pcd.o
LOAD build/stm32g4xx_hal_pcd_ex.o
LOAD build/stm32g4xx_ll_usb.o
LOAD build/system_stm32g4xx.o
LOAD build/app_fatfs.o
LOAD build/user_diskio.o
LOAD build/diskio.o
LOAD build/ff.o
LOAD build/ff_gen_drv.o
LOAD build/syscall.o
LOAD build/usart.o
LOAD build/stm32g4xx_hal_uart.o
LOAD build/stm32g4xx_hal_uart_ex.o
LOAD build/i2c.o
LOAD build/stm32g4xx_hal_i2c.o
LOAD build/stm32g4xx_hal_i2c_ex.o
LOAD build/stm32g4xx_hal_timebase_tim.o
LOAD build/usb_device.o
LOAD build/usbd_desc.o
LOAD build/usbd_conf.o
LOAD build/usbd_core.o
LOAD build/usbd_ctlreq.o
LOAD build/usbd_ioreq.o
LOAD build/usbd_cdc_if.o
LOAD build/usbd_cdc.o
LOAD build/dma.o
LOAD build/ICM_20948_C.o
LOAD build/ssd1306.o
LOAD build/ssd1306_fonts.o
LOAD build/ssd1306_tests.o
LOAD build/ms5637.o
LOAD build/lwgps.o
LOAD build/lwrb.o
LOAD build/startup_stm32g484xx.o
LOAD /usr/lib/gcc/arm-none-eabi/7.3.1/../../../arm-none-eabi/lib/thumb/v7e-m/fpv4-sp/hard/libc_nano.a
LOAD /usr/lib/gcc/arm-none-eabi/7.3.1/../../../arm-none-eabi/lib/thumb/v7e-m/fpv4-sp/hard/libm.a
LOAD /usr/lib/gcc/arm-none-eabi/7.3.1/../../../arm-none-eabi/lib/thumb/v7e-m/fpv4-sp/hard/libnosys.a
START GROUP
LOAD /usr/lib/gcc/arm-none-eabi/7.3.1/thumb/v7e-m/fpv4-sp/hard/libgcc.a
LOAD /usr/lib/gcc/arm-none-eabi/7.3.1/../../../arm-none-eabi/lib/thumb/v7e-m/fpv4-sp/hard/libc_nano.a
END GROUP
START GROUP
LOAD /usr/lib/gcc/arm-none-eabi/7.3.1/thumb/v7e-m/fpv4-sp/hard/libgcc.a
LOAD /usr/lib/gcc/arm-none-eabi/7.3.1/../../../arm-none-eabi/lib/thumb/v7e-m/fpv4-sp/hard/libc_nano.a
END GROUP
LOAD /usr/lib/gcc/arm-none-eabi/7.3.1/thumb/v7e-m/fpv4-sp/hard/crtend.o
LOAD /usr/lib/gcc/arm-none-eabi/7.3.1/thumb/v7e-m/fpv4-sp/hard/crtn.o
                0x0000000020020000                _estack = 0x20020000
                0x0000000000000200                _Min_Heap_Size = 0x200
                0x0000000000000400                _Min_Stack_Size = 0x400

.isr_vector     0x0000000008000000      0x1d8
                0x0000000008000000                . = ALIGN (0x4)
 *(.isr_vector)
 .isr_vector    0x0000000008000000      0x1d8 build/startup_stm32g484xx.o
                0x0000000008000000                g_pfnVectors
                0x00000000080001d8                . = ALIGN (0x4)

.text           0x0000000008000200    0x12078
                0x0000000008000200                . = ALIGN (0x4)
 *(.text)
 .text          0x0000000008000200       0x88 /usr/lib/gcc/arm-none-eabi/7.3.1/thumb/v7e-m/fpv4-sp/hard/crtbegin.o
 .text          0x0000000008000288       0x48 /usr/lib/gcc/arm-none-eabi/7.3.1/../../../arm-none-eabi/lib/thumb/v7e-m/fpv4-sp/hard/libc_nano.a(lib_a-init.o)
                0x0000000008000288                __libc_init_array
 .text          0x00000000080002d0       0x64 /usr/lib/gcc/arm-none-eabi/7.3.1/../../../arm-none-eabi/lib/thumb/v7e-m/fpv4-sp/hard/libc_nano.a(lib_a-memcmp.o)
                0x00000000080002d0                memcmp
 .text          0x0000000008000334      0x134 /usr/lib/gcc/arm-none-eabi/7.3.1/../../../arm-none-eabi/lib/thumb/v7e-m/fpv4-sp/hard/libc_nano.a(lib_a-memcpy.o)
                0x0000000008000334                memcpy
 .text          0x0000000008000468       0xc8 /usr/lib/gcc/arm-none-eabi/7.3.1/../../../arm-none-eabi/lib/thumb/v7e-m/fpv4-sp/hard/libc_nano.a(lib_a-memmove.o)
                0x0000000008000468                memmove
 .text          0x0000000008000530       0x94 /usr/lib/gcc/arm-none-eabi/7.3.1/../../../arm-none-eabi/lib/thumb/v7e-m/fpv4-sp/hard/libc_nano.a(lib_a-memset.o)
                0x0000000008000530                memset
 .text          0x00000000080005c4      0x6c4 /usr/lib/gcc/arm-none-eabi/7.3.1/../../../arm-none-eabi/lib/thumb/v7e-m/fpv4-sp/hard/libc_nano.a(lib_a-nano-vfprintf_float.o)
                0x00000000080005c4                __cvt
                0x00000000080006b0                __exponent
                0x000000000800073c                _printf_float
 .text          0x0000000008000c88      0x3a0 /usr/lib/gcc/arm-none-eabi/7.3.1/../../../arm-none-eabi/lib/thumb/v7e-m/fpv4-sp/hard/libc_nano.a(lib_a-nano-vfprintf_i.o)
                0x0000000008000c88                _printf_common
                0x0000000008000da4                _printf_i
 .text          0x0000000008001028       0x80 /usr/lib/gcc/arm-none-eabi/7.3.1/../../../arm-none-eabi/lib/thumb/v7e-m/fpv4-sp/hard/libc_nano.a(lib_a-sprintf.o)
                0x0000000008001028                _siprintf_r
                0x0000000008001028                _sprintf_r
                0x0000000008001064                sprintf
                0x0000000008001064                siprintf
 *fill*         0x00000000080010a8       0x18 
 .text          0x00000000080010c0       0xdc /usr/lib/gcc/arm-none-eabi/7.3.1/../../../arm-none-eabi/lib/thumb/v7e-m/fpv4-sp/hard/libc_nano.a(lib_a-strlen.o)
                0x00000000080010c0                strlen
 .text          0x000000000800119c       0x98 /usr/lib/gcc/arm-none-eabi/7.3.1/../../../arm-none-eabi/lib/thumb/v7e-m/fpv4-sp/hard/libc_nano.a(lib_a-strncmp.o)
                0x000000000800119c                strncmp
 *fill*         0x0000000008001234        0x4 
 .text          0x0000000008001238     0x1110 /usr/lib/gcc/arm-none-eabi/7.3.1/../../../arm-none-eabi/lib/thumb/v7e-m/fpv4-sp/hard/libc_nano.a(lib_a-strtod.o)
                0x0000000008001238                _strtod_l
                0x000000000800219c                _strtod_r
                0x00000000080021a8                strtod_l
                0x00000000080021c0                strtod
                0x00000000080021dc                strtof_l
                0x0000000008002290                strtof
 .text          0x0000000008002348       0x90 /usr/lib/gcc/arm-none-eabi/7.3.1/../../../arm-none-eabi/lib/thumb/v7e-m/fpv4-sp/hard/libc_nano.a(lib_a-vsnprintf.o)
                0x0000000008002348                _vsnprintf_r
                0x0000000008002348                _vsniprintf_r
                0x00000000080023b8                vsnprintf
                0x00000000080023b8                vsniprintf
 .text          0x00000000080023d8      0xf6c /usr/lib/gcc/arm-none-eabi/7.3.1/../../../arm-none-eabi/lib/thumb/v7e-m/fpv4-sp/hard/libc_nano.a(lib_a-dtoa.o)
                0x00000000080024fc                _dtoa_r
 .text          0x0000000008003344      0x5d0 /usr/lib/gcc/arm-none-eabi/7.3.1/../../../arm-none-eabi/lib/thumb/v7e-m/fpv4-sp/hard/libc_nano.a(lib_a-gdtoa-gethex.o)
                0x00000000080033f4                __gethex
 .text          0x0000000008003914      0x1d0 /usr/lib/gcc/arm-none-eabi/7.3.1/../../../arm-none-eabi/lib/thumb/v7e-m/fpv4-sp/hard/libc_nano.a(lib_a-gdtoa-hexnan.o)
                0x0000000008003914                __match
                0x0000000008003944                __hexnan
 .text          0x0000000008003ae4       0x14 /usr/lib/gcc/arm-none-eabi/7.3.1/../../../arm-none-eabi/lib/thumb/v7e-m/fpv4-sp/hard/libc_nano.a(lib_a-localeconv.o)
                0x0000000008003ae4                __localeconv_l
                0x0000000008003ae8                _localeconv_r
                0x0000000008003af0                localeconv
 .text          0x0000000008003af8       0x20 /usr/lib/gcc/arm-none-eabi/7.3.1/../../../arm-none-eabi/lib/thumb/v7e-m/fpv4-sp/hard/libc_nano.a(lib_a-malloc.o)
                0x0000000008003af8                malloc
                0x0000000008003b08                free
 .text          0x0000000008003b18       0x40 /usr/lib/gcc/arm-none-eabi/7.3.1/../../../arm-none-eabi/lib/thumb/v7e-m/fpv4-sp/hard/libc_nano.a(lib_a-mbtowc_r.o)
                0x0000000008003b18                _mbtowc_r
                0x0000000008003b2c                __ascii_mbtowc
 *fill*         0x0000000008003b58        0x8 
 .text          0x0000000008003b60       0xa0 /usr/lib/gcc/arm-none-eabi/7.3.1/../../../arm-none-eabi/lib/thumb/v7e-m/fpv4-sp/hard/libc_nano.a(lib_a-memchr.o)
                0x0000000008003b60                memchr
 .text          0x0000000008003c00      0x950 /usr/lib/gcc/arm-none-eabi/7.3.1/../../../arm-none-eabi/lib/thumb/v7e-m/fpv4-sp/hard/libc_nano.a(lib_a-mprec.o)
                0x0000000008003c00                _Balloc
                0x0000000008003c68                _Bfree
                0x0000000008003ca0                __multadd
                0x0000000008003d1c                __s2b
                0x0000000008003db4                __hi0bits
                0x0000000008003df4                __lo0bits
                0x0000000008003e54                __i2b
                0x0000000008003e68                __multiply
                0x0000000008003fb4                __pow5mult
                0x000000000800406c                __lshift
                0x0000000008004118                __mcmp
                0x0000000008004150                __mdiff
                0x000000000800423c                __ulp
                0x0000000008004290                __b2d
                0x000000000800434c                __d2b
                0x0000000008004410                __ratio
                0x0000000008004470                _mprec_log10
                0x00000000080044b0                __copybits
                0x00000000080044f8                __any_on
 .text          0x0000000008004550       0x1c /usr/lib/gcc/arm-none-eabi/7.3.1/../../../arm-none-eabi/lib/thumb/v7e-m/fpv4-sp/hard/libc_nano.a(lib_a-nano-callocr.o)
                0x0000000008004550                _calloc_r
 .text          0x000000000800456c       0xa8 /usr/lib/gcc/arm-none-eabi/7.3.1/../../../arm-none-eabi/lib/thumb/v7e-m/fpv4-sp/hard/libc_nano.a(lib_a-nano-freer.o)
                0x000000000800456c                _free_r
 .text          0x0000000008004614       0xc8 /usr/lib/gcc/arm-none-eabi/7.3.1/../../../arm-none-eabi/lib/thumb/v7e-m/fpv4-sp/hard/libc_nano.a(lib_a-nano-mallocr.o)
                0x0000000008004614                _malloc_r
 .text          0x00000000080046dc      0x430 /usr/lib/gcc/arm-none-eabi/7.3.1/../../../arm-none-eabi/lib/thumb/v7e-m/fpv4-sp/hard/libc_nano.a(lib_a-nano-svfprintf.o)
                0x00000000080046dc                __ssputs_r
                0x000000000800479c                __ssprint_r
                0x0000000008004890                _svfprintf_r
                0x0000000008004890                _svfiprintf_r
 *fill*         0x0000000008004b0c        0x4 
 .text          0x0000000008004b10       0x10 /usr/lib/gcc/arm-none-eabi/7.3.1/../../../arm-none-eabi/lib/thumb/v7e-m/fpv4-sp/hard/libc_nano.a(lib_a-s_nan.o)
                0x0000000008004b10                nan
 .text          0x0000000008004b20       0x24 /usr/lib/gcc/arm-none-eabi/7.3.1/../../../arm-none-eabi/lib/thumb/v7e-m/fpv4-sp/hard/libc_nano.a(lib_a-sbrkr.o)
                0x0000000008004b20                _sbrk_r
 .text          0x0000000008004b44        0xc /usr/lib/gcc/arm-none-eabi/7.3.1/../../../arm-none-eabi/lib/thumb/v7e-m/fpv4-sp/hard/libc_nano.a(lib_a-sf_nan.o)
                0x0000000008004b44                nanf
 .text          0x0000000008004b50       0x30 /usr/lib/gcc/arm-none-eabi/7.3.1/../../../arm-none-eabi/lib/thumb/v7e-m/fpv4-sp/hard/libc_nano.a(lib_a-wctomb_r.o)
                0x0000000008004b50                _wctomb_r
                0x0000000008004b64                __ascii_wctomb
 .text          0x0000000008004b80        0x8 /usr/lib/gcc/arm-none-eabi/7.3.1/../../../arm-none-eabi/lib/thumb/v7e-m/fpv4-sp/hard/libc_nano.a(lib_a-mlock.o)
                0x0000000008004b80                __malloc_lock
                0x0000000008004b84                __malloc_unlock
 .text          0x0000000008004b88       0x4c /usr/lib/gcc/arm-none-eabi/7.3.1/../../../arm-none-eabi/lib/thumb/v7e-m/fpv4-sp/hard/libc_nano.a(lib_a-nano-reallocr.o)
                0x0000000008004b88                _realloc_r
 .text          0x0000000008004bd4       0x10 /usr/lib/gcc/arm-none-eabi/7.3.1/../../../arm-none-eabi/lib/thumb/v7e-m/fpv4-sp/hard/libc_nano.a(lib_a-nano-msizer.o)
                0x0000000008004bd4                _malloc_usable_size_r
 .text          0x0000000008004be4      0x100 /usr/lib/gcc/arm-none-eabi/7.3.1/../../../arm-none-eabi/lib/thumb/v7e-m/fpv4-sp/hard/libm.a(lib_a-w_log.o)
                0x0000000008004be4                log
 *fill*         0x0000000008004ce4        0x4 
 .text          0x0000000008004ce8      0x3b4 /usr/lib/gcc/arm-none-eabi/7.3.1/../../../arm-none-eabi/lib/thumb/v7e-m/fpv4-sp/hard/libm.a(lib_a-e_log.o)
                0x0000000008004ce8                __ieee754_log
 .text          0x000000000800509c        0x4 /usr/lib/gcc/arm-none-eabi/7.3.1/../../../arm-none-eabi/lib/thumb/v7e-m/fpv4-sp/hard/libm.a(lib_a-s_matherr.o)
                0x000000000800509c                matherr
 .text          0x00000000080050a0       0x1c /usr/lib/gcc/arm-none-eabi/7.3.1/../../../arm-none-eabi/lib/thumb/v7e-m/fpv4-sp/hard/libnosys.a(sbrk.o)
                0x00000000080050a0                _sbrk
 .text          0x00000000080050bc      0x378 /usr/lib/gcc/arm-none-eabi/7.3.1/thumb/v7e-m/fpv4-sp/hard/libgcc.a(_arm_addsubdf3.o)
                0x00000000080050bc                __aeabi_drsub
                0x00000000080050c4                __aeabi_dsub
                0x00000000080050c4                __subdf3
                0x00000000080050c8                __adddf3
                0x00000000080050c8                __aeabi_dadd
                0x0000000008005340                __aeabi_ui2d
                0x0000000008005340                __floatunsidf
                0x0000000008005360                __floatsidf
                0x0000000008005360                __aeabi_i2d
                0x0000000008005384                __extendsfdf2
                0x0000000008005384                __aeabi_f2d
                0x00000000080053c8                __aeabi_ul2d
                0x00000000080053c8                __floatundidf
                0x00000000080053d8                __floatdidf
                0x00000000080053d8                __aeabi_l2d
 .text          0x0000000008005434      0x424 /usr/lib/gcc/arm-none-eabi/7.3.1/thumb/v7e-m/fpv4-sp/hard/libgcc.a(_arm_muldivdf3.o)
                0x0000000008005434                __aeabi_dmul
                0x0000000008005434                __muldf3
                0x0000000008005688                __aeabi_ddiv
                0x0000000008005688                __divdf3
 .text          0x0000000008005858      0x110 /usr/lib/gcc/arm-none-eabi/7.3.1/thumb/v7e-m/fpv4-sp/hard/libgcc.a(_arm_cmpdf2.o)
                0x0000000008005858                __gtdf2
                0x0000000008005858                __gedf2
                0x0000000008005860                __ltdf2
                0x0000000008005860                __ledf2
                0x0000000008005868                __cmpdf2
                0x0000000008005868                __eqdf2
                0x0000000008005868                __nedf2
                0x00000000080058e4                __aeabi_cdrcmple
                0x00000000080058f4                __aeabi_cdcmple
                0x00000000080058f4                __aeabi_cdcmpeq
                0x0000000008005904                __aeabi_dcmpeq
                0x0000000008005918                __aeabi_dcmplt
                0x000000000800592c                __aeabi_dcmple
                0x0000000008005940                __aeabi_dcmpge
                0x0000000008005954                __aeabi_dcmpgt
 .text          0x0000000008005968       0x2c /usr/lib/gcc/arm-none-eabi/7.3.1/thumb/v7e-m/fpv4-sp/hard/libgcc.a(_arm_unorddf2.o)
                0x0000000008005968                __aeabi_dcmpun
                0x0000000008005968                __unorddf2
 .text          0x0000000008005994       0x50 /usr/lib/gcc/arm-none-eabi/7.3.1/thumb/v7e-m/fpv4-sp/hard/libgcc.a(_arm_fixdfsi.o)
                0x0000000008005994                __fixdfsi
                0x0000000008005994                __aeabi_d2iz
 .text          0x00000000080059e4       0x40 /usr/lib/gcc/arm-none-eabi/7.3.1/thumb/v7e-m/fpv4-sp/hard/libgcc.a(_arm_fixunsdfsi.o)
                0x00000000080059e4                __fixunsdfsi
                0x00000000080059e4                __aeabi_d2uiz
 .text          0x0000000008005a24       0xa0 /usr/lib/gcc/arm-none-eabi/7.3.1/thumb/v7e-m/fpv4-sp/hard/libgcc.a(_arm_truncdfsf2.o)
                0x0000000008005a24                __aeabi_d2f
                0x0000000008005a24                __truncdfsf2
 .text          0x0000000008005ac4      0x21c /usr/lib/gcc/arm-none-eabi/7.3.1/thumb/v7e-m/fpv4-sp/hard/libgcc.a(_arm_addsubsf3.o)
                0x0000000008005ac4                __aeabi_frsub
                0x0000000008005acc                __subsf3
                0x0000000008005acc                __aeabi_fsub
                0x0000000008005ad0                __aeabi_fadd
                0x0000000008005ad0                __addsf3
                0x0000000008005c30                __aeabi_ui2f
                0x0000000008005c30                __floatunsisf
                0x0000000008005c38                __aeabi_i2f
                0x0000000008005c38                __floatsisf
                0x0000000008005c54                __floatundisf
                0x0000000008005c54                __aeabi_ul2f
                0x0000000008005c64                __floatdisf
                0x0000000008005c64                __aeabi_l2f
 .text          0x0000000008005ce0       0x30 /usr/lib/gcc/arm-none-eabi/7.3.1/thumb/v7e-m/fpv4-sp/hard/libgcc.a(_aeabi_uldivmod.o)
                0x0000000008005ce0                __aeabi_uldivmod
 .text          0x0000000008005d10       0x30 /usr/lib/gcc/arm-none-eabi/7.3.1/thumb/v7e-m/fpv4-sp/hard/libgcc.a(_fixdfdi.o)
                0x0000000008005d10                __aeabi_d2lz
                0x0000000008005d10                __fixdfdi
 .text          0x0000000008005d40       0x44 /usr/lib/gcc/arm-none-eabi/7.3.1/thumb/v7e-m/fpv4-sp/hard/libgcc.a(_fixunsdfdi.o)
                0x0000000008005d40                __aeabi_d2ulz
                0x0000000008005d40                __fixunsdfdi
 .text          0x0000000008005d84      0x2cc /usr/lib/gcc/arm-none-eabi/7.3.1/thumb/v7e-m/fpv4-sp/hard/libgcc.a(_udivmoddi4.o)
                0x0000000008005d84                __udivmoddi4
 .text          0x0000000008006050        0x4 /usr/lib/gcc/arm-none-eabi/7.3.1/thumb/v7e-m/fpv4-sp/hard/libgcc.a(_dvmd_tls.o)
                0x0000000008006050                __aeabi_ldiv0
                0x0000000008006050                __aeabi_idiv0
 .text          0x0000000008006054        0xc /usr/lib/gcc/arm-none-eabi/7.3.1/../../../arm-none-eabi/lib/thumb/v7e-m/fpv4-sp/hard/libc_nano.a(lib_a-errno.o)
                0x0000000008006054                __errno
 *(.text*)
 .text.my_write_spi
                0x0000000008006060       0x54 build/main.o
                0x0000000008006060                my_write_spi
 .text.my_read_spi
                0x00000000080060b4       0x54 build/main.o
                0x00000000080060b4                my_read_spi
 .text.myprintf
                0x0000000008006108       0x38 build/main.o
                0x0000000008006108                myprintf
 .text.UART_GPS_Callback
                0x0000000008006140       0x70 build/main.o
                0x0000000008006140                UART_GPS_Callback
 .text.HAL_TIM_PeriodElapsedCallback
                0x00000000080061b0       0x18 build/main.o
                0x00000000080061b0                HAL_TIM_PeriodElapsedCallback
 .text.Error_Handler
                0x00000000080061c8        0x4 build/main.o
                0x00000000080061c8                Error_Handler
 .text.SystemClock_Config
                0x00000000080061cc       0xac build/main.o
                0x00000000080061cc                SystemClock_Config
 .text.main     0x0000000008006278      0xc20 build/main.o
                0x0000000008006278                main
 .text.MX_GPIO_Init
                0x0000000008006e98      0x140 build/gpio.o
                0x0000000008006e98                MX_GPIO_Init
 .text.MX_ADC2_Init
                0x0000000008006fd8       0x88 build/adc.o
                0x0000000008006fd8                MX_ADC2_Init
 .text.MX_ADC5_Init
                0x0000000008007060       0x88 build/adc.o
                0x0000000008007060                MX_ADC5_Init
 .text.HAL_ADC_MspInit
                0x00000000080070e8       0x84 build/adc.o
                0x00000000080070e8                HAL_ADC_MspInit
 .text.MX_DAC3_Init
                0x000000000800716c       0x58 build/dac.o
                0x000000000800716c                MX_DAC3_Init
 .text.HAL_DAC_MspInit
                0x00000000080071c4       0x44 build/dac.o
                0x00000000080071c4                HAL_DAC_MspInit
 .text.MX_OPAMP2_Init
                0x0000000008007208       0x34 build/opamp.o
                0x0000000008007208                MX_OPAMP2_Init
 .text.MX_OPAMP4_Init
                0x000000000800723c       0x30 build/opamp.o
                0x000000000800723c                MX_OPAMP4_Init
 .text.HAL_OPAMP_MspInit
                0x000000000800726c       0x84 build/opamp.o
                0x000000000800726c                HAL_OPAMP_MspInit
 .text.MX_QUADSPI1_Init
                0x00000000080072f0       0x34 build/quadspi.o
                0x00000000080072f0                MX_QUADSPI1_Init
 .text.HAL_QSPI_MspInit
                0x0000000008007324       0x90 build/quadspi.o
                0x0000000008007324                HAL_QSPI_MspInit
 .text.MX_SPI3_Init
                0x00000000080073b4       0x4c build/spi.o
                0x00000000080073b4                MX_SPI3_Init
 .text.HAL_SPI_MspInit
                0x0000000008007400      0x100 build/spi.o
                0x0000000008007400                HAL_SPI_MspInit
 .text.MX_TIM20_Init
                0x0000000008007500       0xc0 build/tim.o
                0x0000000008007500                MX_TIM20_Init
 .text.HAL_TIM_PWM_MspInit
                0x00000000080075c0       0x4c build/tim.o
                0x00000000080075c0                HAL_TIM_PWM_MspInit
 .text.HAL_TIM_OC_MspInit
                0x000000000800760c       0x2c build/tim.o
                0x000000000800760c                HAL_TIM_OC_MspInit
 .text.HAL_TIM_MspPostInit
                0x0000000008007638       0x88 build/tim.o
                0x0000000008007638                HAL_TIM_MspPostInit
 .text.MX_TIM1_Init
                0x00000000080076c0      0x108 build/tim.o
                0x00000000080076c0                MX_TIM1_Init
 .text.MX_TIM8_Init
                0x00000000080077c8      0x108 build/tim.o
                0x00000000080077c8                MX_TIM8_Init
 .text.NMI_Handler
                0x00000000080078d0        0x2 build/stm32g4xx_it.o
                0x00000000080078d0                NMI_Handler
 .text.HardFault_Handler
                0x00000000080078d2        0x2 build/stm32g4xx_it.o
                0x00000000080078d2                HardFault_Handler
 .text.MemManage_Handler
                0x00000000080078d4        0x2 build/stm32g4xx_it.o
                0x00000000080078d4                MemManage_Handler
 .text.BusFault_Handler
                0x00000000080078d6        0x2 build/stm32g4xx_it.o
                0x00000000080078d6                BusFault_Handler
 .text.UsageFault_Handler
                0x00000000080078d8        0x2 build/stm32g4xx_it.o
                0x00000000080078d8                UsageFault_Handler
 .text.SVC_Handler
                0x00000000080078da        0x2 build/stm32g4xx_it.o
                0x00000000080078da                SVC_Handler
 .text.DebugMon_Handler
                0x00000000080078dc        0x2 build/stm32g4xx_it.o
                0x00000000080078dc                DebugMon_Handler
 .text.PendSV_Handler
                0x00000000080078de        0x2 build/stm32g4xx_it.o
                0x00000000080078de                PendSV_Handler
 .text.SysTick_Handler
                0x00000000080078e0        0x2 build/stm32g4xx_it.o
                0x00000000080078e0                SysTick_Handler
 *fill*         0x00000000080078e2        0x2 
 .text.DMA1_Channel2_IRQHandler
                0x00000000080078e4       0x10 build/stm32g4xx_it.o
                0x00000000080078e4                DMA1_Channel2_IRQHandler
 .text.DMA1_Channel3_IRQHandler
                0x00000000080078f4       0x10 build/stm32g4xx_it.o
                0x00000000080078f4                DMA1_Channel3_IRQHandler
 .text.USB_LP_IRQHandler
                0x0000000008007904       0x10 build/stm32g4xx_it.o
                0x0000000008007904                USB_LP_IRQHandler
 .text.USART1_IRQHandler
                0x0000000008007914       0x14 build/stm32g4xx_it.o
                0x0000000008007914                USART1_IRQHandler
 .text.TIM6_DAC_IRQHandler
                0x0000000008007928       0x18 build/stm32g4xx_it.o
                0x0000000008007928                TIM6_DAC_IRQHandler
 .text.HAL_MspInit
                0x0000000008007940       0x48 build/stm32g4xx_hal_msp.o
                0x0000000008007940                HAL_MspInit
 .text.xchg_spi
                0x0000000008007988       0x2c build/user_diskio_spi.o
 .text.wait_ready
                0x00000000080079b4       0x2a build/user_diskio_spi.o
 .text.rcvr_spi_multi
                0x00000000080079de       0x1a build/user_diskio_spi.o
 .text.xmit_spi_multi
                0x00000000080079f8       0x18 build/user_diskio_spi.o
 .text.xmit_datablock
                0x0000000008007a10       0x50 build/user_diskio_spi.o
 .text.despiselect
                0x0000000008007a60       0x18 build/user_diskio_spi.o
 .text.spiselect
                0x0000000008007a78       0x2e build/user_diskio_spi.o
 .text.send_cmd
                0x0000000008007aa6       0x8c build/user_diskio_spi.o
 *fill*         0x0000000008007b32        0x2 
 .text.SPI_Timer_On
                0x0000000008007b34       0x1c build/user_diskio_spi.o
                0x0000000008007b34                SPI_Timer_On
 .text.SPI_Timer_Status
                0x0000000008007b50       0x24 build/user_diskio_spi.o
                0x0000000008007b50                SPI_Timer_Status
 .text.rcvr_datablock
                0x0000000008007b74       0x40 build/user_diskio_spi.o
 .text.USER_SPI_initialize
                0x0000000008007bb4      0x164 build/user_diskio_spi.o
                0x0000000008007bb4                USER_SPI_initialize
 .text.USER_SPI_status
                0x0000000008007d18       0x14 build/user_diskio_spi.o
                0x0000000008007d18                USER_SPI_status
 .text.USER_SPI_read
                0x0000000008007d2c       0x8c build/user_diskio_spi.o
                0x0000000008007d2c                USER_SPI_read
 .text.USER_SPI_write
                0x0000000008007db8       0xb0 build/user_diskio_spi.o
                0x0000000008007db8                USER_SPI_write
 .text.USER_SPI_ioctl
                0x0000000008007e68      0x224 build/user_diskio_spi.o
                0x0000000008007e68                USER_SPI_ioctl
 .text.HAL_ADC_Init
                0x000000000800808c      0x2cc build/stm32g4xx_hal_adc.o
                0x000000000800808c                HAL_ADC_Init
 .text.HAL_ADC_PollForConversion
                0x0000000008008358      0x150 build/stm32g4xx_hal_adc.o
                0x0000000008008358                HAL_ADC_PollForConversion
 .text.HAL_ADC_GetValue
                0x00000000080084a8        0x6 build/stm32g4xx_hal_adc.o
                0x00000000080084a8                HAL_ADC_GetValue
 *fill*         0x00000000080084ae        0x2 
 .text.HAL_ADC_ConfigChannel
                0x00000000080084b0      0x534 build/stm32g4xx_hal_adc.o
                0x00000000080084b0                HAL_ADC_ConfigChannel
 .text.ADC_Enable
                0x00000000080089e4       0x98 build/stm32g4xx_hal_adc.o
                0x00000000080089e4                ADC_Enable
 .text.HAL_ADC_Start
                0x0000000008008a7c      0x130 build/stm32g4xx_hal_adc.o
                0x0000000008008a7c                HAL_ADC_Start
 .text.HAL_Init
                0x0000000008008bac       0x1e build/stm32g4xx_hal.o
                0x0000000008008bac                HAL_Init
 *fill*         0x0000000008008bca        0x2 
 .text.HAL_IncTick
                0x0000000008008bcc       0x18 build/stm32g4xx_hal.o
                0x0000000008008bcc                HAL_IncTick
 .text.HAL_GetTick
                0x0000000008008be4        0xc build/stm32g4xx_hal.o
                0x0000000008008be4                HAL_GetTick
 .text.HAL_Delay
                0x0000000008008bf0       0x28 build/stm32g4xx_hal.o
                0x0000000008008bf0                HAL_Delay
 .text.HAL_SYSCFG_VREFBUF_VoltageScalingConfig
                0x0000000008008c18       0x14 build/stm32g4xx_hal.o
                0x0000000008008c18                HAL_SYSCFG_VREFBUF_VoltageScalingConfig
 .text.HAL_SYSCFG_VREFBUF_HighImpedanceConfig
                0x0000000008008c2c       0x14 build/stm32g4xx_hal.o
                0x0000000008008c2c                HAL_SYSCFG_VREFBUF_HighImpedanceConfig
 .text.HAL_SYSCFG_EnableVREFBUF
                0x0000000008008c40       0x34 build/stm32g4xx_hal.o
                0x0000000008008c40                HAL_SYSCFG_EnableVREFBUF
 .text.RCC_GetSysClockFreqFromPLLSource
                0x0000000008008c74       0x58 build/stm32g4xx_hal_rcc.o
 .text.HAL_RCC_OscConfig
                0x0000000008008ccc      0x4e8 build/stm32g4xx_hal_rcc.o
                0x0000000008008ccc                HAL_RCC_OscConfig
 .text.HAL_RCC_GetSysClockFreq
                0x00000000080091b4       0x88 build/stm32g4xx_hal_rcc.o
                0x00000000080091b4                HAL_RCC_GetSysClockFreq
 .text.HAL_RCC_ClockConfig
                0x000000000800923c      0x1fc build/stm32g4xx_hal_rcc.o
                0x000000000800923c                HAL_RCC_ClockConfig
 .text.HAL_RCC_GetHCLKFreq
                0x0000000008009438        0xc build/stm32g4xx_hal_rcc.o
                0x0000000008009438                HAL_RCC_GetHCLKFreq
 .text.HAL_RCC_GetPCLK1Freq
                0x0000000008009444       0x24 build/stm32g4xx_hal_rcc.o
                0x0000000008009444                HAL_RCC_GetPCLK1Freq
 .text.HAL_RCC_GetPCLK2Freq
                0x0000000008009468       0x24 build/stm32g4xx_hal_rcc.o
                0x0000000008009468                HAL_RCC_GetPCLK2Freq
 .text.HAL_RCC_GetClockConfig
                0x000000000800948c       0x3c build/stm32g4xx_hal_rcc.o
                0x000000000800948c                HAL_RCC_GetClockConfig
 .text.HAL_RCCEx_PeriphCLKConfig
                0x00000000080094c8      0x378 build/stm32g4xx_hal_rcc_ex.o
                0x00000000080094c8                HAL_RCCEx_PeriphCLKConfig
 .text.HAL_GPIO_Init
                0x0000000008009840      0x1a0 build/stm32g4xx_hal_gpio.o
                0x0000000008009840                HAL_GPIO_Init
 .text.HAL_GPIO_WritePin
                0x00000000080099e0        0xa build/stm32g4xx_hal_gpio.o
                0x00000000080099e0                HAL_GPIO_WritePin
 .text.HAL_GPIO_TogglePin
                0x00000000080099ea       0x12 build/stm32g4xx_hal_gpio.o
                0x00000000080099ea                HAL_GPIO_TogglePin
 .text.DMA_CalcDMAMUXChannelBaseAndMask
                0x00000000080099fc       0x48 build/stm32g4xx_hal_dma.o
 .text.DMA_CalcDMAMUXRequestGenBaseAndMask
                0x0000000008009a44       0x28 build/stm32g4xx_hal_dma.o
 .text.HAL_DMA_Init
                0x0000000008009a6c       0xdc build/stm32g4xx_hal_dma.o
                0x0000000008009a6c                HAL_DMA_Init
 .text.HAL_DMA_Abort
                0x0000000008009b48       0x6c build/stm32g4xx_hal_dma.o
                0x0000000008009b48                HAL_DMA_Abort
 .text.HAL_DMA_Abort_IT
                0x0000000008009bb4       0x7e build/stm32g4xx_hal_dma.o
                0x0000000008009bb4                HAL_DMA_Abort_IT
 .text.HAL_DMA_IRQHandler
                0x0000000008009c32       0xc4 build/stm32g4xx_hal_dma.o
                0x0000000008009c32                HAL_DMA_IRQHandler
 *fill*         0x0000000008009cf6        0x2 
 .text.HAL_PWREx_ControlVoltageScaling
                0x0000000008009cf8      0x10c build/stm32g4xx_hal_pwr_ex.o
                0x0000000008009cf8                HAL_PWREx_ControlVoltageScaling
 .text.HAL_PWREx_DisableUCPDDeadBattery
                0x0000000008009e04       0x10 build/stm32g4xx_hal_pwr_ex.o
                0x0000000008009e04                HAL_PWREx_DisableUCPDDeadBattery
 .text.HAL_NVIC_SetPriorityGrouping
                0x0000000008009e14       0x24 build/stm32g4xx_hal_cortex.o
                0x0000000008009e14                HAL_NVIC_SetPriorityGrouping
 .text.HAL_NVIC_SetPriority
                0x0000000008009e38       0x68 build/stm32g4xx_hal_cortex.o
                0x0000000008009e38                HAL_NVIC_SetPriority
 .text.HAL_NVIC_EnableIRQ
                0x0000000008009ea0       0x1c build/stm32g4xx_hal_cortex.o
                0x0000000008009ea0                HAL_NVIC_EnableIRQ
 .text.HAL_DAC_Init
                0x0000000008009ebc       0x24 build/stm32g4xx_hal_dac.o
                0x0000000008009ebc                HAL_DAC_Init
 .text.HAL_DAC_DMAUnderrunCallbackCh1
                0x0000000008009ee0        0x2 build/stm32g4xx_hal_dac.o
                0x0000000008009ee0                HAL_DAC_DMAUnderrunCallbackCh1
 .text.HAL_DAC_IRQHandler
                0x0000000008009ee2       0x70 build/stm32g4xx_hal_dac.o
                0x0000000008009ee2                HAL_DAC_IRQHandler
 *fill*         0x0000000008009f52        0x2 
 .text.HAL_DAC_ConfigChannel
                0x0000000008009f54      0x200 build/stm32g4xx_hal_dac.o
                0x0000000008009f54                HAL_DAC_ConfigChannel
 .text.HAL_DACEx_DMAUnderrunCallbackCh2
                0x000000000800a154        0x2 build/stm32g4xx_hal_dac_ex.o
                0x000000000800a154                HAL_DACEx_DMAUnderrunCallbackCh2
 *fill*         0x000000000800a156        0x2 
 .text.HAL_OPAMP_Init
                0x000000000800a158      0x12c build/stm32g4xx_hal_opamp.o
                0x000000000800a158                HAL_OPAMP_Init
 .text.HAL_OPAMP_Start
                0x000000000800a284       0x36 build/stm32g4xx_hal_opamp.o
                0x000000000800a284                HAL_OPAMP_Start
 .text.QSPI_WaitFlagStateUntilTimeout
                0x000000000800a2ba       0x4c build/stm32g4xx_hal_qspi.o
 .text.HAL_QSPI_SetTimeout
                0x000000000800a306        0x4 build/stm32g4xx_hal_qspi.o
                0x000000000800a306                HAL_QSPI_SetTimeout
 *fill*         0x000000000800a30a        0x2 
 .text.HAL_QSPI_Init
                0x000000000800a30c       0xc8 build/stm32g4xx_hal_qspi.o
                0x000000000800a30c                HAL_QSPI_Init
 .text.SPI_WaitFlagStateUntilTimeout
                0x000000000800a3d4       0xd0 build/stm32g4xx_hal_spi.o
 .text.SPI_WaitFifoStateUntilTimeout
                0x000000000800a4a4       0xe4 build/stm32g4xx_hal_spi.o
 .text.SPI_EndRxTxTransaction
                0x000000000800a588       0x66 build/stm32g4xx_hal_spi.o
 .text.SPI_EndRxTransaction
                0x000000000800a5ee       0x88 build/stm32g4xx_hal_spi.o
 .text.HAL_SPI_Init
                0x000000000800a676       0xe8 build/stm32g4xx_hal_spi.o
                0x000000000800a676                HAL_SPI_Init
 .text.HAL_SPI_Transmit
                0x000000000800a75e      0x1e6 build/stm32g4xx_hal_spi.o
                0x000000000800a75e                HAL_SPI_Transmit
 .text.HAL_SPI_TransmitReceive
                0x000000000800a944      0x2ce build/stm32g4xx_hal_spi.o
                0x000000000800a944                HAL_SPI_TransmitReceive
 .text.HAL_SPI_Receive
                0x000000000800ac12      0x19e build/stm32g4xx_hal_spi.o
                0x000000000800ac12                HAL_SPI_Receive
 .text.TIM_OC1_SetConfig
                0x000000000800adb0       0xac build/stm32g4xx_hal_tim.o
 .text.TIM_OC3_SetConfig
                0x000000000800ae5c       0x9c build/stm32g4xx_hal_tim.o
 .text.TIM_OC4_SetConfig
                0x000000000800aef8       0x9c build/stm32g4xx_hal_tim.o
 .text.TIM_OC5_SetConfig
                0x000000000800af94       0x70 build/stm32g4xx_hal_tim.o
 .text.TIM_OC6_SetConfig
                0x000000000800b004       0x74 build/stm32g4xx_hal_tim.o
 .text.HAL_TIM_Base_MspInit
                0x000000000800b078        0x2 build/stm32g4xx_hal_tim.o
                0x000000000800b078                HAL_TIM_Base_MspInit
 *fill*         0x000000000800b07a        0x2 
 .text.HAL_TIM_Base_Start_IT
                0x000000000800b07c       0x94 build/stm32g4xx_hal_tim.o
                0x000000000800b07c                HAL_TIM_Base_Start_IT
 .text.HAL_TIM_OC_DelayElapsedCallback
                0x000000000800b110        0x2 build/stm32g4xx_hal_tim.o
                0x000000000800b110                HAL_TIM_OC_DelayElapsedCallback
 .text.HAL_TIM_IC_CaptureCallback
                0x000000000800b112        0x2 build/stm32g4xx_hal_tim.o
                0x000000000800b112                HAL_TIM_IC_CaptureCallback
 .text.HAL_TIM_PWM_PulseFinishedCallback
                0x000000000800b114        0x2 build/stm32g4xx_hal_tim.o
                0x000000000800b114                HAL_TIM_PWM_PulseFinishedCallback
 .text.HAL_TIM_TriggerCallback
                0x000000000800b116        0x2 build/stm32g4xx_hal_tim.o
                0x000000000800b116                HAL_TIM_TriggerCallback
 .text.HAL_TIM_IRQHandler
                0x000000000800b118      0x21e build/stm32g4xx_hal_tim.o
                0x000000000800b118                HAL_TIM_IRQHandler
 *fill*         0x000000000800b336        0x2 
 .text.TIM_Base_SetConfig
                0x000000000800b338       0xe0 build/stm32g4xx_hal_tim.o
                0x000000000800b338                TIM_Base_SetConfig
 .text.HAL_TIM_Base_Init
                0x000000000800b418       0x5e build/stm32g4xx_hal_tim.o
                0x000000000800b418                HAL_TIM_Base_Init
 .text.HAL_TIM_OC_Init
                0x000000000800b476       0x5e build/stm32g4xx_hal_tim.o
                0x000000000800b476                HAL_TIM_OC_Init
 .text.HAL_TIM_PWM_Init
                0x000000000800b4d4       0x5e build/stm32g4xx_hal_tim.o
                0x000000000800b4d4                HAL_TIM_PWM_Init
 *fill*         0x000000000800b532        0x2 
 .text.TIM_OC2_SetConfig
                0x000000000800b534       0x9c build/stm32g4xx_hal_tim.o
                0x000000000800b534                TIM_OC2_SetConfig
 .text.HAL_TIM_OC_ConfigChannel
                0x000000000800b5d0       0x6a build/stm32g4xx_hal_tim.o
                0x000000000800b5d0                HAL_TIM_OC_ConfigChannel
 .text.HAL_TIM_PWM_ConfigChannel
                0x000000000800b63a      0x128 build/stm32g4xx_hal_tim.o
                0x000000000800b63a                HAL_TIM_PWM_ConfigChannel
 *fill*         0x000000000800b762        0x2 
 .text.HAL_TIMEx_MasterConfigSynchronization
                0x000000000800b764       0xac build/stm32g4xx_hal_tim_ex.o
                0x000000000800b764                HAL_TIMEx_MasterConfigSynchronization
 .text.HAL_TIMEx_ConfigBreakDeadTime
                0x000000000800b810       0xd4 build/stm32g4xx_hal_tim_ex.o
                0x000000000800b810                HAL_TIMEx_ConfigBreakDeadTime
 .text.HAL_TIMEx_CommutCallback
                0x000000000800b8e4        0x2 build/stm32g4xx_hal_tim_ex.o
                0x000000000800b8e4                HAL_TIMEx_CommutCallback
 .text.HAL_TIMEx_BreakCallback
                0x000000000800b8e6        0x2 build/stm32g4xx_hal_tim_ex.o
                0x000000000800b8e6                HAL_TIMEx_BreakCallback
 .text.HAL_TIMEx_Break2Callback
                0x000000000800b8e8        0x2 build/stm32g4xx_hal_tim_ex.o
                0x000000000800b8e8                HAL_TIMEx_Break2Callback
 .text.HAL_TIMEx_EncoderIndexCallback
                0x000000000800b8ea        0x2 build/stm32g4xx_hal_tim_ex.o
                0x000000000800b8ea                HAL_TIMEx_EncoderIndexCallback
 .text.HAL_TIMEx_DirectionChangeCallback
                0x000000000800b8ec        0x2 build/stm32g4xx_hal_tim_ex.o
                0x000000000800b8ec                HAL_TIMEx_DirectionChangeCallback
 .text.HAL_TIMEx_IndexErrorCallback
                0x000000000800b8ee        0x2 build/stm32g4xx_hal_tim_ex.o
                0x000000000800b8ee                HAL_TIMEx_IndexErrorCallback
 .text.HAL_TIMEx_TransitionErrorCallback
                0x000000000800b8f0        0x2 build/stm32g4xx_hal_tim_ex.o
                0x000000000800b8f0                HAL_TIMEx_TransitionErrorCallback
 .text.HAL_PCD_EP_DB_Receive
                0x000000000800b8f2      0x10a build/stm32g4xx_hal_pcd.o
 .text.HAL_PCD_Init
                0x000000000800b9fc       0xda build/stm32g4xx_hal_pcd.o
                0x000000000800b9fc                HAL_PCD_Init
 .text.HAL_PCD_Start
                0x000000000800bad6       0x2a build/stm32g4xx_hal_pcd.o
                0x000000000800bad6                HAL_PCD_Start
 .text.HAL_PCD_EP_DB_Transmit
                0x000000000800bb00      0x3d0 build/stm32g4xx_hal_pcd.o
 .text.PCD_EP_ISR_Handler
                0x000000000800bed0      0x3fa build/stm32g4xx_hal_pcd.o
 .text.HAL_PCD_SetAddress
                0x000000000800c2ca       0x28 build/stm32g4xx_hal_pcd.o
                0x000000000800c2ca                HAL_PCD_SetAddress
 .text.HAL_PCD_IRQHandler
                0x000000000800c2f2      0x1d2 build/stm32g4xx_hal_pcd.o
                0x000000000800c2f2                HAL_PCD_IRQHandler
 .text.HAL_PCD_EP_Open
                0x000000000800c4c4       0x74 build/stm32g4xx_hal_pcd.o
                0x000000000800c4c4                HAL_PCD_EP_Open
 .text.HAL_PCD_EP_Close
                0x000000000800c538       0x62 build/stm32g4xx_hal_pcd.o
                0x000000000800c538                HAL_PCD_EP_Close
 .text.HAL_PCD_EP_Receive
                0x000000000800c59a       0x42 build/stm32g4xx_hal_pcd.o
                0x000000000800c59a                HAL_PCD_EP_Receive
 .text.HAL_PCD_EP_GetRxCount
                0x000000000800c5dc       0x12 build/stm32g4xx_hal_pcd.o
                0x000000000800c5dc                HAL_PCD_EP_GetRxCount
 .text.HAL_PCD_EP_Transmit
                0x000000000800c5ee       0x4a build/stm32g4xx_hal_pcd.o
                0x000000000800c5ee                HAL_PCD_EP_Transmit
 .text.HAL_PCD_EP_SetStall
                0x000000000800c638       0x68 build/stm32g4xx_hal_pcd.o
                0x000000000800c638                HAL_PCD_EP_SetStall
 .text.HAL_PCD_EP_ClrStall
                0x000000000800c6a0       0x74 build/stm32g4xx_hal_pcd.o
                0x000000000800c6a0                HAL_PCD_EP_ClrStall
 .text.HAL_PCDEx_PMAConfig
                0x000000000800c714       0x3e build/stm32g4xx_hal_pcd_ex.o
                0x000000000800c714                HAL_PCDEx_PMAConfig
 .text.HAL_PCDEx_ActivateLPM
                0x000000000800c752       0x28 build/stm32g4xx_hal_pcd_ex.o
                0x000000000800c752                HAL_PCDEx_ActivateLPM
 .text.USB_EnableGlobalInt
                0x000000000800c77a       0x12 build/stm32g4xx_ll_usb.o
                0x000000000800c77a                USB_EnableGlobalInt
 .text.USB_DisableGlobalInt
                0x000000000800c78c       0x14 build/stm32g4xx_ll_usb.o
                0x000000000800c78c                USB_DisableGlobalInt
 .text.USB_DevInit
                0x000000000800c7a0       0x28 build/stm32g4xx_ll_usb.o
                0x000000000800c7a0                USB_DevInit
 .text.USB_ActivateEndpoint
                0x000000000800c7c8      0x332 build/stm32g4xx_ll_usb.o
                0x000000000800c7c8                USB_ActivateEndpoint
 .text.USB_DeactivateEndpoint
                0x000000000800cafa      0x1d6 build/stm32g4xx_ll_usb.o
                0x000000000800cafa                USB_DeactivateEndpoint
 .text.USB_EPSetStall
                0x000000000800ccd0       0x4a build/stm32g4xx_ll_usb.o
                0x000000000800ccd0                USB_EPSetStall
 .text.USB_EPClearStall
                0x000000000800cd1a       0xa2 build/stm32g4xx_ll_usb.o
                0x000000000800cd1a                USB_EPClearStall
 .text.USB_SetDevAddress
                0x000000000800cdbc        0xc build/stm32g4xx_ll_usb.o
                0x000000000800cdbc                USB_SetDevAddress
 .text.USB_DevConnect
                0x000000000800cdc8       0x10 build/stm32g4xx_ll_usb.o
                0x000000000800cdc8                USB_DevConnect
 .text.USB_ReadInterrupts
                0x000000000800cdd8        0x6 build/stm32g4xx_ll_usb.o
                0x000000000800cdd8                USB_ReadInterrupts
 .text.USB_WritePMA
                0x000000000800cdde       0x2a build/stm32g4xx_ll_usb.o
                0x000000000800cdde                USB_WritePMA
 .text.USB_EPStartXfer
                0x000000000800ce08      0x824 build/stm32g4xx_ll_usb.o
                0x000000000800ce08                USB_EPStartXfer
 .text.USB_ReadPMA
                0x000000000800d62c       0x2e build/stm32g4xx_ll_usb.o
                0x000000000800d62c                USB_ReadPMA
 *fill*         0x000000000800d65a        0x2 
 .text.SystemInit
                0x000000000800d65c       0x1c build/system_stm32g4xx.o
                0x000000000800d65c                SystemInit
 .text.MX_FATFS_Init
                0x000000000800d678       0x28 build/app_fatfs.o
                0x000000000800d678                MX_FATFS_Init
 .text.USER_initialize
                0x000000000800d6a0        0x8 build/user_diskio.o
                0x000000000800d6a0                USER_initialize
 .text.USER_status
                0x000000000800d6a8        0x8 build/user_diskio.o
                0x000000000800d6a8                USER_status
 .text.USER_read
                0x000000000800d6b0        0x8 build/user_diskio.o
                0x000000000800d6b0                USER_read
 .text.USER_write
                0x000000000800d6b8        0x8 build/user_diskio.o
                0x000000000800d6b8                USER_write
 .text.USER_ioctl
                0x000000000800d6c0        0x8 build/user_diskio.o
                0x000000000800d6c0                USER_ioctl
 .text.FATFS_LinkDriverEx
                0x000000000800d6c8       0x48 build/ff_gen_drv.o
                0x000000000800d6c8                FATFS_LinkDriverEx
 .text.FATFS_LinkDriver
                0x000000000800d710        0xa build/ff_gen_drv.o
                0x000000000800d710                FATFS_LinkDriver
 *fill*         0x000000000800d71a        0x2 
 .text.MX_UART5_Init
                0x000000000800d71c       0x68 build/usart.o
                0x000000000800d71c                MX_UART5_Init
 .text.MX_USART1_UART_Init
                0x000000000800d784       0x74 build/usart.o
                0x000000000800d784                MX_USART1_UART_Init
 .text.HAL_UART_MspInit
                0x000000000800d7f8       0xec build/usart.o
                0x000000000800d7f8                HAL_UART_MspInit
 .text.UART_EndRxTransfer
                0x000000000800d8e4       0x38 build/stm32g4xx_hal_uart.o
 .text.HAL_UART_TxCpltCallback
                0x000000000800d91c        0x2 build/stm32g4xx_hal_uart.o
                0x000000000800d91c                HAL_UART_TxCpltCallback
 .text.UART_EndTransmit_IT
                0x000000000800d91e       0x1c build/stm32g4xx_hal_uart.o
 .text.HAL_UART_ErrorCallback
                0x000000000800d93a        0x2 build/stm32g4xx_hal_uart.o
                0x000000000800d93a                HAL_UART_ErrorCallback
 .text.UART_DMAAbortOnError
                0x000000000800d93c       0x14 build/stm32g4xx_hal_uart.o
 .text.HAL_UARTEx_RxEventCallback
                0x000000000800d950        0x2 build/stm32g4xx_hal_uart.o
                0x000000000800d950                HAL_UARTEx_RxEventCallback
 *fill*         0x000000000800d952        0x2 
 .text.HAL_UART_IRQHandler
                0x000000000800d954      0x2cc build/stm32g4xx_hal_uart.o
                0x000000000800d954                HAL_UART_IRQHandler
 .text.UART_SetConfig
                0x000000000800dc20      0x384 build/stm32g4xx_hal_uart.o
                0x000000000800dc20                UART_SetConfig
 .text.UART_AdvFeatureConfig
                0x000000000800dfa4       0xca build/stm32g4xx_hal_uart.o
                0x000000000800dfa4                UART_AdvFeatureConfig
 .text.UART_WaitOnFlagUntilTimeout
                0x000000000800e06e       0xa6 build/stm32g4xx_hal_uart.o
                0x000000000800e06e                UART_WaitOnFlagUntilTimeout
 .text.UART_CheckIdleState
                0x000000000800e114       0x74 build/stm32g4xx_hal_uart.o
                0x000000000800e114                UART_CheckIdleState
 .text.HAL_UART_Init
                0x000000000800e188       0x66 build/stm32g4xx_hal_uart.o
                0x000000000800e188                HAL_UART_Init
 *fill*         0x000000000800e1ee        0x2 
 .text.UARTEx_SetNbDataToProcess
                0x000000000800e1f0       0x4c build/stm32g4xx_hal_uart_ex.o
 .text.HAL_UARTEx_WakeupCallback
                0x000000000800e23c        0x2 build/stm32g4xx_hal_uart_ex.o
                0x000000000800e23c                HAL_UARTEx_WakeupCallback
 .text.HAL_UARTEx_RxFifoFullCallback
                0x000000000800e23e        0x2 build/stm32g4xx_hal_uart_ex.o
                0x000000000800e23e                HAL_UARTEx_RxFifoFullCallback
 .text.HAL_UARTEx_TxFifoEmptyCallback
                0x000000000800e240        0x2 build/stm32g4xx_hal_uart_ex.o
                0x000000000800e240                HAL_UARTEx_TxFifoEmptyCallback
 .text.HAL_UARTEx_DisableFifoMode
                0x000000000800e242       0x3e build/stm32g4xx_hal_uart_ex.o
                0x000000000800e242                HAL_UARTEx_DisableFifoMode
 .text.HAL_UARTEx_SetTxFifoThreshold
                0x000000000800e280       0x4a build/stm32g4xx_hal_uart_ex.o
                0x000000000800e280                HAL_UARTEx_SetTxFifoThreshold
 .text.HAL_UARTEx_SetRxFifoThreshold
                0x000000000800e2ca       0x4a build/stm32g4xx_hal_uart_ex.o
                0x000000000800e2ca                HAL_UARTEx_SetRxFifoThreshold
 .text.MX_I2C2_Init
                0x000000000800e314       0x58 build/i2c.o
                0x000000000800e314                MX_I2C2_Init
 .text.HAL_I2C_MspInit
                0x000000000800e36c       0x68 build/i2c.o
                0x000000000800e36c                HAL_I2C_MspInit
 .text.I2C_Flush_TXDR
                0x000000000800e3d4       0x22 build/stm32g4xx_hal_i2c.o
 .text.I2C_TransferConfig
                0x000000000800e3f6       0x36 build/stm32g4xx_hal_i2c.o
 .text.I2C_IsAcknowledgeFailed
                0x000000000800e42c       0x90 build/stm32g4xx_hal_i2c.o
 .text.I2C_WaitOnTXISFlagUntilTimeout
                0x000000000800e4bc       0x56 build/stm32g4xx_hal_i2c.o
 .text.I2C_WaitOnFlagUntilTimeout
                0x000000000800e512       0x52 build/stm32g4xx_hal_i2c.o
 .text.I2C_RequestMemoryWrite
                0x000000000800e564       0x70 build/stm32g4xx_hal_i2c.o
 .text.I2C_WaitOnSTOPFlagUntilTimeout
                0x000000000800e5d4       0x50 build/stm32g4xx_hal_i2c.o
 .text.I2C_WaitOnRXNEFlagUntilTimeout
                0x000000000800e624       0x98 build/stm32g4xx_hal_i2c.o
 .text.HAL_I2C_Init
                0x000000000800e6bc       0xbc build/stm32g4xx_hal_i2c.o
                0x000000000800e6bc                HAL_I2C_Init
 .text.HAL_I2C_Master_Transmit
                0x000000000800e778      0x17c build/stm32g4xx_hal_i2c.o
                0x000000000800e778                HAL_I2C_Master_Transmit
 .text.HAL_I2C_Master_Receive
                0x000000000800e8f4      0x17c build/stm32g4xx_hal_i2c.o
                0x000000000800e8f4                HAL_I2C_Master_Receive
 .text.HAL_I2C_Mem_Write
                0x000000000800ea70      0x1a4 build/stm32g4xx_hal_i2c.o
                0x000000000800ea70                HAL_I2C_Mem_Write
 .text.HAL_I2CEx_ConfigAnalogFilter
                0x000000000800ec14       0x5c build/stm32g4xx_hal_i2c_ex.o
                0x000000000800ec14                HAL_I2CEx_ConfigAnalogFilter
 .text.HAL_I2CEx_ConfigDigitalFilter
                0x000000000800ec70       0x58 build/stm32g4xx_hal_i2c_ex.o
                0x000000000800ec70                HAL_I2CEx_ConfigDigitalFilter
 .text.HAL_InitTick
                0x000000000800ecc8       0x90 build/stm32g4xx_hal_timebase_tim.o
                0x000000000800ecc8                HAL_InitTick
 .text.MX_USB_Device_Init
                0x000000000800ed58       0x54 build/usb_device.o
                0x000000000800ed58                MX_USB_Device_Init
 .text.USBD_CDC_DeviceDescriptor
                0x000000000800edac        0xc build/usbd_desc.o
                0x000000000800edac                USBD_CDC_DeviceDescriptor
 .text.USBD_CDC_LangIDStrDescriptor
                0x000000000800edb8        0xc build/usbd_desc.o
                0x000000000800edb8                USBD_CDC_LangIDStrDescriptor
 .text.IntToUnicode
                0x000000000800edc4       0x36 build/usbd_desc.o
 *fill*         0x000000000800edfa        0x2 
 .text.Get_SerialNum
                0x000000000800edfc       0x34 build/usbd_desc.o
 .text.USBD_CDC_SerialStrDescriptor
                0x000000000800ee30       0x14 build/usbd_desc.o
                0x000000000800ee30                USBD_CDC_SerialStrDescriptor
 .text.USBD_CDC_ProductStrDescriptor
                0x000000000800ee44       0x24 build/usbd_desc.o
                0x000000000800ee44                USBD_CDC_ProductStrDescriptor
 .text.USBD_CDC_ManufacturerStrDescriptor
                0x000000000800ee68       0x1c build/usbd_desc.o
                0x000000000800ee68                USBD_CDC_ManufacturerStrDescriptor
 .text.USBD_CDC_ConfigStrDescriptor
                0x000000000800ee84       0x24 build/usbd_desc.o
                0x000000000800ee84                USBD_CDC_ConfigStrDescriptor
 .text.USBD_CDC_InterfaceStrDescriptor
                0x000000000800eea8       0x24 build/usbd_desc.o
                0x000000000800eea8                USBD_CDC_InterfaceStrDescriptor
 .text.USBD_Get_USB_Status
                0x000000000800eecc       0x12 build/usbd_conf.o
 .text.SystemClockConfig_Resume
                0x000000000800eede        0x8 build/usbd_conf.o
 *fill*         0x000000000800eee6        0x2 
 .text.HAL_PCD_MspInit
                0x000000000800eee8       0x40 build/usbd_conf.o
                0x000000000800eee8                HAL_PCD_MspInit
 .text.HAL_PCD_SetupStageCallback
                0x000000000800ef28       0x10 build/usbd_conf.o
                0x000000000800ef28                HAL_PCD_SetupStageCallback
 .text.HAL_PCD_DataOutStageCallback
                0x000000000800ef38       0x18 build/usbd_conf.o
                0x000000000800ef38                HAL_PCD_DataOutStageCallback
 .text.HAL_PCD_DataInStageCallback
                0x000000000800ef50       0x16 build/usbd_conf.o
                0x000000000800ef50                HAL_PCD_DataInStageCallback
 .text.HAL_PCD_SOFCallback
                0x000000000800ef66        0xc build/usbd_conf.o
                0x000000000800ef66                HAL_PCD_SOFCallback
 .text.HAL_PCD_ResetCallback
                0x000000000800ef72       0x22 build/usbd_conf.o
                0x000000000800ef72                HAL_PCD_ResetCallback
 .text.HAL_PCD_SuspendCallback
                0x000000000800ef94       0x20 build/usbd_conf.o
                0x000000000800ef94                HAL_PCD_SuspendCallback
 .text.HAL_PCD_ResumeCallback
                0x000000000800efb4       0x28 build/usbd_conf.o
                0x000000000800efb4                HAL_PCD_ResumeCallback
 .text.USBD_LL_Init
                0x000000000800efdc       0x88 build/usbd_conf.o
                0x000000000800efdc                USBD_LL_Init
 .text.USBD_LL_Start
                0x000000000800f064       0x10 build/usbd_conf.o
                0x000000000800f064                USBD_LL_Start
 .text.USBD_LL_OpenEP
                0x000000000800f074       0x16 build/usbd_conf.o
                0x000000000800f074                USBD_LL_OpenEP
 .text.USBD_LL_CloseEP
                0x000000000800f08a       0x10 build/usbd_conf.o
                0x000000000800f08a                USBD_LL_CloseEP
 .text.USBD_LL_StallEP
                0x000000000800f09a       0x10 build/usbd_conf.o
                0x000000000800f09a                USBD_LL_StallEP
 .text.USBD_LL_ClearStallEP
                0x000000000800f0aa       0x10 build/usbd_conf.o
                0x000000000800f0aa                USBD_LL_ClearStallEP
 .text.USBD_LL_IsStallEP
                0x000000000800f0ba       0x2e build/usbd_conf.o
                0x000000000800f0ba                USBD_LL_IsStallEP
 .text.USBD_LL_SetUSBAddress
                0x000000000800f0e8       0x10 build/usbd_conf.o
                0x000000000800f0e8                USBD_LL_SetUSBAddress
 .text.USBD_LL_Transmit
                0x000000000800f0f8       0x10 build/usbd_conf.o
                0x000000000800f0f8                USBD_LL_Transmit
 .text.USBD_LL_PrepareReceive
                0x000000000800f108       0x10 build/usbd_conf.o
                0x000000000800f108                USBD_LL_PrepareReceive
 .text.USBD_LL_GetRxDataSize
                0x000000000800f118        0xc build/usbd_conf.o
                0x000000000800f118                USBD_LL_GetRxDataSize
 .text.HAL_PCDEx_LPM_Callback
                0x000000000800f124       0x48 build/usbd_conf.o
                0x000000000800f124                HAL_PCDEx_LPM_Callback
 .text.USBD_static_malloc
                0x000000000800f16c        0x8 build/usbd_conf.o
                0x000000000800f16c                USBD_static_malloc
 .text.USBD_static_free
                0x000000000800f174        0x2 build/usbd_conf.o
                0x000000000800f174                USBD_static_free
 .text.USBD_Init
                0x000000000800f176       0x2e build/usbd_core.o
                0x000000000800f176                USBD_Init
 .text.USBD_RegisterClass
                0x000000000800f1a4       0x2e build/usbd_core.o
                0x000000000800f1a4                USBD_RegisterClass
 .text.USBD_Start
                0x000000000800f1d2        0x8 build/usbd_core.o
                0x000000000800f1d2                USBD_Start
 .text.USBD_SetClassConfig
                0x000000000800f1da       0x12 build/usbd_core.o
                0x000000000800f1da                USBD_SetClassConfig
 .text.USBD_ClrClassConfig
                0x000000000800f1ec       0x10 build/usbd_core.o
                0x000000000800f1ec                USBD_ClrClassConfig
 .text.USBD_LL_SetupStage
                0x000000000800f1fc       0x58 build/usbd_core.o
                0x000000000800f1fc                USBD_LL_SetupStage
 .text.USBD_LL_DataOutStage
                0x000000000800f254       0x76 build/usbd_core.o
                0x000000000800f254                USBD_LL_DataOutStage
 .text.USBD_LL_DataInStage
                0x000000000800f2ca       0xba build/usbd_core.o
                0x000000000800f2ca                USBD_LL_DataInStage
 .text.USBD_LL_Reset
                0x000000000800f384       0x5a build/usbd_core.o
                0x000000000800f384                USBD_LL_Reset
 .text.USBD_LL_SetSpeed
                0x000000000800f3de        0x6 build/usbd_core.o
                0x000000000800f3de                USBD_LL_SetSpeed
 .text.USBD_LL_Suspend
                0x000000000800f3e4       0x14 build/usbd_core.o
                0x000000000800f3e4                USBD_LL_Suspend
 .text.USBD_LL_Resume
                0x000000000800f3f8       0x1a build/usbd_core.o
                0x000000000800f3f8                USBD_LL_Resume
 .text.USBD_LL_SOF
                0x000000000800f412       0x28 build/usbd_core.o
                0x000000000800f412                USBD_LL_SOF
 .text.USBD_GetLen
                0x000000000800f43a       0x14 build/usbd_ctlreq.o
 .text.USBD_SetFeature
                0x000000000800f44e       0x14 build/usbd_ctlreq.o
 .text.USBD_ParseSetupRequest
                0x000000000800f462       0x28 build/usbd_ctlreq.o
                0x000000000800f462                USBD_ParseSetupRequest
 .text.USBD_CtlError
                0x000000000800f48a       0x14 build/usbd_ctlreq.o
                0x000000000800f48a                USBD_CtlError
 .text.USBD_GetDescriptor
                0x000000000800f49e      0x1ac build/usbd_ctlreq.o
 .text.USBD_SetAddress
                0x000000000800f64a       0x50 build/usbd_ctlreq.o
 *fill*         0x000000000800f69a        0x2 
 .text.USBD_SetConfig
                0x000000000800f69c       0xcc build/usbd_ctlreq.o
 .text.USBD_GetConfig
                0x000000000800f768       0x40 build/usbd_ctlreq.o
 .text.USBD_GetStatus
                0x000000000800f7a8       0x38 build/usbd_ctlreq.o
 .text.USBD_ClrFeature
                0x000000000800f7e0       0x26 build/usbd_ctlreq.o
 .text.USBD_StdDevReq
                0x000000000800f806       0x76 build/usbd_ctlreq.o
                0x000000000800f806                USBD_StdDevReq
 .text.USBD_StdItfReq
                0x000000000800f87c       0x68 build/usbd_ctlreq.o
                0x000000000800f87c                USBD_StdItfReq
 .text.USBD_StdEPReq
                0x000000000800f8e4      0x206 build/usbd_ctlreq.o
                0x000000000800f8e4                USBD_StdEPReq
 .text.USBD_GetString
                0x000000000800faea       0x38 build/usbd_ctlreq.o
                0x000000000800faea                USBD_GetString
 .text.USBD_CtlSendData
                0x000000000800fb22       0x1a build/usbd_ioreq.o
                0x000000000800fb22                USBD_CtlSendData
 .text.USBD_CtlContinueSendData
                0x000000000800fb3c       0x10 build/usbd_ioreq.o
                0x000000000800fb3c                USBD_CtlContinueSendData
 .text.USBD_CtlPrepareRx
                0x000000000800fb4c       0x1e build/usbd_ioreq.o
                0x000000000800fb4c                USBD_CtlPrepareRx
 .text.USBD_CtlContinueRx
                0x000000000800fb6a       0x10 build/usbd_ioreq.o
                0x000000000800fb6a                USBD_CtlContinueRx
 .text.USBD_CtlSendStatus
                0x000000000800fb7a       0x16 build/usbd_ioreq.o
                0x000000000800fb7a                USBD_CtlSendStatus
 .text.USBD_CtlReceiveStatus
                0x000000000800fb90       0x16 build/usbd_ioreq.o
                0x000000000800fb90                USBD_CtlReceiveStatus
 .text.CDC_DeInit_FS
                0x000000000800fba6        0x4 build/usbd_cdc_if.o
 .text.CDC_Control_FS
                0x000000000800fbaa        0x4 build/usbd_cdc_if.o
 .text.CDC_TransmitCplt_FS
                0x000000000800fbae        0x4 build/usbd_cdc_if.o
 *fill*         0x000000000800fbb2        0x2 
 .text.CDC_Receive_FS
                0x000000000800fbb4       0x1c build/usbd_cdc_if.o
 .text.CDC_Init_FS
                0x000000000800fbd0       0x28 build/usbd_cdc_if.o
 .text.CDC_Transmit_FS
                0x000000000800fbf8       0x2c build/usbd_cdc_if.o
                0x000000000800fbf8                CDC_Transmit_FS
 .text.USBD_CDC_EP0_RxReady
                0x000000000800fc24       0x36 build/usbd_cdc.o
 *fill*         0x000000000800fc5a        0x2 
 .text.USBD_CDC_GetFSCfgDesc
                0x000000000800fc5c        0xc build/usbd_cdc.o
 .text.USBD_CDC_GetHSCfgDesc
                0x000000000800fc68        0xc build/usbd_cdc.o
 .text.USBD_CDC_GetOtherSpeedCfgDesc
                0x000000000800fc74        0xc build/usbd_cdc.o
 .text.USBD_CDC_GetDeviceQualifierDescriptor
                0x000000000800fc80        0xc build/usbd_cdc.o
                0x000000000800fc80                USBD_CDC_GetDeviceQualifierDescriptor
 .text.USBD_CDC_DataOut
                0x000000000800fc8c       0x2a build/usbd_cdc.o
 .text.USBD_CDC_DataIn
                0x000000000800fcb6       0x6a build/usbd_cdc.o
 .text.USBD_CDC_Setup
                0x000000000800fd20       0xfc build/usbd_cdc.o
 .text.USBD_CDC_DeInit
                0x000000000800fe1c       0x48 build/usbd_cdc.o
 .text.USBD_CDC_Init
                0x000000000800fe64       0xc2 build/usbd_cdc.o
 .text.USBD_CDC_RegisterInterface
                0x000000000800ff26        0xe build/usbd_cdc.o
                0x000000000800ff26                USBD_CDC_RegisterInterface
 .text.USBD_CDC_SetTxBuffer
                0x000000000800ff34       0x16 build/usbd_cdc.o
                0x000000000800ff34                USBD_CDC_SetTxBuffer
 .text.USBD_CDC_SetRxBuffer
                0x000000000800ff4a       0x12 build/usbd_cdc.o
                0x000000000800ff4a                USBD_CDC_SetRxBuffer
 .text.USBD_CDC_TransmitPacket
                0x000000000800ff5c       0x34 build/usbd_cdc.o
                0x000000000800ff5c                USBD_CDC_TransmitPacket
 .text.USBD_CDC_ReceivePacket
                0x000000000800ff90       0x32 build/usbd_cdc.o
                0x000000000800ff90                USBD_CDC_ReceivePacket
 *fill*         0x000000000800ffc2        0x2 
 .text.MX_DMA_Init
                0x000000000800ffc4       0x54 build/dma.o
                0x000000000800ffc4                MX_DMA_Init
 .text.sensor_type_2_android_sensor
                0x0000000008010018       0x70 build/ICM_20948_C.o
 .text.ICM_20948_link_serif
                0x0000000008010088       0x12 build/ICM_20948_C.o
                0x0000000008010088                ICM_20948_link_serif
 .text.ICM_20948_execute_w
                0x000000000801009a       0x1a build/ICM_20948_C.o
                0x000000000801009a                ICM_20948_execute_w
 .text.ICM_20948_execute_r
                0x00000000080100b4       0x1a build/ICM_20948_C.o
                0x00000000080100b4                ICM_20948_execute_r
 .text.ICM_20948_set_bank
                0x00000000080100ce       0x32 build/ICM_20948_C.o
                0x00000000080100ce                ICM_20948_set_bank
 .text.ICM_20948_i2c_controller_periph4_txn
                0x0000000008010100      0x142 build/ICM_20948_C.o
                0x0000000008010100                ICM_20948_i2c_controller_periph4_txn
 .text.ICM_20948_i2c_master_single_w
                0x0000000008010242       0x16 build/ICM_20948_C.o
                0x0000000008010242                ICM_20948_i2c_master_single_w
 .text.ICM_20948_i2c_master_single_r
                0x0000000008010258       0x14 build/ICM_20948_C.o
                0x0000000008010258                ICM_20948_i2c_master_single_r
 .text.ICM_20948_sw_reset
                0x000000000801026c       0x3e build/ICM_20948_C.o
                0x000000000801026c                ICM_20948_sw_reset
 .text.ICM_20948_sleep
                0x00000000080102aa       0x4e build/ICM_20948_C.o
                0x00000000080102aa                ICM_20948_sleep
 .text.ICM_20948_low_power
                0x00000000080102f8       0x4e build/ICM_20948_C.o
                0x00000000080102f8                ICM_20948_low_power
 .text.ICM_20948_set_clock_source
                0x0000000008010346       0x40 build/ICM_20948_C.o
                0x0000000008010346                ICM_20948_set_clock_source
 .text.ICM_20948_get_who_am_i
                0x0000000008010386       0x20 build/ICM_20948_C.o
                0x0000000008010386                ICM_20948_get_who_am_i
 .text.ICM_20948_check_id
                0x00000000080103a6       0x28 build/ICM_20948_C.o
                0x00000000080103a6                ICM_20948_check_id
 .text.ICM_20948_int_enable
                0x00000000080103ce      0x1ce build/ICM_20948_C.o
                0x00000000080103ce                ICM_20948_int_enable
 .text.ICM_20948_set_sample_mode
                0x000000000801059c       0x7e build/ICM_20948_C.o
                0x000000000801059c                ICM_20948_set_sample_mode
 .text.ICM_20948_set_full_scale
                0x000000000801061a       0x9c build/ICM_20948_C.o
                0x000000000801061a                ICM_20948_set_full_scale
 .text.ICM_20948_set_sample_rate
                0x00000000080106b6       0x8a build/ICM_20948_C.o
                0x00000000080106b6                ICM_20948_set_sample_rate
 .text.ICM_20948_i2c_master_passthrough
                0x0000000008010740       0x46 build/ICM_20948_C.o
                0x0000000008010740                ICM_20948_i2c_master_passthrough
 .text.ICM_20948_i2c_master_enable
                0x0000000008010786       0xaa build/ICM_20948_C.o
                0x0000000008010786                ICM_20948_i2c_master_enable
 .text.ICM_20948_i2c_master_reset
                0x0000000008010830       0x44 build/ICM_20948_C.o
                0x0000000008010830                ICM_20948_i2c_master_reset
 .text.ICM_20948_i2c_controller_configure_peripheral
                0x0000000008010874       0xe6 build/ICM_20948_C.o
                0x0000000008010874                ICM_20948_i2c_controller_configure_peripheral
 .text.ICM_20948_enable_FIFO
                0x000000000801095a       0x56 build/ICM_20948_C.o
                0x000000000801095a                ICM_20948_enable_FIFO
 .text.ICM_20948_reset_FIFO
                0x00000000080109b0       0x64 build/ICM_20948_C.o
                0x00000000080109b0                ICM_20948_reset_FIFO
 .text.ICM_20948_enable_DMP
                0x0000000008010a14       0x56 build/ICM_20948_C.o
                0x0000000008010a14                ICM_20948_enable_DMP
 .text.ICM_20948_reset_DMP
                0x0000000008010a6a       0x44 build/ICM_20948_C.o
                0x0000000008010a6a                ICM_20948_reset_DMP
 .text.ICM_20948_set_dmp_start_address
                0x0000000008010aae       0x3a build/ICM_20948_C.o
                0x0000000008010aae                ICM_20948_set_dmp_start_address
 .text.inv_icm20948_write_mems
                0x0000000008010ae8       0x90 build/ICM_20948_C.o
                0x0000000008010ae8                inv_icm20948_write_mems
 .text.inv_icm20948_read_mems
                0x0000000008010b78       0x90 build/ICM_20948_C.o
                0x0000000008010b78                inv_icm20948_read_mems
 .text.inv_icm20948_firmware_load
                0x0000000008010c08       0xf0 build/ICM_20948_C.o
                0x0000000008010c08                inv_icm20948_firmware_load
 .text.ICM_20948_firmware_load
                0x0000000008010cf8       0x14 build/ICM_20948_C.o
                0x0000000008010cf8                ICM_20948_firmware_load
 .text.inv_icm20948_set_dmp_sensor_period
                0x0000000008010d0c      0x1c8 build/ICM_20948_C.o
                0x0000000008010d0c                inv_icm20948_set_dmp_sensor_period
 .text.inv_icm20948_enable_dmp_sensor
                0x0000000008010ed4      0x1e4 build/ICM_20948_C.o
                0x0000000008010ed4                inv_icm20948_enable_dmp_sensor
 .text.inv_icm20948_set_gyro_sf
                0x00000000080110b8       0xdc build/ICM_20948_C.o
                0x00000000080110b8                inv_icm20948_set_gyro_sf
 .text.ssd1306_WriteCommand
                0x0000000008011194       0x2c build/ssd1306.o
                0x0000000008011194                ssd1306_WriteCommand
 .text.ssd1306_WriteData
                0x00000000080111c0       0x28 build/ssd1306.o
                0x00000000080111c0                ssd1306_WriteData
 .text.ssd1306_Fill
                0x00000000080111e8       0x20 build/ssd1306.o
                0x00000000080111e8                ssd1306_Fill
 .text.ssd1306_UpdateScreen
                0x0000000008011208       0x38 build/ssd1306.o
                0x0000000008011208                ssd1306_UpdateScreen
 .text.ssd1306_DrawPixel
                0x0000000008011240       0x54 build/ssd1306.o
                0x0000000008011240                ssd1306_DrawPixel
 .text.ssd1306_WriteChar
                0x0000000008011294       0xb4 build/ssd1306.o
                0x0000000008011294                ssd1306_WriteChar
 .text.ssd1306_WriteString
                0x0000000008011348       0x30 build/ssd1306.o
                0x0000000008011348                ssd1306_WriteString
 .text.ssd1306_SetCursor
                0x0000000008011378        0xc build/ssd1306.o
                0x0000000008011378                ssd1306_SetCursor
 .text.ssd1306_SetContrast
                0x0000000008011384       0x12 build/ssd1306.o
                0x0000000008011384                ssd1306_SetContrast
 *fill*         0x0000000008011396        0x2 
 .text.ssd1306_SetDisplayOn
                0x0000000008011398       0x20 build/ssd1306.o
                0x0000000008011398                ssd1306_SetDisplayOn
 .text.ssd1306_Init
                0x00000000080113b8       0xc8 build/ssd1306.o
                0x00000000080113b8                ssd1306_Init
 .text.ms5637_write_command
                0x0000000008011480       0x34 build/ms5637.o
 .text.ms5637_read_eeprom_coeff
                0x00000000080114b4       0x58 build/ms5637.o
 .text.ms5637_read_eeprom
                0x000000000801150c       0x3c build/ms5637.o
 .text.ms5637_conversion_and_read_adc
                0x0000000008011548       0x88 build/ms5637.o
 .text.ms5637_is_connected
                0x00000000080115d0       0x28 build/ms5637.o
                0x00000000080115d0                ms5637_is_connected
 .text.ms5637_reset
                0x00000000080115f8        0xa build/ms5637.o
                0x00000000080115f8                ms5637_reset
 *fill*         0x0000000008011602        0x2 
 .text.ms5637_read_temperature_and_pressure
                0x0000000008011604      0x334 build/ms5637.o
                0x0000000008011604                ms5637_read_temperature_and_pressure
 .text.prv_parse_number
                0x0000000008011938       0x4e build/lwgps.o
 .text.prv_check_crc
                0x0000000008011986       0x8a build/lwgps.o
 .text.prv_parse_float_number
                0x0000000008011a10       0x24 build/lwgps.o
 .text.prv_parse_lat_long
                0x0000000008011a34       0x58 build/lwgps.o
 .text.prv_parse_term
                0x0000000008011a8c      0x33c build/lwgps.o
 .text.prv_copy_from_tmp_memory
                0x0000000008011dc8       0xe4 build/lwgps.o
 .text.lwgps_init
                0x0000000008011eac        0xe build/lwgps.o
                0x0000000008011eac                lwgps_init
 .text.lwgps_process
                0x0000000008011eba       0xd6 build/lwgps.o
                0x0000000008011eba                lwgps_process
 .text.lwrb_init
                0x0000000008011f90       0x3c build/lwrb.o
                0x0000000008011f90                lwrb_init
 .text.lwrb_get_free
                0x0000000008011fcc       0x4c build/lwrb.o
                0x0000000008011fcc                lwrb_get_free
 .text.lwrb_write
                0x0000000008012018       0xb8 build/lwrb.o
                0x0000000008012018                lwrb_write
 .text.lwrb_get_full
                0x00000000080120d0       0x4c build/lwrb.o
                0x00000000080120d0                lwrb_get_full
 .text.lwrb_read
                0x000000000801211c       0xb8 build/lwrb.o
                0x000000000801211c                lwrb_read
 .text.Reset_Handler
                0x00000000080121d4       0x50 build/startup_stm32g484xx.o
                0x00000000080121d4                Reset_Handler
 .text.Default_Handler
                0x0000000008012224        0x2 build/startup_stm32g484xx.o
                0x0000000008012224                RTC_Alarm_IRQHandler
                0x0000000008012224                EXTI2_IRQHandler
                0x0000000008012224                TIM8_TRG_COM_IRQHandler
                0x0000000008012224                TIM8_CC_IRQHandler
                0x0000000008012224                HRTIM1_Master_IRQHandler
                0x0000000008012224                SPI4_IRQHandler
                0x0000000008012224                FDCAN3_IT0_IRQHandler
                0x0000000008012224                TIM1_CC_IRQHandler
                0x0000000008012224                HRTIM1_FLT_IRQHandler
                0x0000000008012224                HRTIM1_TIMF_IRQHandler
                0x0000000008012224                USB_HP_IRQHandler
                0x0000000008012224                CORDIC_IRQHandler
                0x0000000008012224                HRTIM1_TIMD_IRQHandler
                0x0000000008012224                DMA2_Channel8_IRQHandler
                0x0000000008012224                EXTI3_IRQHandler
                0x0000000008012224                I2C3_ER_IRQHandler
                0x0000000008012224                EXTI0_IRQHandler
                0x0000000008012224                I2C2_EV_IRQHandler
                0x0000000008012224                FPU_IRQHandler
                0x0000000008012224                FDCAN1_IT1_IRQHandler
                0x0000000008012224                TIM1_UP_TIM16_IRQHandler
                0x0000000008012224                ADC1_2_IRQHandler
                0x0000000008012224                HRTIM1_TIME_IRQHandler
                0x0000000008012224                SPI1_IRQHandler
                0x0000000008012224                HRTIM1_TIMC_IRQHandler
                0x0000000008012224                TIM8_UP_IRQHandler
                0x0000000008012224                DMA2_Channel2_IRQHandler
                0x0000000008012224                DMA1_Channel4_IRQHandler
                0x0000000008012224                TIM20_TRG_COM_IRQHandler
                0x0000000008012224                USART3_IRQHandler
                0x0000000008012224                DMA1_Channel7_IRQHandler
                0x0000000008012224                UART5_IRQHandler
                0x0000000008012224                ADC3_IRQHandler
                0x0000000008012224                TIM4_IRQHandler
                0x0000000008012224                DMA2_Channel1_IRQHandler
                0x0000000008012224                QUADSPI_IRQHandler
                0x0000000008012224                I2C1_EV_IRQHandler
                0x0000000008012224                DMA1_Channel6_IRQHandler
                0x0000000008012224                UART4_IRQHandler
                0x0000000008012224                DMA2_Channel4_IRQHandler
                0x0000000008012224                TIM3_IRQHandler
                0x0000000008012224                RCC_IRQHandler
                0x0000000008012224                TIM20_UP_IRQHandler
                0x0000000008012224                DMA1_Channel1_IRQHandler
                0x0000000008012224                Default_Handler
                0x0000000008012224                DMA2_Channel7_IRQHandler
                0x0000000008012224                RTC_TAMP_LSECSS_IRQHandler
                0x0000000008012224                FMAC_IRQHandler
                0x0000000008012224                EXTI15_10_IRQHandler
                0x0000000008012224                DMA1_Channel8_IRQHandler
                0x0000000008012224                HRTIM1_TIMA_IRQHandler
                0x0000000008012224                TIM7_DAC_IRQHandler
                0x0000000008012224                FDCAN3_IT1_IRQHandler
                0x0000000008012224                TIM5_IRQHandler
                0x0000000008012224                UCPD1_IRQHandler
                0x0000000008012224                I2C3_EV_IRQHandler
                0x0000000008012224                EXTI9_5_IRQHandler
                0x0000000008012224                RTC_WKUP_IRQHandler
                0x0000000008012224                PVD_PVM_IRQHandler
                0x0000000008012224                SPI2_IRQHandler
                0x0000000008012224                ADC5_IRQHandler
                0x0000000008012224                DMA2_Channel5_IRQHandler
                0x0000000008012224                CRS_IRQHandler
                0x0000000008012224                DMA1_Channel5_IRQHandler
                0x0000000008012224                EXTI4_IRQHandler
                0x0000000008012224                RNG_IRQHandler
                0x0000000008012224                HRTIM1_TIMB_IRQHandler
                0x0000000008012224                TIM1_TRG_COM_TIM17_IRQHandler
                0x0000000008012224                FDCAN2_IT1_IRQHandler
                0x0000000008012224                ADC4_IRQHandler
                0x0000000008012224                WWDG_IRQHandler
                0x0000000008012224                I2C4_EV_IRQHandler
                0x0000000008012224                FDCAN2_IT0_IRQHandler
                0x0000000008012224                LPUART1_IRQHandler
                0x0000000008012224                DMA2_Channel6_IRQHandler
                0x0000000008012224                FDCAN1_IT0_IRQHandler
                0x0000000008012224                TIM2_IRQHandler
                0x0000000008012224                COMP7_IRQHandler
                0x0000000008012224                COMP1_2_3_IRQHandler
                0x0000000008012224                EXTI1_IRQHandler
                0x0000000008012224                AES_IRQHandler
                0x0000000008012224                USART2_IRQHandler
                0x0000000008012224                COMP4_5_6_IRQHandler
                0x0000000008012224                TIM20_BRK_IRQHandler
                0x0000000008012224                I2C2_ER_IRQHandler
                0x0000000008012224                TIM8_BRK_IRQHandler
                0x0000000008012224                FLASH_IRQHandler
                0x0000000008012224                TIM20_CC_IRQHandler
                0x0000000008012224                SPI3_IRQHandler
                0x0000000008012224                I2C1_ER_IRQHandler
                0x0000000008012224                FMC_IRQHandler
                0x0000000008012224                LPTIM1_IRQHandler
                0x0000000008012224                DMAMUX_OVR_IRQHandler
                0x0000000008012224                I2C4_ER_IRQHandler
                0x0000000008012224                USBWakeUp_IRQHandler
                0x0000000008012224                SAI1_IRQHandler
                0x0000000008012224                DMA2_Channel3_IRQHandler
                0x0000000008012224                TIM1_BRK_TIM15_IRQHandler
 .text.unlikely
                0x0000000008012226       0x38 /usr/lib/gcc/arm-none-eabi/7.3.1/../../../arm-none-eabi/lib/thumb/v7e-m/fpv4-sp/hard/libc_nano.a(lib_a-strtod.o)
 *(.glue_7)
 .glue_7        0x000000000801225e        0x0 linker stubs
 *(.glue_7t)
 .glue_7t       0x000000000801225e        0x0 linker stubs
 *(.eh_frame)
 *fill*         0x000000000801225e        0x2 
 .eh_frame      0x0000000008012260        0x0 /usr/lib/gcc/arm-none-eabi/7.3.1/thumb/v7e-m/fpv4-sp/hard/crtbegin.o
 *(.init)
 .init          0x0000000008012260        0x4 /usr/lib/gcc/arm-none-eabi/7.3.1/thumb/v7e-m/fpv4-sp/hard/crti.o
                0x0000000008012260                _init
 .init          0x0000000008012264        0x8 /usr/lib/gcc/arm-none-eabi/7.3.1/thumb/v7e-m/fpv4-sp/hard/crtn.o
 *(.fini)
 .fini          0x000000000801226c        0x4 /usr/lib/gcc/arm-none-eabi/7.3.1/thumb/v7e-m/fpv4-sp/hard/crti.o
                0x000000000801226c                _fini
 .fini          0x0000000008012270        0x8 /usr/lib/gcc/arm-none-eabi/7.3.1/thumb/v7e-m/fpv4-sp/hard/crtn.o
                0x0000000008012278                . = ALIGN (0x4)
                0x0000000008012278                _etext = .

.vfp11_veneer   0x0000000008012278        0x0
 .vfp11_veneer  0x0000000008012278        0x0 linker stubs

.v4_bx          0x0000000008012278        0x0
 .v4_bx         0x0000000008012278        0x0 linker stubs

.iplt           0x0000000008012278        0x0
 .iplt          0x0000000008012278        0x0 /usr/lib/gcc/arm-none-eabi/7.3.1/thumb/v7e-m/fpv4-sp/hard/crtbegin.o

.rodata         0x0000000008012278     0x5130
                0x0000000008012278                . = ALIGN (0x4)
 *(.rodata)
 .rodata        0x0000000008012278       0x14 build/main.o
 *fill*         0x000000000801228c        0x4 
 .rodata        0x0000000008012290       0x50 /usr/lib/gcc/arm-none-eabi/7.3.1/../../../arm-none-eabi/lib/thumb/v7e-m/fpv4-sp/hard/libc_nano.a(lib_a-strtod.o)
 .rodata        0x00000000080122e0      0x100 /usr/lib/gcc/arm-none-eabi/7.3.1/../../../arm-none-eabi/lib/thumb/v7e-m/fpv4-sp/hard/libc_nano.a(lib_a-gdtoa-gethex.o)
                0x00000000080122e0                __hexdig
 .rodata        0x00000000080123e0        0xc /usr/lib/gcc/arm-none-eabi/7.3.1/../../../arm-none-eabi/lib/thumb/v7e-m/fpv4-sp/hard/libc_nano.a(lib_a-lnumeric.o)
                0x00000000080123e0                _C_numeric_locale
 *fill*         0x00000000080123ec        0x4 
 .rodata        0x00000000080123f0      0x128 /usr/lib/gcc/arm-none-eabi/7.3.1/../../../arm-none-eabi/lib/thumb/v7e-m/fpv4-sp/hard/libc_nano.a(lib_a-mprec.o)
                0x0000000008012400                __mprec_tens
                0x00000000080124c8                __mprec_tinytens
                0x00000000080124f0                __mprec_bigtens
 .rodata        0x0000000008012518      0x101 /usr/lib/gcc/arm-none-eabi/7.3.1/../../../arm-none-eabi/lib/thumb/v7e-m/fpv4-sp/hard/libc_nano.a(lib_a-ctype_.o)
                0x0000000008012518                _ctype_
 *(.rodata*)
 *fill*         0x0000000008012619        0x3 
 .rodata.main.str1.4
                0x000000000801261c      0xc76 build/main.o
 *fill*         0x0000000008013292        0x2 
 .rodata.mySerif
                0x0000000008013294        0xc build/main.o
                0x0000000008013294                mySerif
 .rodata.AHBPrescTable
                0x00000000080132a0       0x10 build/system_stm32g4xx.o
                0x00000000080132a0                AHBPrescTable
 .rodata.APBPrescTable
                0x00000000080132b0        0x8 build/system_stm32g4xx.o
                0x00000000080132b0                APBPrescTable
 .rodata.UARTPrescTable
                0x00000000080132b8       0x18 build/stm32g4xx_hal_uart.o
                0x00000000080132b8                UARTPrescTable
 .rodata.denominator.10654
                0x00000000080132d0        0x8 build/stm32g4xx_hal_uart_ex.o
 .rodata.numerator.10653
                0x00000000080132d8        0x8 build/stm32g4xx_hal_uart_ex.o
 .rodata.USBD_CDC_ConfigStrDescriptor.str1.4
                0x00000000080132e0        0xb build/usbd_desc.o
 *fill*         0x00000000080132eb        0x1 
 .rodata.USBD_CDC_InterfaceStrDescriptor.str1.4
                0x00000000080132ec        0xe build/usbd_desc.o
 *fill*         0x00000000080132fa        0x2 
 .rodata.USBD_CDC_ManufacturerStrDescriptor.str1.4
                0x00000000080132fc       0x13 build/usbd_desc.o
 *fill*         0x000000000801330f        0x1 
 .rodata.USBD_CDC_ProductStrDescriptor.str1.4
                0x0000000008013310       0x16 build/usbd_desc.o
 *fill*         0x0000000008013326        0x2 
 .rodata.dmp3_image
                0x0000000008013328     0x37dd build/ICM_20948_C.o
                0x0000000008013328                dmp3_image
 *fill*         0x0000000008016b05        0x3 
 .rodata.inv_androidSensor_to_control_bits
                0x0000000008016b08       0x58 build/ICM_20948_C.o
                0x0000000008016b08                inv_androidSensor_to_control_bits
 .rodata.Font7x10
                0x0000000008016b60      0x76c build/ssd1306_fonts.o
 .rodata.conversion_time
                0x00000000080172cc       0x18 build/ms5637.o
 .rodata.prv_parse_term.str1.4
                0x00000000080172e4       0x3f build/lwgps.o
 *fill*         0x0000000008017323        0x1 
 .rodata.str1.4
                0x0000000008017324       0x12 /usr/lib/gcc/arm-none-eabi/7.3.1/../../../arm-none-eabi/lib/thumb/v7e-m/fpv4-sp/hard/libc_nano.a(lib_a-nano-vfprintf_float.o)
 *fill*         0x0000000008017336        0x2 
 .rodata.str1.4
                0x0000000008017338       0x25 /usr/lib/gcc/arm-none-eabi/7.3.1/../../../arm-none-eabi/lib/thumb/v7e-m/fpv4-sp/hard/libc_nano.a(lib_a-nano-vfprintf_i.o)
 *fill*         0x000000000801735d        0x3 
 .rodata.str1.4
                0x0000000008017360        0xf /usr/lib/gcc/arm-none-eabi/7.3.1/../../../arm-none-eabi/lib/thumb/v7e-m/fpv4-sp/hard/libc_nano.a(lib_a-strtod.o)
                                         0x11 (size before relaxing)
 *fill*         0x000000000801736f        0x1 
 .rodata.str1.4
                0x0000000008017370       0x10 /usr/lib/gcc/arm-none-eabi/7.3.1/../../../arm-none-eabi/lib/thumb/v7e-m/fpv4-sp/hard/libc_nano.a(lib_a-dtoa.o)
                                         0x12 (size before relaxing)
 .rodata.str1.4
                0x0000000008017380        0x2 /usr/lib/gcc/arm-none-eabi/7.3.1/../../../arm-none-eabi/lib/thumb/v7e-m/fpv4-sp/hard/libc_nano.a(lib_a-lnumeric.o)
                                          0x5 (size before relaxing)
 *fill*         0x0000000008017382        0x2 
 .rodata.str1.4
                0x0000000008017384        0xa /usr/lib/gcc/arm-none-eabi/7.3.1/../../../arm-none-eabi/lib/thumb/v7e-m/fpv4-sp/hard/libc_nano.a(lib_a-locale.o)
                                         0x12 (size before relaxing)
 *fill*         0x000000000801738e        0x2 
 .rodata.str1.4
                0x0000000008017390       0x13 /usr/lib/gcc/arm-none-eabi/7.3.1/../../../arm-none-eabi/lib/thumb/v7e-m/fpv4-sp/hard/libc_nano.a(lib_a-nano-svfprintf.o)
 *fill*         0x00000000080173a3        0x1 
 .rodata.str1.4
                0x00000000080173a4        0x4 /usr/lib/gcc/arm-none-eabi/7.3.1/../../../arm-none-eabi/lib/thumb/v7e-m/fpv4-sp/hard/libm.a(lib_a-w_log.o)
                                          0x5 (size before relaxing)
                0x00000000080173a8                . = ALIGN (0x4)

.ARM.extab
 *(.ARM.extab* .gnu.linkonce.armextab.*)

.ARM            0x00000000080173a8        0x8
                0x00000000080173a8                __exidx_start = .
 *(.ARM.exidx*)
 .ARM.exidx     0x00000000080173a8        0x8 /usr/lib/gcc/arm-none-eabi/7.3.1/thumb/v7e-m/fpv4-sp/hard/libgcc.a(_udivmoddi4.o)
                0x00000000080173b0                __exidx_end = .

.rel.dyn        0x00000000080173b0        0x0
 .rel.iplt      0x00000000080173b0        0x0 /usr/lib/gcc/arm-none-eabi/7.3.1/thumb/v7e-m/fpv4-sp/hard/crtbegin.o

.preinit_array  0x00000000080173b0        0x0
                0x00000000080173b0                PROVIDE (__preinit_array_start = .)
 *(.preinit_array*)
                0x00000000080173b0                PROVIDE (__preinit_array_end = .)

.init_array     0x00000000080173b0        0x4
                0x00000000080173b0                PROVIDE (__init_array_start = .)
 *(SORT_BY_NAME(.init_array.*))
 *(.init_array*)
 .init_array    0x00000000080173b0        0x4 /usr/lib/gcc/arm-none-eabi/7.3.1/thumb/v7e-m/fpv4-sp/hard/crtbegin.o
                0x00000000080173b4                PROVIDE (__init_array_end = .)

.fini_array     0x00000000080173b4        0x4
                0x00000000080173b4                PROVIDE (__fini_array_start = .)
 *(SORT_BY_NAME(.fini_array.*))
 *(.fini_array*)
 .fini_array    0x00000000080173b4        0x4 /usr/lib/gcc/arm-none-eabi/7.3.1/thumb/v7e-m/fpv4-sp/hard/crtbegin.o
                0x00000000080173b8                PROVIDE (__fini_array_end = .)
                0x00000000080173b8                _sidata = LOADADDR (.data)

.data           0x0000000020000000      0x378 load address 0x00000000080173b8
                0x0000000020000000                . = ALIGN (0x4)
                0x0000000020000000                _sdata = .
 *(.data)
 .data          0x0000000020000000       0x64 /usr/lib/gcc/arm-none-eabi/7.3.1/../../../arm-none-eabi/lib/thumb/v7e-m/fpv4-sp/hard/libc_nano.a(lib_a-impure.o)
                0x0000000020000000                _impure_ptr
 .data          0x0000000020000064        0x2 /usr/lib/gcc/arm-none-eabi/7.3.1/../../../arm-none-eabi/lib/thumb/v7e-m/fpv4-sp/hard/libc_nano.a(lib_a-lnumeric.o)
 *fill*         0x0000000020000066        0x2 
 .data          0x0000000020000068      0x16c /usr/lib/gcc/arm-none-eabi/7.3.1/../../../arm-none-eabi/lib/thumb/v7e-m/fpv4-sp/hard/libc_nano.a(lib_a-locale.o)
                0x0000000020000068                __global_locale
 .data          0x00000000200001d4        0x1 /usr/lib/gcc/arm-none-eabi/7.3.1/../../../arm-none-eabi/lib/thumb/v7e-m/fpv4-sp/hard/libm.a(lib_a-s_lib_ver.o)
                0x00000000200001d4                __fdlib_version
 *(.data*)
 .data.Stat     0x00000000200001d5        0x1 build/user_diskio_spi.o
 *fill*         0x00000000200001d6        0x2 
 .data.uwTickFreq
                0x00000000200001d8        0x4 build/stm32g4xx_hal.o
                0x00000000200001d8                uwTickFreq
 .data.uwTickPrio
                0x00000000200001dc        0x4 build/stm32g4xx_hal.o